Component: ARM Compiler 5.06 update 7 (build 960) Tool: armlink [4d3601]

==============================================================================

Section Cross References

    startup_stm32f103xe.o(STACK) refers (Special) to heapauxi.o(.text) for __use_two_region_memory
    startup_stm32f103xe.o(HEAP) refers (Special) to heapauxi.o(.text) for __use_two_region_memory
    startup_stm32f103xe.o(RESET) refers (Special) to heapauxi.o(.text) for __use_two_region_memory
    startup_stm32f103xe.o(RESET) refers to startup_stm32f103xe.o(STACK) for __initial_sp
    startup_stm32f103xe.o(RESET) refers to startup_stm32f103xe.o(.text) for Reset_Handler
    startup_stm32f103xe.o(RESET) refers to stm32f1xx_it.o(i.NMI_Handler) for NMI_Handler
    startup_stm32f103xe.o(RESET) refers to stm32f1xx_it.o(i.HardFault_Handler) for HardFault_Handler
    startup_stm32f103xe.o(RESET) refers to stm32f1xx_it.o(i.MemManage_Handler) for MemManage_Handler
    startup_stm32f103xe.o(RESET) refers to stm32f1xx_it.o(i.BusFault_Handler) for BusFault_Handler
    startup_stm32f103xe.o(RESET) refers to stm32f1xx_it.o(i.UsageFault_Handler) for UsageFault_Handler
    startup_stm32f103xe.o(RESET) refers to stm32f1xx_it.o(i.SVC_Handler) for SVC_Handler
    startup_stm32f103xe.o(RESET) refers to stm32f1xx_it.o(i.DebugMon_Handler) for DebugMon_Handler
    startup_stm32f103xe.o(RESET) refers to stm32f1xx_it.o(i.PendSV_Handler) for PendSV_Handler
    startup_stm32f103xe.o(RESET) refers to stm32f1xx_it.o(i.SysTick_Handler) for SysTick_Handler
    startup_stm32f103xe.o(RESET) refers to stm32f1xx_it.o(i.DMA1_Channel6_IRQHandler) for DMA1_Channel6_IRQHandler
    startup_stm32f103xe.o(RESET) refers to stm32f1xx_it.o(i.DMA1_Channel7_IRQHandler) for DMA1_Channel7_IRQHandler
    startup_stm32f103xe.o(RESET) refers to stm32f1xx_it.o(i.USART2_IRQHandler) for USART2_IRQHandler
    startup_stm32f103xe.o(.text) refers (Special) to heapauxi.o(.text) for __use_two_region_memory
    startup_stm32f103xe.o(.text) refers to system_stm32f1xx.o(i.SystemInit) for SystemInit
    startup_stm32f103xe.o(.text) refers to __main.o(!!!main) for __main
    startup_stm32f103xe.o(.text) refers to startup_stm32f103xe.o(HEAP) for Heap_Mem
    startup_stm32f103xe.o(.text) refers to startup_stm32f103xe.o(STACK) for Stack_Mem
    zcrypt.o(i.AES_CBC_decrypt_buffer) refers to rt_memcpy_v6.o(.text) for __aeabi_memcpy
    zcrypt.o(i.AES_CBC_decrypt_buffer) refers to zcrypt.o(i.InvCipher) for InvCipher
    zcrypt.o(i.AES_CBC_decrypt_buffer) refers to zcrypt.o(i.XorWithIv) for XorWithIv
    zcrypt.o(i.AES_CBC_encrypt_buffer) refers to zcrypt.o(i.XorWithIv) for XorWithIv
    zcrypt.o(i.AES_CBC_encrypt_buffer) refers to zcrypt.o(i.Cipher) for Cipher
    zcrypt.o(i.AES_CBC_encrypt_buffer) refers to rt_memcpy_v6.o(.text) for __aeabi_memcpy
    zcrypt.o(i.AES_ctx_set_iv) refers to rt_memcpy_v6.o(.text) for __aeabi_memcpy
    zcrypt.o(i.AES_init_ctx) refers to zcrypt.o(i.KeyExpansion) for KeyExpansion
    zcrypt.o(i.AES_init_ctx_iv) refers to zcrypt.o(i.KeyExpansion) for KeyExpansion
    zcrypt.o(i.AES_init_ctx_iv) refers to rt_memcpy_v6.o(.text) for __aeabi_memcpy
    zcrypt.o(i.Cipher) refers to zcrypt.o(i.AddRoundKey) for AddRoundKey
    zcrypt.o(i.Cipher) refers to zcrypt.o(i.MixColumns) for MixColumns
    zcrypt.o(i.Cipher) refers to zcrypt.o(.constdata) for .constdata
    zcrypt.o(i.InvCipher) refers to zcrypt.o(i.AddRoundKey) for AddRoundKey
    zcrypt.o(i.InvCipher) refers to zcrypt.o(i.InvMixColumns) for InvMixColumns
    zcrypt.o(i.InvCipher) refers to zcrypt.o(.constdata) for .constdata
    zcrypt.o(i.InvMixColumns) refers to zcrypt.o(i.xtime) for xtime
    zcrypt.o(i.KeyExpansion) refers to zcrypt.o(.constdata) for .constdata
    zcrypt.o(i.pkcs7_pad) refers to aeabi_memset.o(.text) for __aeabi_memset
    sim.o(i.simreset) refers to stm32f1xx_hal_iwdg.o(i.HAL_IWDG_Refresh) for HAL_IWDG_Refresh
    sim.o(i.simreset) refers to stm32f1xx_hal_gpio.o(i.HAL_GPIO_WritePin) for HAL_GPIO_WritePin
    sim.o(i.simreset) refers to stm32f1xx_hal.o(i.HAL_Delay) for HAL_Delay
    sim.o(i.simreset) refers to main.o(.bss) for hiwdg
    sim.o(i.simsend) refers to sim.o(i.uart_sendstring_device) for uart_sendstring_device
    sim.o(i.simsend) refers to stm32f1xx_hal.o(i.HAL_GetTick) for HAL_GetTick
    sim.o(i.simsend) refers to strstr.o(.text) for strstr
    sim.o(i.simsend) refers to strlen.o(.text) for strlen
    sim.o(i.simsend) refers to rt_memclr.o(.text) for __aeabi_memclr
    sim.o(i.simsend) refers to strcpy.o(.text) for strcpy
    sim.o(i.simsend) refers to strcat.o(.text) for strcat
    sim.o(i.simsend) refers to stm32f1xx_hal_uart.o(i.HAL_UART_Transmit_DMA) for HAL_UART_Transmit_DMA
    sim.o(i.simsend) refers to main.o(.bss) for gMainBuf
    sim.o(i.simsend) refers to main.o(.bss) for gTxBuf
    sim.o(i.simstart) refers to sim.o(i.simreset) for simreset
    sim.o(i.simstart) refers to sim.o(i.uart_sendstring_device) for uart_sendstring_device
[...]
    DMA2_Channel3_IRQHandler                 0x0800020b   Thumb Code     0  startup_stm32f103xe.o(.text)
    DMA2_Channel4_5_IRQHandler               0x0800020b   Thumb Code     0  startup_stm32f103xe.o(.text)
    EXTI0_IRQHandler                         0x0800020b   Thumb Code     0  startup_stm32f103xe.o(.text)
    EXTI15_10_IRQHandler                     0x0800020b   Thumb Code     0  startup_stm32f103xe.o(.text)
    EXTI1_IRQHandler                         0x0800020b   Thumb Code     0  startup_stm32f103xe.o(.text)
    EXTI2_IRQHandler                         0x0800020b   Thumb Code     0  startup_stm32f103xe.o(.text)
    EXTI3_IRQHandler                         0x0800020b   Thumb Code     0  startup_stm32f103xe.o(.text)
    EXTI4_IRQHandler                         0x0800020b   Thumb Code     0  startup_stm32f103xe.o(.text)
    EXTI9_5_IRQHandler                       0x0800020b   Thumb Code     0  startup_stm32f103xe.o(.text)
    FLASH_IRQHandler                         0x0800020b   Thumb Code     0  startup_stm32f103xe.o(.text)
    FSMC_IRQHandler                          0x0800020b   Thumb Code     0  startup_stm32f103xe.o(.text)
    I2C1_ER_IRQHandler                       0x0800020b   Thumb Code     0  startup_stm32f103xe.o(.text)
    I2C1_EV_IRQHandler                       0x0800020b   Thumb Code     0  startup_stm32f103xe.o(.text)
    I2C2_ER_IRQHandler                       0x0800020b   Thumb Code     0  startup_stm32f103xe.o(.text)
    I2C2_EV_IRQHandler                       0x0800020b   Thumb Code     0  startup_stm32f103xe.o(.text)
    PVD_IRQHandler                           0x0800020b   Thumb Code     0  startup_stm32f103xe.o(.text)
    RCC_IRQHandler                           0x0800020b   Thumb Code     0  startup_stm32f103xe.o(.text)
    RTC_Alarm_IRQHandler                     0x0800020b   Thumb Code     0  startup_stm32f103xe.o(.text)
    RTC_IRQHandler                           0x0800020b   Thumb Code     0  startup_stm32f103xe.o(.text)
    SDIO_IRQHandler                          0x0800020b   Thumb Code     0  startup_stm32f103xe.o(.text)
    SPI1_IRQHandler                          0x0800020b   Thumb Code     0  startup_stm32f103xe.o(.text)
    SPI2_IRQHandler                          0x0800020b   Thumb Code     0  startup_stm32f103xe.o(.text)
    SPI3_IRQHandler                          0x0800020b   Thumb Code     0  startup_stm32f103xe.o(.text)
    TAMPER_IRQHandler                        0x0800020b   Thumb Code     0  startup_stm32f103xe.o(.text)
    TIM1_BRK_IRQHandler                      0x0800020b   Thumb Code     0  startup_stm32f103xe.o(.text)
    TIM1_CC_IRQHandler                       0x0800020b   Thumb Code     0  startup_stm32f103xe.o(.text)
    TIM1_TRG_COM_IRQHandler                  0x0800020b   Thumb Code     0  startup_stm32f103xe.o(.text)
    TIM1_UP_IRQHandler                       0x0800020b   Thumb Code     0  startup_stm32f103xe.o(.text)
    TIM2_IRQHandler                          0x0800020b   Thumb Code     0  startup_stm32f103xe.o(.text)
    TIM3_IRQHandler                          0x0800020b   Thumb Code     0  startup_stm32f103xe.o(.text)
    TIM4_IRQHandler                          0x0800020b   Thumb Code     0  startup_stm32f103xe.o(.text)
    TIM5_IRQHandler                          0x0800020b   Thumb Code     0  startup_stm32f103xe.o(.text)
    TIM6_IRQHandler                          0x0800020b   Thumb Code     0  startup_stm32f103xe.o(.text)
    TIM7_IRQHandler                          0x0800020b   Thumb Code     0  startup_stm32f103xe.o(.text)
    TIM8_BRK_IRQHandler                      0x0800020b   Thumb Code     0  startup_stm32f103xe.o(.text)
    TIM8_CC_IRQHandler                       0x0800020b   Thumb Code     0  startup_stm32f103xe.o(.text)
    TIM8_TRG_COM_IRQHandler                  0x0800020b   Thumb Code     0  startup_stm32f103xe.o(.text)
    TIM8_UP_IRQHandler                       0x0800020b   Thumb Code     0  startup_stm32f103xe.o(.text)
    UART4_IRQHandler                         0x0800020b   Thumb Code     0  startup_stm32f103xe.o(.text)
    UART5_IRQHandler                         0x0800020b   Thumb Code     0  startup_stm32f103xe.o(.text)
    USART1_IRQHandler                        0x0800020b   Thumb Code     0  startup_stm32f103xe.o(.text)
    USART3_IRQHandler                        0x0800020b   Thumb Code     0  startup_stm32f103xe.o(.text)
    USBWakeUp_IRQHandler                     0x0800020b   Thumb Code     0  startup_stm32f103xe.o(.text)
    USB_HP_CAN1_TX_IRQHandler                0x0800020b   Thumb Code     0  startup_stm32f103xe.o(.text)
    USB_LP_CAN1_RX0_IRQHandler               0x0800020b   Thumb Code     0  startup_stm32f103xe.o(.text)
    WWDG_IRQHandler                          0x0800020b   Thumb Code     0  startup_stm32f103xe.o(.text)
    __user_initial_stackheap                 0x0800020d   Thumb Code     0  startup_stm32f103xe.o(.text)
    __aeabi_llsr                             0x08000231   Thumb Code     0  llushr.o(.text)
    _ll_ushift_r                             0x08000231   Thumb Code    38  llushr.o(.text)
    __2printf                                0x08000259   Thumb Code    20  noretval__2printf.o(.text)
    __2sprintf                               0x08000271   Thumb Code    34  noretval__2sprintf.o(.text)
    _printf_pre_padding                      0x08000299   Thumb Code    44  _printf_pad.o(.text)
    _printf_post_padding                     0x080002c5   Thumb Code    34  _printf_pad.o(.text)
    _printf_str                              0x080002e7   Thumb Code    82  _printf_str.o(.text)
    _printf_int_dec                          0x08000339   Thumb Code   104  _printf_dec.o(.text)
    _printf_int_hex                          0x080003b1   Thumb Code    84  _printf_hex_int.o(.text)
    _printf_longlong_hex                     0x080003b1   Thumb Code     0  _printf_hex_int.o(.text)
    __printf                                 0x08000409   Thumb Code   308  __printf_flags_wp.o(.text)
    strstr                                   0x08000541   Thumb Code    36  strstr.o(.text)
    strcpy                                   0x08000565   Thumb Code    72  strcpy.o(.text)
    strlen                                   0x080005ad   Thumb Code    62  strlen.o(.text)
    strcat                                   0x080005eb   Thumb Code    24  strcat.o(.text)
    __aeabi_memcpy                           0x08000603   Thumb Code     0  rt_memcpy_v6.o(.text)
    __rt_memcpy                              0x08000603   Thumb Code   138  rt_memcpy_v6.o(.text)
    _memcpy_lastbytes                        0x08000669   Thumb Code     0  rt_memcpy_v6.o(.text)
    __aeabi_memcpy4                          0x0800068d   Thumb Code     0  rt_memcpy_w.o(.text)
    __aeabi_memcpy8                          0x0800068d   Thumb Code     0  rt_memcpy_w.o(.text)
    __rt_memcpy_w                            0x0800068d   Thumb Code   100  rt_memcpy_w.o(.text)
    _memcpy_lastbytes_aligned                0x080006d5   Thumb Code     0  rt_memcpy_w.o(.text)
    __aeabi_memclr                           0x080006f1   Thumb Code     0  rt_memclr.o(.text)
    __rt_memclr                              0x080006f1   Thumb Code    68  rt_memclr.o(.text)
    _memset                                  0x080006f5   Thumb Code     0  rt_memclr.o(.text)
    __aeabi_memclr4                          0x08000735   Thumb Code     0  rt_memclr_w.o(.text)
    __aeabi_memclr8                          0x08000735   Thumb Code     0  rt_memclr_w.o(.text)
    __rt_memclr_w                            0x08000735   Thumb Code    78  rt_memclr_w.o(.text)
    _memset_w                                0x08000739   Thumb Code     0  rt_memclr_w.o(.text)
    strcmp                                   0x08000785   Thumb Code   128  strcmpv7m.o(.text)
    __use_two_region_memory                  0x08000805   Thumb Code     2  heapauxi.o(.text)
    __rt_heap_escrow                         0x08000807   Thumb Code     2  heapauxi.o(.text)
    __rt_heap_expand                         0x08000809   Thumb Code     2  heapauxi.o(.text)
    _printf_int_common                       0x0800080b   Thumb Code   178  _printf_intcommon.o(.text)
    _printf_char_common                      0x080008c7   Thumb Code    32  _printf_char_common.o(.text)
    _sputc                                   0x080008ed   Thumb Code    10  _sputc.o(.text)
    _printf_cs_common                        0x080008f7   Thumb Code    20  _printf_char.o(.text)
    _printf_char                             0x0800090b   Thumb Code    16  _printf_char.o(.text)
    _printf_string                           0x0800091b   Thumb Code     8  _printf_char.o(.text)
    _printf_char_file                        0x08000925   Thumb Code    32  _printf_char_file.o(.text)
    ferror                                   0x08000949   Thumb Code     8  ferror.o(.text)
    _initio                                  0x08000951   Thumb Code   210  initio.o(.text)
    _terminateio                             0x08000a23   Thumb Code    56  initio.o(.text)
    __user_setup_stackheap                   0x08000a89   Thumb Code    74  sys_stackheap_outer.o(.text)
    free                                     0x08000ad3   Thumb Code    78  h1_free.o(.text)
    __flsbuf                                 0x08000b21   Thumb Code   470  flsbuf.o(.text)
    __flsbuf_byte                            0x08000b21   Thumb Code     0  flsbuf.o(.text)
    __flsbuf_wide                            0x08000b21   Thumb Code     0  flsbuf.o(.text)
    setvbuf                                  0x08000cf7   Thumb Code    70  setvbuf.o(.text)
    freopen                                  0x08000d3d   Thumb Code   158  fopen.o(.text)
    fopen                                    0x08000ddb   Thumb Code    74  fopen.o(.text)
    _fclose_internal                         0x08000e29   Thumb Code    76  fclose.o(.text)
    fclose                                   0x08000e29   Thumb Code     0  fclose.o(.text)
    exit                                     0x08000e75   Thumb Code    18  exit.o(.text)
    __rt_SIGRTRED                            0x08000e87   Thumb Code    14  defsig_rtred_outer.o(.text)
    __user_libspace                          0x08000e95   Thumb Code     8  libspace.o(.text)
    __user_perproc_libspace                  0x08000e95   Thumb Code     0  libspace.o(.text)
    __user_perthread_libspace                0x08000e95   Thumb Code     0  libspace.o(.text)
    __rt_heap_descriptor                     0x08000e9d   Thumb Code     8  rt_heap_descriptor_intlibspace.o(.text)
    __use_no_heap                            0x08000ea5   Thumb Code     2  hguard.o(.text)
    __heap$guard                             0x08000ea7   Thumb Code     2  hguard.o(.text)
    _terminate_user_alloc                    0x08000ea9   Thumb Code     2  init_alloc.o(.text)
    _init_user_alloc                         0x08000eab   Thumb Code     2  init_alloc.o(.text)
    __Heap_Full                              0x08000ead   Thumb Code    34  init_alloc.o(.text)
    __Heap_Broken                            0x08000ecf   Thumb Code     6  init_alloc.o(.text)
    _init_alloc                              0x08000ed5   Thumb Code    94  init_alloc.o(.text)
    malloc                                   0x08000f33   Thumb Code    94  h1_alloc.o(.text)
    _fseek                                   0x08000f91   Thumb Code   242  fseek.o(.text)
    fseek                                    0x08000f91   Thumb Code     0  fseek.o(.text)
    _seterr                                  0x08001089   Thumb Code    20  stdio.o(.text)
    _writebuf                                0x0800109d   Thumb Code    84  stdio.o(.text)
    _fflush                                  0x080010f1   Thumb Code    70  stdio.o(.text)
    _deferredlazyseek                        0x08001137   Thumb Code    60  stdio.o(.text)
    __sig_exit                               0x08001179   Thumb Code    10  defsig_exit.o(.text)
    __rt_SIGRTRED_inner                      0x08001185   Thumb Code    14  defsig_rtred_inner.o(.text)
    _sys_exit                                0x080011b9   Thumb Code     8  sys_exit.o(.text)
    __Heap_Initialize                        0x080011c5   Thumb Code    10  h1_init.o(.text)
    __Heap_DescSize                          0x080011cf   Thumb Code     4  h1_init.o(.text)
    __Heap_ProvideMemory                     0x080011d3   Thumb Code    52  h1_extend.o(.text)
    _ftell_internal                          0x08001207   Thumb Code    66  ftell.o(.text)
    ftell                                    0x08001207   Thumb Code     0  ftell.o(.text)
    __default_signal_display                 0x08001249   Thumb Code    50  defsig_general.o(.text)
    __rt_SIGRTMEM                            0x0800127b   Thumb Code    14  defsig_rtmem_outer.o(.text)
    _ttywrch                                 0x08001289   Thumb Code    14  sys_wrch.o(.text)
    __I$use$semihosting                      0x08001297   Thumb Code     0  use_no_semi.o(.text)
    __use_no_semihosting_swi                 0x08001297   Thumb Code     2  use_no_semi.o(.text)
    __aeabi_errno_addr                       0x08001299   Thumb Code     8  rt_errno_addr_intlibspace.o(.text)
    __errno$intlibspace                      0x08001299   Thumb Code     0  rt_errno_addr_intlibspace.o(.text)
    __rt_errno_addr$intlibspace              0x08001299   Thumb Code     0  rt_errno_addr_intlibspace.o(.text)
    __semihosting_library_function           0x08001299   Thumb Code     0  indicate_semi.o(.text)
    __rt_SIGRTMEM_inner                      0x080012a1   Thumb Code    22  defsig_rtmem_inner.o(.text)
    AES_CBC_decrypt_buffer                   0x080012f1   Thumb Code    66  zcrypt.o(i.AES_CBC_decrypt_buffer)
    AES_init_ctx_iv                          0x08001333   Thumb Code    26  zcrypt.o(i.AES_init_ctx_iv)
    BSP_SD_GetCardInfo                       0x0800137d   Thumb Code     8  bsp_driver_sd.o(i.BSP_SD_GetCardInfo)
    BSP_SD_GetCardState                      0x08001389   Thumb Code    20  bsp_driver_sd.o(i.BSP_SD_GetCardState)
    BSP_SD_Init                              0x080013a1   Thumb Code    24  bsp_driver_sd.o(i.BSP_SD_Init)
    BSP_SD_IsDetected                        0x080013bd   Thumb Code    14  bsp_driver_sd.o(i.BSP_SD_IsDetected)
    BSP_SD_ReadBlocks                        0x080013cd   Thumb Code    26  bsp_driver_sd.o(i.BSP_SD_ReadBlocks)
    BSP_SD_WriteBlocks                       0x080013ed   Thumb Code    26  bsp_driver_sd.o(i.BSP_SD_WriteBlocks)
    BusFault_Handler                         0x0800140d   Thumb Code     2  stm32f1xx_it.o(i.BusFault_Handler)
    DMA1_Channel6_IRQHandler                 0x08001411   Thumb Code     6  stm32f1xx_it.o(i.DMA1_Channel6_IRQHandler)
    DMA1_Channel7_IRQHandler                 0x0800141d   Thumb Code     6  stm32f1xx_it.o(i.DMA1_Channel7_IRQHandler)
    DebugMon_Handler                         0x08001453   Thumb Code     2  stm32f1xx_it.o(i.DebugMon_Handler)
    Error_Handler                            0x08001455   Thumb Code     4  main.o(i.Error_Handler)
    FATFS_LinkDriver                         0x08001459   Thumb Code     6  ff_gen_drv.o(i.FATFS_LinkDriver)
    FATFS_LinkDriverEx                       0x08001461   Thumb Code    60  ff_gen_drv.o(i.FATFS_LinkDriverEx)
    FLASH_PageErase                          0x080016a1   Thumb Code    28  stm32f1xx_hal_flash_ex.o(i.FLASH_PageErase)
    FLASH_WaitForLastOperation               0x0800173d   Thumb Code    80  stm32f1xx_hal_flash.o(i.FLASH_WaitForLastOperation)
    HAL_DMA_Abort                            0x08001791   Thumb Code    70  stm32f1xx_hal_dma.o(i.HAL_DMA_Abort)
    HAL_DMA_Abort_IT                         0x080017d9   Thumb Code   296  stm32f1xx_hal_dma.o(i.HAL_DMA_Abort_IT)
    HAL_DMA_DeInit                           0x08001909   Thumb Code   116  stm32f1xx_hal_dma.o(i.HAL_DMA_DeInit)
    HAL_DMA_IRQHandler                       0x08001989   Thumb Code   552  stm32f1xx_hal_dma.o(i.HAL_DMA_IRQHandler)
    HAL_DMA_Init                             0x08001bd1   Thumb Code   112  stm32f1xx_hal_dma.o(i.HAL_DMA_Init)
    HAL_DMA_Start_IT                         0x08001c4d   Thumb Code   112  stm32f1xx_hal_dma.o(i.HAL_DMA_Start_IT)
    HAL_DeInit                               0x08001cbd   Thumb Code    26  stm32f1xx_hal.o(i.HAL_DeInit)
    HAL_Delay                                0x08001cdd   Thumb Code    32  stm32f1xx_hal.o(i.HAL_Delay)
    HAL_FLASHEx_Erase                        0x08001d01   Thumb Code   160  stm32f1xx_hal_flash_ex.o(i.HAL_FLASHEx_Erase)
    HAL_FLASHEx_OBErase                      0x08001da9   Thumb Code    74  stm32f1xx_hal_flash_ex.o(i.HAL_FLASHEx_OBErase)
    HAL_FLASHEx_OBGetConfig                  0x08001dfd   Thumb Code    30  stm32f1xx_hal_flash_ex.o(i.HAL_FLASHEx_OBGetConfig)
    HAL_FLASHEx_OBProgram                    0x08001e21   Thumb Code   186  stm32f1xx_hal_flash_ex.o(i.HAL_FLASHEx_OBProgram)
    HAL_FLASH_Lock                           0x08001ee9   Thumb Code    14  stm32f1xx_hal_flash.o(i.HAL_FLASH_Lock)
    HAL_FLASH_OB_Launch                      0x08001efd   Thumb Code     4  stm32f1xx_hal_flash.o(i.HAL_FLASH_OB_Launch)
    HAL_FLASH_OB_Lock                        0x08001f01   Thumb Code    14  stm32f1xx_hal_flash.o(i.HAL_FLASH_OB_Lock)
    HAL_FLASH_OB_Unlock                      0x08001f15   Thumb Code    24  stm32f1xx_hal_flash.o(i.HAL_FLASH_OB_Unlock)
    HAL_FLASH_Program                        0x08001f39   Thumb Code   120  stm32f1xx_hal_flash.o(i.HAL_FLASH_Program)
    HAL_FLASH_Unlock                         0x08001fb9   Thumb Code    28  stm32f1xx_hal_flash.o(i.HAL_FLASH_Unlock)
    HAL_GPIO_DeInit                          0x08001fe1   Thumb Code   256  stm32f1xx_hal_gpio.o(i.HAL_GPIO_DeInit)
    HAL_GPIO_Init                            0x08002101   Thumb Code   462  stm32f1xx_hal_gpio.o(i.HAL_GPIO_Init)
    HAL_GPIO_ReadPin                         0x080022f9   Thumb Code    10  stm32f1xx_hal_gpio.o(i.HAL_GPIO_ReadPin)
    HAL_GPIO_TogglePin                       0x08002303   Thumb Code    16  stm32f1xx_hal_gpio.o(i.HAL_GPIO_TogglePin)
    HAL_GPIO_WritePin                        0x08002313   Thumb Code    10  stm32f1xx_hal_gpio.o(i.HAL_GPIO_WritePin)
    HAL_GetTick                              0x0800231d   Thumb Code     6  stm32f1xx_hal.o(i.HAL_GetTick)
    HAL_I2C_DeInit                           0x08002329   Thumb Code    50  stm32f1xx_hal_i2c.o(i.HAL_I2C_DeInit)
    HAL_I2C_Init                             0x0800235d   Thumb Code   376  stm32f1xx_hal_i2c.o(i.HAL_I2C_Init)
    HAL_I2C_Master_Transmit                  0x080024e5   Thumb Code   290  stm32f1xx_hal_i2c.o(i.HAL_I2C_Master_Transmit)
    HAL_I2C_MspDeInit                        0x08002611   Thumb Code    44  stm32f1xx_hal_msp.o(i.HAL_I2C_MspDeInit)
    HAL_I2C_MspInit                          0x08002649   Thumb Code    80  stm32f1xx_hal_msp.o(i.HAL_I2C_MspInit)
    HAL_IWDG_Init                            0x080026a5   Thumb Code    90  stm32f1xx_hal_iwdg.o(i.HAL_IWDG_Init)
    HAL_IWDG_Refresh                         0x080026ff   Thumb Code    12  stm32f1xx_hal_iwdg.o(i.HAL_IWDG_Refresh)
    HAL_IncTick                              0x0800270d   Thumb Code    12  stm32f1xx_hal.o(i.HAL_IncTick)
    HAL_Init                                 0x0800271d   Thumb Code    32  stm32f1xx_hal.o(i.HAL_Init)
    HAL_InitTick                             0x08002741   Thumb Code    54  stm32f1xx_hal.o(i.HAL_InitTick)
    HAL_MspDeInit                            0x08002781   Thumb Code     2  stm32f1xx_hal.o(i.HAL_MspDeInit)
    HAL_MspInit                              0x08002785   Thumb Code    48  stm32f1xx_hal_msp.o(i.HAL_MspInit)
    HAL_NVIC_DisableIRQ                      0x080027bd   Thumb Code    34  stm32f1xx_hal_cortex.o(i.HAL_NVIC_DisableIRQ)
    HAL_NVIC_EnableIRQ                       0x080027df   Thumb Code    26  stm32f1xx_hal_cortex.o(i.HAL_NVIC_EnableIRQ)
    HAL_NVIC_SetPriority                     0x080027f9   Thumb Code    60  stm32f1xx_hal_cortex.o(i.HAL_NVIC_SetPriority)
    HAL_NVIC_SetPriorityGrouping             0x08002839   Thumb Code    26  stm32f1xx_hal_cortex.o(i.HAL_NVIC_SetPriorityGrouping)
    HAL_NVIC_SystemReset                     0x0800285d   Thumb Code    26  stm32f1xx_hal_cortex.o(i.HAL_NVIC_SystemReset)
    HAL_RCC_CSSCallback                      0x08002881   Thumb Code     2  stm32f1xx_hal_rcc.o(i.HAL_RCC_CSSCallback)
    HAL_RCC_ClockConfig                      0x08002885   Thumb Code   280  stm32f1xx_hal_rcc.o(i.HAL_RCC_ClockConfig)
    HAL_RCC_DeInit                           0x080029b1   Thumb Code   202  stm32f1xx_hal_rcc.o(i.HAL_RCC_DeInit)
    HAL_RCC_EnableCSS                        0x08002a8d   Thumb Code     8  stm32f1xx_hal_rcc.o(i.HAL_RCC_EnableCSS)
    HAL_RCC_GetPCLK1Freq                     0x08002a99   Thumb Code    20  stm32f1xx_hal_rcc.o(i.HAL_RCC_GetPCLK1Freq)
    HAL_RCC_GetPCLK2Freq                     0x08002ab9   Thumb Code    20  stm32f1xx_hal_rcc.o(i.HAL_RCC_GetPCLK2Freq)
    HAL_RCC_GetSysClockFreq                  0x08002ad9   Thumb Code    80  stm32f1xx_hal_rcc.o(i.HAL_RCC_GetSysClockFreq)
    HAL_RCC_NMI_IRQHandler                   0x08002b4d   Thumb Code    20  stm32f1xx_hal_rcc.o(i.HAL_RCC_NMI_IRQHandler)
    HAL_RCC_OscConfig                        0x08002b65   Thumb Code   778  stm32f1xx_hal_rcc.o(i.HAL_RCC_OscConfig)
    HAL_SD_DeInit                            0x08002e85   Thumb Code    38  stm32f1xx_hal_sd.o(i.HAL_SD_DeInit)
    HAL_SD_GetCardCSD                        0x08002ead   Thumb Code   402  stm32f1xx_hal_sd.o(i.HAL_SD_GetCardCSD)
    HAL_SD_GetCardInfo                       0x08003045   Thumb Code    36  stm32f1xx_hal_sd.o(i.HAL_SD_GetCardInfo)
    HAL_SD_GetCardState                      0x08003069   Thumb Code    44  stm32f1xx_hal_sd.o(i.HAL_SD_GetCardState)
    HAL_SD_Init                              0x08003095   Thumb Code    54  stm32f1xx_hal_sd.o(i.HAL_SD_Init)
    HAL_SD_InitCard                          0x080030cd   Thumb Code   108  stm32f1xx_hal_sd.o(i.HAL_SD_InitCard)
    HAL_SD_MspDeInit                         0x08003141   Thumb Code    44  stm32f1xx_hal_msp.o(i.HAL_SD_MspDeInit)
    HAL_SD_MspInit                           0x0800317d   Thumb Code   114  stm32f1xx_hal_msp.o(i.HAL_SD_MspInit)
    HAL_SD_ReadBlocks                        0x08003201   Thumb Code   468  stm32f1xx_hal_sd.o(i.HAL_SD_ReadBlocks)
    HAL_SD_WriteBlocks                       0x080033d9   Thumb Code   422  stm32f1xx_hal_sd.o(i.HAL_SD_WriteBlocks)
    HAL_SYSTICK_Config                       0x08003585   Thumb Code    40  stm32f1xx_hal_cortex.o(i.HAL_SYSTICK_Config)
    HAL_UARTEx_ReceiveToIdle_DMA             0x080035ad   Thumb Code    74  stm32f1xx_hal_uart.o(i.HAL_UARTEx_ReceiveToIdle_DMA)
    HAL_UARTEx_RxEventCallback               0x080035f9   Thumb Code   114  main.o(i.HAL_UARTEx_RxEventCallback)
    HAL_UART_DeInit                          0x0800367d   Thumb Code    52  stm32f1xx_hal_uart.o(i.HAL_UART_DeInit)
    HAL_UART_ErrorCallback                   0x080036b1   Thumb Code     2  stm32f1xx_hal_uart.o(i.HAL_UART_ErrorCallback)
    HAL_UART_IRQHandler                      0x080036b5   Thumb Code   520  stm32f1xx_hal_uart.o(i.HAL_UART_IRQHandler)
    HAL_UART_Init                            0x080038c1   Thumb Code    98  stm32f1xx_hal_uart.o(i.HAL_UART_Init)
    HAL_UART_MspDeInit                       0x08003925   Thumb Code    54  stm32f1xx_hal_msp.o(i.HAL_UART_MspDeInit)
    HAL_UART_MspInit                         0x08003969   Thumb Code   204  stm32f1xx_hal_msp.o(i.HAL_UART_MspInit)
    HAL_UART_RxCpltCallback                  0x08003a4d   Thumb Code     2  stm32f1xx_hal_uart.o(i.HAL_UART_RxCpltCallback)
    HAL_UART_RxHalfCpltCallback              0x08003a4f   Thumb Code     2  stm32f1xx_hal_uart.o(i.HAL_UART_RxHalfCpltCallback)
    HAL_UART_Transmit_DMA                    0x08003a51   Thumb Code   114  stm32f1xx_hal_uart.o(i.HAL_UART_Transmit_DMA)
    HAL_UART_TxCpltCallback                  0x08003ad1   Thumb Code     2  stm32f1xx_hal_uart.o(i.HAL_UART_TxCpltCallback)
    HAL_UART_TxHalfCpltCallback              0x08003ad3   Thumb Code     2  stm32f1xx_hal_uart.o(i.HAL_UART_TxHalfCpltCallback)
    HardFault_Handler                        0x08003ad5   Thumb Code     2  stm32f1xx_it.o(i.HardFault_Handler)
    ITM_SendChar                             0x08003d39   Thumb Code    32  retarget_io.o(i.ITM_SendChar)
    MX_FATFS_Init                            0x08004265   Thumb Code    18  fatfs.o(i.MX_FATFS_Init)
    MemManage_Handler                        0x080043e5   Thumb Code     2  stm32f1xx_it.o(i.MemManage_Handler)
    NMI_Handler                              0x080043e7   Thumb Code     6  stm32f1xx_it.o(i.NMI_Handler)
    PendSV_Handler                           0x080043ed   Thumb Code     2  stm32f1xx_it.o(i.PendSV_Handler)
    SDIO_ConfigData                          0x080043ef   Thumb Code    36  stm32f1xx_ll_sdmmc.o(i.SDIO_ConfigData)
    SDIO_GetPowerState                       0x08004413   Thumb Code     8  stm32f1xx_ll_sdmmc.o(i.SDIO_GetPowerState)
    SDIO_GetResponse                         0x0800441b   Thumb Code     6  stm32f1xx_ll_sdmmc.o(i.SDIO_GetResponse)
    SDIO_Init                                0x08004421   Thumb Code    36  stm32f1xx_ll_sdmmc.o(i.SDIO_Init)
    SDIO_PowerState_OFF                      0x08004445   Thumb Code     8  stm32f1xx_ll_sdmmc.o(i.SDIO_PowerState_OFF)
    SDIO_PowerState_ON                       0x0800444d   Thumb Code    16  stm32f1xx_ll_sdmmc.o(i.SDIO_PowerState_ON)
    SDIO_ReadFIFO                            0x0800445d   Thumb Code     6  stm32f1xx_ll_sdmmc.o(i.SDIO_ReadFIFO)
    SDIO_SendCommand                         0x08004463   Thumb Code    32  stm32f1xx_ll_sdmmc.o(i.SDIO_SendCommand)
    SDIO_WriteFIFO                           0x08004483   Thumb Code    10  stm32f1xx_ll_sdmmc.o(i.SDIO_WriteFIFO)
    SDMMC_CmdAppCommand                      0x0800448d   Thumb Code    50  stm32f1xx_ll_sdmmc.o(i.SDMMC_CmdAppCommand)
    SDMMC_CmdAppOperCommand                  0x080044c1   Thumb Code    48  stm32f1xx_ll_sdmmc.o(i.SDMMC_CmdAppOperCommand)
    SDMMC_CmdBlockLength                     0x080044f5   Thumb Code    50  stm32f1xx_ll_sdmmc.o(i.SDMMC_CmdBlockLength)
    SDMMC_CmdGoIdleState                     0x08004529   Thumb Code    74  stm32f1xx_ll_sdmmc.o(i.SDMMC_CmdGoIdleState)
    SDMMC_CmdOperCond                        0x08004579   Thumb Code   112  stm32f1xx_ll_sdmmc.o(i.SDMMC_CmdOperCond)
    SDMMC_CmdReadMultiBlock                  0x080045ed   Thumb Code    50  stm32f1xx_ll_sdmmc.o(i.SDMMC_CmdReadMultiBlock)
    SDMMC_CmdReadSingleBlock                 0x0800461f   Thumb Code    50  stm32f1xx_ll_sdmmc.o(i.SDMMC_CmdReadSingleBlock)
    SDMMC_CmdSelDesel                        0x08004651   Thumb Code    50  stm32f1xx_ll_sdmmc.o(i.SDMMC_CmdSelDesel)
    SDMMC_CmdSendCID                         0x08004683   Thumb Code    44  stm32f1xx_ll_sdmmc.o(i.SDMMC_CmdSendCID)
    SDMMC_CmdSendCSD                         0x080046af   Thumb Code    44  stm32f1xx_ll_sdmmc.o(i.SDMMC_CmdSendCSD)
    SDMMC_CmdSendStatus                      0x080046db   Thumb Code    50  stm32f1xx_ll_sdmmc.o(i.SDMMC_CmdSendStatus)
    SDMMC_CmdSetRelAdd                       0x0800470d   Thumb Code    48  stm32f1xx_ll_sdmmc.o(i.SDMMC_CmdSetRelAdd)
    SDMMC_CmdStopTransfer                    0x0800473d   Thumb Code    46  stm32f1xx_ll_sdmmc.o(i.SDMMC_CmdStopTransfer)
    SDMMC_CmdWriteMultiBlock                 0x08004771   Thumb Code    50  stm32f1xx_ll_sdmmc.o(i.SDMMC_CmdWriteMultiBlock)
    SDMMC_CmdWriteSingleBlock                0x080047a3   Thumb Code    50  stm32f1xx_ll_sdmmc.o(i.SDMMC_CmdWriteSingleBlock)
    SD_initialize                            0x08004bb5   Thumb Code    26  sd_diskio.o(i.SD_initialize)
    SD_ioctl                                 0x08004bd5   Thumb Code    74  sd_diskio.o(i.SD_ioctl)
    SD_read                                  0x08004c25   Thumb Code    52  sd_diskio.o(i.SD_read)
    SD_status                                0x08004c61   Thumb Code    26  sd_diskio.o(i.SD_status)
    SD_write                                 0x08004c81   Thumb Code    52  sd_diskio.o(i.SD_write)
    SVC_Handler                              0x08004cbd   Thumb Code     2  stm32f1xx_it.o(i.SVC_Handler)
    SysTick_Handler                          0x08004cbf   Thumb Code     4  stm32f1xx_it.o(i.SysTick_Handler)
    SystemClock_Config                       0x08004cc3   Thumb Code   104  main.o(i.SystemClock_Config)
    SystemInit                               0x08004d2b   Thumb Code     2  system_stm32f1xx.o(i.SystemInit)
    UART_Start_Receive_DMA                   0x08004fe5   Thumb Code    98  stm32f1xx_hal_uart.o(i.UART_Start_Receive_DMA)
    USART2_IRQHandler                        0x08005055   Thumb Code     6  stm32f1xx_it.o(i.USART2_IRQHandler)
    UsageFault_Handler                       0x08005061   Thumb Code     2  stm32f1xx_it.o(i.UsageFault_Handler)
    _is_digit                                0x080050bd   Thumb Code    14  __printf_wp.o(i._is_digit)
    _sys_close                               0x080050cb   Thumb Code    24  retarget_io.o(i._sys_close)
    _sys_flen                                0x080050e3   Thumb Code    12  retarget_io.o(i._sys_flen)
    _sys_istty                               0x080050ef   Thumb Code    24  retarget_io.o(i._sys_istty)
    _sys_open                                0x08005109   Thumb Code    68  retarget_io.o(i._sys_open)
    _sys_seek                                0x08005165   Thumb Code     6  retarget_io.o(i._sys_seek)
    _sys_write                               0x0800516b   Thumb Code    60  retarget_io.o(i._sys_write)
    check                                    0x080051a9   Thumb Code   222  main.o(i.check)
    close_File                               0x080053bd   Thumb Code    16  main.o(i.close_File)
    clust2sect                               0x080053d5   Thumb Code    28  ff.o(i.clust2sect)
    create_File                              0x080053f1   Thumb Code    20  main.o(i.create_File)
    decrypt                                  0x080055ed   Thumb Code   250  main.o(i.decrypt)
    deinitEverything                         0x08005739   Thumb Code   122  main.o(i.deinitEverything)
    disk_initialize                          0x080059ed   Thumb Code    36  diskio.o(i.disk_initialize)
    disk_ioctl                               0x08005a15   Thumb Code    24  diskio.o(i.disk_ioctl)
    disk_read                                0x08005a31   Thumb Code    24  diskio.o(i.disk_read)
    disk_status                              0x08005a4d   Thumb Code    18  diskio.o(i.disk_status)
    disk_write                               0x08005a65   Thumb Code    24  diskio.o(i.disk_write)
    f_close                                  0x08005a81   Thumb Code    42  ff.o(i.f_close)
    f_gets                                   0x08005aab   Thumb Code    72  ff.o(i.f_gets)
    f_lseek                                  0x08005af3   Thumb Code   614  ff.o(i.f_lseek)
    f_mount                                  0x08005d59   Thumb Code    94  ff.o(i.f_mount)
    f_open                                   0x08005dbd   Thumb Code   498  ff.o(i.f_open)
    f_read                                   0x08005fb5   Thumb Code   398  ff.o(i.f_read)
    f_sync                                   0x08006143   Thumb Code   162  ff.o(i.f_sync)
    f_truncate                               0x080061e5   Thumb Code   190  ff.o(i.f_truncate)
    f_write                                  0x080062a3   Thumb Code   454  ff.o(i.f_write)
    flash_lock                               0x08006745   Thumb Code    56  main.o(i.flash_lock)
    flash_update                             0x0800677d   Thumb Code   324  main.o(i.flash_update)
    fputc                                    0x08006985   Thumb Code    26  fputc.o(i.fputc)
    get_fat                                  0x0800699f   Thumb Code   240  ff.o(i.get_fat)
    get_fattime                              0x08006a8f   Thumb Code     4  fatfs.o(i.get_fattime)
    get_point_File                           0x08006ad1   Thumb Code    20  main.o(i.get_point_File)
    gets_File                                0x08006aed   Thumb Code    22  main.o(i.gets_File)
    ind                                      0x08006ba5   Thumb Code    20  main.o(i.ind)
    jump_to                                  0x08006bb9   Thumb Code    22  main.o(i.jump_to)
    lcd_clear                                0x08006bcf   Thumb Code    34  lcd.o(i.lcd_clear)
    lcd_init                                 0x08006bf1   Thumb Code   120  lcd.o(i.lcd_init)
    lcd_put_cur                              0x08006c69   Thumb Code    24  lcd.o(i.lcd_put_cur)
    lcd_send_cmd                             0x08006c81   Thumb Code    58  lcd.o(i.lcd_send_cmd)
    lcd_send_data                            0x08006cc1   Thumb Code    58  lcd.o(i.lcd_send_data)
    lcd_send_string                          0x08006d01   Thumb Code    20  lcd.o(i.lcd_send_string)
    main                                     0x08006d2d   Thumb Code  4890  main.o(i.main)
    mount_SD                                 0x080080ad   Thumb Code    10  main.o(i.mount_SD)
    open_File                                0x080080f9   Thumb Code    20  main.o(i.open_File)
    put_fat                                  0x08008115   Thumb Code   284  ff.o(i.put_fat)
    read_File                                0x08008231   Thumb Code    20  main.o(i.read_File)
    set_point_File                           0x080082b9   Thumb Code    16  main.o(i.set_point_File)
    simreset                                 0x080082d1   Thumb Code    48  sim.o(i.simreset)
    simsend                                  0x08008309   Thumb Code   150  sim.o(i.simsend)
    simstart                                 0x080083c9   Thumb Code   754  sim.o(i.simstart)
    srevercon                                0x080088dd   Thumb Code   152  sim.o(i.srevercon)
    truncate_File                            0x08008ad5   Thumb Code    16  main.o(i.truncate_File)
    uart_sendstring_device                   0x08008aed   Thumb Code    22  sim.o(i.uart_sendstring_device)
    uart_sendstring_pc                       0x08008b09   Thumb Code     2  sim.o(i.uart_sendstring_pc)
    uartflush                                0x08008b0d   Thumb Code    42  sim.o(i.uartflush)
    unmount_SD                               0x08008b4d   Thumb Code    10  main.o(i.unmount_SD)
    waitfor                                  0x08008b89   Thumb Code    26  sim.o(i.waitfor)
    write_File                               0x08008bad   Thumb Code    56  main.o(i.write_File)
    AHBPrescTable                            0x08008e30   Data          16  system_stm32f1xx.o(.constdata)
    APBPrescTable                            0x08008e40   Data           8  system_stm32f1xx.o(.constdata)
    SD_Driver                                0x08008ef4   Data          20  sd_diskio.o(.constdata)
    __stdin_name                             0x08008f08   Data           7  retarget_io.o(.constdata)
    __stdout_name                            0x08008f0f   Data           8  retarget_io.o(.constdata)
    __stderr_name                            0x08008f17   Data           8  retarget_io.o(.constdata)
    Region$$Table$$Base                      0x08008f58   Number         0  anon$$obj.o(Region$$Table)
    Region$$Table$$Limit                     0x08008f78   Number         0  anon$$obj.o(Region$$Table)
    fresult                                  0x2000000a   Data           1  main.o(.data)
    gOldPos                                  0x20000010   Data           2  main.o(.data)
    gNewPos                                  0x20000012   Data           2  main.o(.data)
    gName                                    0x20000014   Data           4  main.o(.data)
    b                                        0x2000001c   Data           4  main.o(.data)
    gAddress                                 0x20000020   Data           8  main.o(.data)
    retSD                                    0x20000028   Data           1  fatfs.o(.data)
    SDPath                                   0x20000029   Data           4  fatfs.o(.data)
    SystemCoreClock                          0x20000030   Data           4  system_stm32f1xx.o(.data)
    uwTickFreq                               0x20000034   Data           1  stm32f1xx_hal.o(.data)
    uwTickPrio                               0x20000038   Data           4  stm32f1xx_hal.o(.data)
    uwTick                                   0x2000003c   Data           4  stm32f1xx_hal.o(.data)
    __aeabi_stdin                            0x2000004c   Data           4  stdio_streams.o(.data)
    __aeabi_stdout                           0x20000050   Data           4  stdio_streams.o(.data)
    __aeabi_stderr                           0x20000054   Data           4  stdio_streams.o(.data)
    fs                                       0x20000058   Data        4144  main.o(.bss)
    fil1                                     0x20001088   Data        4140  main.o(.bss)
    fil2                                     0x200020b4   Data        4140  main.o(.bss)
    hi2c1                                    0x200030e0   Data          84  main.o(.bss)
    hiwdg                                    0x20003134   Data          12  main.o(.bss)
    hsd                                      0x20003140   Data         132  main.o(.bss)
    huart2                                   0x200031c4   Data          68  main.o(.bss)
    hdma_usart2_rx                           0x20003208   Data          68  main.o(.bss)
    hdma_usart2_tx                           0x2000324c   Data          68  main.o(.bss)
    gRxBuf                                   0x200032a0   Data         500  main.o(.bss)
    gMainBuf                                 0x20003494   Data        5500  main.o(.bss)
    gTxBuf                                   0x20004a10   Data        1300  main.o(.bss)
    pFlash                                   0x20004f28   Data          32  stm32f1xx_hal_flash.o(.bss)
    disk                                     0x20004f60   Data          12  ff_gen_drv.o(.bss)
    __stdin                                  0x20004f6c   Data          84  stdio_streams.o(.bss)
    __stdout                                 0x20004fc0   Data          84  stdio_streams.o(.bss)
    __stderr                                 0x20005014   Data          84  stdio_streams.o(.bss)
    __libspace_start                         0x20005068   Data          96  libspace.o(.bss)
    __temporary_stack_top$libspace           0x200050c8   Data           0  libspace.o(.bss)



==============================================================================

Memory Map of the image

  Image Entry point : 0x08000131

  Load Region LR_IROM1 (Base: 0x08000000, Size: 0x00008fd0, Max: 0x00080000, ABSOLUTE)

    Execution Region ER_IROM1 (Exec base: 0x08000000, Load base: 0x08000000, Size: 0x00008f78, Max: 0x00080000, ABSOLUTE)

    Exec Addr    Load Addr    Size         Type   Attr      Idx    E Section Name        Object

    0x08000000   0x08000000   0x00000130   Data   RO            3    RESET               startup_stm32f103xe.o
    0x08000130   0x08000130   0x00000008   Code   RO         3941  * !!!main             c_w.l(__main.o)
    0x08000138   0x08000138   0x00000034   Code   RO         4285    !!!scatter          c_w.l(__scatter.o)
    0x0800016c   0x0800016c   0x0000001a   Code   RO         4287    !!handler_copy      c_w.l(__scatter_copy.o)
    0x08000186   0x08000186   0x00000002   PAD
    0x08000188   0x08000188   0x0000001c   Code   RO         4289    !!handler_zi        c_w.l(__scatter_zi.o)
    0x080001a4   0x080001a4   0x00000000   Code   RO         3918    .ARM.Collect$$_printf_percent$$00000000  c_w.l(_printf_percent.o)
    0x080001a4   0x080001a4   0x00000006   Code   RO         3917    .ARM.Collect$$_printf_percent$$00000009  c_w.l(_printf_d.o)
    0x080001aa   0x080001aa   0x00000006   Code   RO         3916    .ARM.Collect$$_printf_percent$$0000000C  c_w.l(_printf_x.o)
    0x080001b0   0x080001b0   0x00000006   Code   RO         3915    .ARM.Collect$$_printf_percent$$00000013  c_w.l(_printf_c.o)
    0x080001b6   0x080001b6   0x00000004   Code   RO         3954    .ARM.Collect$$_printf_percent$$00000017  c_w.l(_printf_percent_end.o)
    0x080001ba   0x080001ba   0x00000002   Code   RO         4076    .ARM.Collect$$libinit$$00000000  c_w.l(libinit.o)
    0x080001bc   0x080001bc   0x00000000   Code   RO         4078    .ARM.Collect$$libinit$$00000002  c_w.l(libinit2.o)
    0x080001bc   0x080001bc   0x00000000   Code   RO         4080    .ARM.Collect$$libinit$$00000004  c_w.l(libinit2.o)
    0x080001bc   0x080001bc   0x00000008   Code   RO         4081    .ARM.Collect$$libinit$$00000005  c_w.l(libinit2.o)
    0x080001c4   0x080001c4   0x00000000   Code   RO         4083    .ARM.Collect$$libinit$$0000000A  c_w.l(libinit2.o)
    0x080001c4   0x080001c4   0x00000000   Code   RO         4085    .ARM.Collect$$libinit$$0000000C  c_w.l(libinit2.o)
    0x080001c4   0x080001c4   0x00000000   Code   RO         4087    .ARM.Collect$$libinit$$0000000E  c_w.l(libinit2.o)
    0x080001c4   0x080001c4   0x00000000   Code   RO         4090    .ARM.Collect$$libinit$$00000011  c_w.l(libinit2.o)
    0x080001c4   0x080001c4   0x00000000   Code   RO         4092    .ARM.Collect$$libinit$$00000013  c_w.l(libinit2.o)
    0x080001c4   0x080001c4   0x00000000   Code   RO         4094    .ARM.Collect$$libinit$$00000015  c_w.l(libinit2.o)
    0x080001c4   0x080001c4   0x00000000   Code   RO         4096    .ARM.Collect$$libinit$$00000017  c_w.l(libinit2.o)
    0x080001c4   0x080001c4   0x00000000   Code   RO         4098    .ARM.Collect$$libinit$$00000019  c_w.l(libinit2.o)
    0x080001c4   0x080001c4   0x00000000   Code   RO         4100    .ARM.Collect$$libinit$$0000001B  c_w.l(libinit2.o)
    0x080001c4   0x080001c4   0x00000000   Code   RO         4102    .ARM.Collect$$libinit$$0000001D  c_w.l(libinit2.o)
    0x080001c4   0x080001c4   0x00000000   Code   RO         4104    .ARM.Collect$$libinit$$0000001F  c_w.l(libinit2.o)
    0x080001c4   0x080001c4   0x00000000   Code   RO         4106    .ARM.Collect$$libinit$$00000021  c_w.l(libinit2.o)
    0x080001c4   0x080001c4   0x00000000   Code   RO         4108    .ARM.Collect$$libinit$$00000023  c_w.l(libinit2.o)
    0x080001c4   0x080001c4   0x00000004   Code   RO         4109    .ARM.Collect$$libinit$$00000024  c_w.l(libinit2.o)
    0x080001c8   0x080001c8   0x00000000   Code   RO         4110    .ARM.Collect$$libinit$$00000025  c_w.l(libinit2.o)
    0x080001c8   0x080001c8   0x00000000   Code   RO         4114    .ARM.Collect$$libinit$$0000002C  c_w.l(libinit2.o)
    0x080001c8   0x080001c8   0x00000000   Code   RO         4116    .ARM.Collect$$libinit$$0000002E  c_w.l(libinit2.o)
    0x080001c8   0x080001c8   0x00000000   Code   RO         4118    .ARM.Collect$$libinit$$00000030  c_w.l(libinit2.o)
    0x080001c8   0x080001c8   0x00000000   Code   RO         4120    .ARM.Collect$$libinit$$00000032  c_w.l(libinit2.o)
    0x080001c8   0x080001c8   0x00000002   Code   RO         4121    .ARM.Collect$$libinit$$00000033  c_w.l(libinit2.o)
    0x080001ca   0x080001ca   0x00000002   Code   RO         4264    .ARM.Collect$$libshutdown$$00000000  c_w.l(libshutdown.o)
    0x080001cc   0x080001cc   0x00000000   Code   RO         4123    .ARM.Collect$$libshutdown$$00000002  c_w.l(libshutdown2.o)
    0x080001cc   0x080001cc   0x00000000   Code   RO         4125    .ARM.Collect$$libshutdown$$00000004  c_w.l(libshutdown2.o)
    0x080001cc   0x080001cc   0x00000004   Code   RO         4126    .ARM.Collect$$libshutdown$$00000005  c_w.l(libshutdown2.o)
    0x080001d0   0x080001d0   0x00000000   Code   RO         4127    .ARM.Collect$$libshutdown$$00000006  c_w.l(libshutdown2.o)
    0x080001d0   0x080001d0   0x00000000   Code   RO         4130    .ARM.Collect$$libshutdown$$00000009  c_w.l(libshutdown2.o)
    0x080001d0   0x080001d0   0x00000000   Code   RO         4133    .ARM.Collect$$libshutdown$$0000000C  c_w.l(libshutdown2.o)
    0x080001d0   0x080001d0   0x00000000   Code   RO         4135    .ARM.Collect$$libshutdown$$0000000E  c_w.l(libshutdown2.o)
    0x080001d0   0x080001d0   0x00000000   Code   RO         4138    .ARM.Collect$$libshutdown$$00000011  c_w.l(libshutdown2.o)
    0x080001d0   0x080001d0   0x00000002   Code   RO         4139    .ARM.Collect$$libshutdown$$00000012  c_w.l(libshutdown2.o)
    0x080001d2   0x080001d2   0x00000000   Code   RO         3943    .ARM.Collect$$rtentry$$00000000  c_w.l(__rtentry.o)
    0x080001d2   0x080001d2   0x00000000   Code   RO         3962    .ARM.Collect$$rtentry$$00000002  c_w.l(__rtentry2.o)
    0x080001d2   0x080001d2   0x00000006   Code   RO         3974    .ARM.Collect$$rtentry$$00000004  c_w.l(__rtentry4.o)
    0x080001d8   0x080001d8   0x00000000   Code   RO         3964    .ARM.Collect$$rtentry$$00000009  c_w.l(__rtentry2.o)
    0x080001d8   0x080001d8   0x00000004   Code   RO         3965    .ARM.Collect$$rtentry$$0000000A  c_w.l(__rtentry2.o)
    0x080001dc   0x080001dc   0x00000000   Code   RO         3967    .ARM.Collect$$rtentry$$0000000C  c_w.l(__rtentry2.o)
    0x080001dc   0x080001dc   0x00000008   Code   RO         3968    .ARM.Collect$$rtentry$$0000000D  c_w.l(__rtentry2.o)
    0x080001e4   0x080001e4   0x00000002   Code   RO         4145    .ARM.Collect$$rtexit$$00000000  c_w.l(rtexit.o)
    0x080001e6   0x080001e6   0x00000000   Code   RO         4199    .ARM.Collect$$rtexit$$00000002  c_w.l(rtexit2.o)
    0x080001e6   0x080001e6   0x00000004   Code   RO         4200    .ARM.Collect$$rtexit$$00000003  c_w.l(rtexit2.o)
    0x080001ea   0x080001ea   0x00000006   Code   RO         4201    .ARM.Collect$$rtexit$$00000004  c_w.l(rtexit2.o)
    0x080001f0   0x080001f0   0x00000000   Code   RO         4205    .emb_text           c_w.l(maybetermalloc1.o)
    0x080001f0   0x080001f0   0x00000040   Code   RO            4    .text               startup_stm32f103xe.o
    0x08000230   0x08000230   0x00000026   Code   RO         3856    .text               c_w.l(llushr.o)
    0x08000256   0x08000256   0x00000002   PAD
    0x08000258   0x08000258   0x00000018   Code   RO         3862    .text               c_w.l(noretval__2printf.o)
    0x08000270   0x08000270   0x00000028   Code   RO         3864    .text               c_w.l(noretval__2sprintf.o)
    0x08000298   0x08000298   0x0000004e   Code   RO         3868    .text               c_w.l(_printf_pad.o)
    0x080002e6   0x080002e6   0x00000052   Code   RO         3870    .text               c_w.l(_printf_str.o)
    0x08000338   0x08000338   0x00000078   Code   RO         3872    .text               c_w.l(_printf_dec.o)
    0x080003b0   0x080003b0   0x00000058   Code   RO         3877    .text               c_w.l(_printf_hex_int.o)
    0x08000408   0x08000408   0x00000138   Code   RO         3907    .text               c_w.l(__printf_flags_wp.o)
    0x08000540   0x08000540   0x00000024   Code   RO         3919    .text               c_w.l(strstr.o)
    0x08000564   0x08000564   0x00000048   Code   RO         3921    .text               c_w.l(strcpy.o)
    0x080005ac   0x080005ac   0x0000003e   Code   RO         3923    .text               c_w.l(strlen.o)
    0x080005ea   0x080005ea   0x00000018   Code   RO         3925    .text               c_w.l(strcat.o)
    0x08000602   0x08000602   0x0000008a   Code   RO         3927    .text               c_w.l(rt_memcpy_v6.o)
    0x0800068c   0x0800068c   0x00000064   Code   RO         3929    .text               c_w.l(rt_memcpy_w.o)
    0x080006f0   0x080006f0   0x00000044   Code   RO         3933    .text               c_w.l(rt_memclr.o)
    0x08000734   0x08000734   0x0000004e   Code   RO         3935    .text               c_w.l(rt_memclr_w.o)
    0x08000782   0x08000782   0x00000002   PAD
    0x08000784   0x08000784   0x00000080   Code   RO         3937    .text               c_w.l(strcmpv7m.o)
    0x08000804   0x08000804   0x00000006   Code   RO         3939    .text               c_w.l(heapauxi.o)
    0x0800080a   0x0800080a   0x000000b2   Code   RO         3944    .text               c_w.l(_printf_intcommon.o)
    0x080008bc   0x080008bc   0x00000030   Code   RO         3946    .text               c_w.l(_printf_char_common.o)
    0x080008ec   0x080008ec   0x0000000a   Code   RO         3948    .text               c_w.l(_sputc.o)
    0x080008f6   0x080008f6   0x0000002c   Code   RO         3950    .text               c_w.l(_printf_char.o)
    0x08000922   0x08000922   0x00000002   PAD
    0x08000924   0x08000924   0x00000024   Code   RO         3952    .text               c_w.l(_printf_char_file.o)
    0x08000948   0x08000948   0x00000008   Code   RO         3978    .text               c_w.l(ferror.o)
    0x08000950   0x08000950   0x00000138   Code   RO         3984    .text               c_w.l(initio.o)
    0x08000a88   0x08000a88   0x0000004a   Code   RO         3994    .text               c_w.l(sys_stackheap_outer.o)
    0x08000ad2   0x08000ad2   0x0000004e   Code   RO         3998    .text               c_w.l(h1_free.o)
    0x08000b20   0x08000b20   0x000001d6   Code   RO         4052    .text               c_w.l(flsbuf.o)
    0x08000cf6   0x08000cf6   0x00000046   Code   RO         4054    .text               c_w.l(setvbuf.o)
    0x08000d3c   0x08000d3c   0x000000ec   Code   RO         4057    .text               c_w.l(fopen.o)
    0x08000e28   0x08000e28   0x0000004c   Code   RO         4059    .text               c_w.l(fclose.o)
    0x08000e74   0x08000e74   0x00000012   Code   RO         4065    .text               c_w.l(exit.o)
    0x08000e86   0x08000e86   0x0000000e   Code   RO         4067    .text               c_w.l(defsig_rtred_outer.o)
    0x08000e94   0x08000e94   0x00000008   Code   RO         4142    .text               c_w.l(libspace.o)
    0x08000e9c   0x08000e9c   0x00000008   Code   RO         4152    .text               c_w.l(rt_heap_descriptor_intlibspace.o)
    0x08000ea4   0x08000ea4   0x00000004   Code   RO         4154    .text               c_w.l(hguard.o)
    0x08000ea8   0x08000ea8   0x0000008a   Code   RO         4156    .text               c_w.l(init_alloc.o)
    0x08000f32   0x08000f32   0x0000005e   Code   RO         4162    .text               c_w.l(h1_alloc.o)
    0x08000f90   0x08000f90   0x000000f8   Code   RO         4178    .text               c_w.l(fseek.o)
    0x08001088   0x08001088   0x000000f0   Code   RO         4180    .text               c_w.l(stdio.o)
    0x08001178   0x08001178   0x0000000a   Code   RO         4186    .text               c_w.l(defsig_exit.o)
    0x08001182   0x08001182   0x00000002   PAD
    0x08001184   0x08001184   0x00000034   Code   RO         4188    .text               c_w.l(defsig_rtred_inner.o)
    0x080011b8   0x080011b8   0x0000000c   Code   RO         4196    .text               c_w.l(sys_exit.o)
    0x080011c4   0x080011c4   0x0000000e   Code   RO         4207    .text               c_w.l(h1_init.o)
    0x080011d2   0x080011d2   0x00000034   Code   RO         4209    .text               c_w.l(h1_extend.o)
    0x08001206   0x08001206   0x00000042   Code   RO         4219    .text               c_w.l(ftell.o)
    0x08001248   0x08001248   0x00000032   Code   RO         4227    .text               c_w.l(defsig_general.o)
    0x0800127a   0x0800127a   0x0000000e   Code   RO         4229    .text               c_w.l(defsig_rtmem_outer.o)
    0x08001288   0x08001288   0x0000000e   Code   RO         4242    .text               c_w.l(sys_wrch.o)
    0x08001296   0x08001296   0x00000002   Code   RO         4246    .text               c_w.l(use_no_semi.o)
    0x08001298   0x08001298   0x00000000   Code   RO         4248    .text               c_w.l(indicate_semi.o)
    0x08001298   0x08001298   0x00000008   Code   RO         4252    .text               c_w.l(rt_errno_addr_intlibspace.o)
    0x080012a0   0x080012a0   0x00000050   Code   RO         4258    .text               c_w.l(defsig_rtmem_inner.o)
    0x080012f0   0x080012f0   0x00000042   Code   RO           10    i.AES_CBC_decrypt_buffer  zcrypt.o
    0x08001332   0x08001332   0x0000001a   Code   RO           14    i.AES_init_ctx_iv   zcrypt.o
    0x0800134c   0x0800134c   0x00000030   Code   RO           15    i.AddRoundKey       zcrypt.o
    0x0800137c   0x0800137c   0x0000000c   Code   RO          711    i.BSP_SD_GetCardInfo  bsp_driver_sd.o
    0x08001388   0x08001388   0x00000018   Code   RO          712    i.BSP_SD_GetCardState  bsp_driver_sd.o
    0x080013a0   0x080013a0   0x0000001c   Code   RO          714    i.BSP_SD_Init       bsp_driver_sd.o
    0x080013bc   0x080013bc   0x0000000e   Code   RO          715    i.BSP_SD_IsDetected  bsp_driver_sd.o
    0x080013ca   0x080013ca   0x00000002   PAD
    0x080013cc   0x080013cc   0x00000020   Code   RO          716    i.BSP_SD_ReadBlocks  bsp_driver_sd.o
    0x080013ec   0x080013ec   0x00000020   Code   RO          719    i.BSP_SD_WriteBlocks  bsp_driver_sd.o
    0x0800140c   0x0800140c   0x00000002   Code   RO          553    i.BusFault_Handler  stm32f1xx_it.o
    0x0800140e   0x0800140e   0x00000002   PAD
    0x08001410   0x08001410   0x0000000c   Code   RO          554    i.DMA1_Channel6_IRQHandler  stm32f1xx_it.o
    0x0800141c   0x0800141c   0x0000000c   Code   RO          555    i.DMA1_Channel7_IRQHandler  stm32f1xx_it.o
    0x08001428   0x08001428   0x0000002a   Code   RO         1319    i.DMA_SetConfig     stm32f1xx_hal_dma.o
    0x08001452   0x08001452   0x00000002   Code   RO          556    i.DebugMon_Handler  stm32f1xx_it.o
    0x08001454   0x08001454   0x00000004   Code   RO          340    i.Error_Handler     main.o
    0x08001458   0x08001458   0x00000006   Code   RO         3638    i.FATFS_LinkDriver  ff_gen_drv.o
    0x0800145e   0x0800145e   0x00000002   PAD
    0x08001460   0x08001460   0x00000040   Code   RO         3639    i.FATFS_LinkDriverEx  ff_gen_drv.o
    0x080014a0   0x080014a0   0x00000024   Code   RO         1759    i.FLASH_MassErase   stm32f1xx_hal_flash_ex.o
    0x080014c4   0x080014c4   0x000000b0   Code   RO         1760    i.FLASH_OB_DisableWRP  stm32f1xx_hal_flash_ex.o
    0x08001574   0x08001574   0x000000b0   Code   RO         1761    i.FLASH_OB_EnableWRP  stm32f1xx_hal_flash_ex.o
    0x08001624   0x08001624   0x00000018   Code   RO         1762    i.FLASH_OB_GetRDP   stm32f1xx_hal_flash_ex.o
    0x0800163c   0x0800163c   0x00000064   Code   RO         1763    i.FLASH_OB_RDP_LevelConfig  stm32f1xx_hal_flash_ex.o
    0x080016a0   0x080016a0   0x00000024   Code   RO         1764    i.FLASH_PageErase   stm32f1xx_hal_flash_ex.o
    0x080016c4   0x080016c4   0x0000001c   Code   RO         1656    i.FLASH_Program_HalfWord  stm32f1xx_hal_flash.o
    0x080016e0   0x080016e0   0x0000005c   Code   RO         1657    i.FLASH_SetErrorCode  stm32f1xx_hal_flash.o
    0x0800173c   0x0800173c   0x00000054   Code   RO         1658    i.FLASH_WaitForLastOperation  stm32f1xx_hal_flash.o
    0x08001790   0x08001790   0x00000046   Code   RO         1320    i.HAL_DMA_Abort     stm32f1xx_hal_dma.o
    0x080017d6   0x080017d6   0x00000002   PAD
    0x080017d8   0x080017d8   0x00000130   Code   RO         1321    i.HAL_DMA_Abort_IT  stm32f1xx_hal_dma.o
    0x08001908   0x08001908   0x00000080   Code   RO         1322    i.HAL_DMA_DeInit    stm32f1xx_hal_dma.o
    0x08001988   0x08001988   0x00000248   Code   RO         1325    i.HAL_DMA_IRQHandler  stm32f1xx_hal_dma.o
    0x08001bd0   0x08001bd0   0x0000007c   Code   RO         1326    i.HAL_DMA_Init      stm32f1xx_hal_dma.o
    0x08001c4c   0x08001c4c   0x00000070   Code   RO         1330    i.HAL_DMA_Start_IT  stm32f1xx_hal_dma.o
    0x08001cbc   0x08001cbc   0x00000020   Code   RO          947    i.HAL_DeInit        stm32f1xx_hal.o
    0x08001cdc   0x08001cdc   0x00000024   Code   RO          948    i.HAL_Delay         stm32f1xx_hal.o
    0x08001d00   0x08001d00   0x000000a8   Code   RO         1765    i.HAL_FLASHEx_Erase  stm32f1xx_hal_flash_ex.o
    0x08001da8   0x08001da8   0x00000054   Code   RO         1767    i.HAL_FLASHEx_OBErase  stm32f1xx_hal_flash_ex.o
    0x08001dfc   0x08001dfc   0x00000024   Code   RO         1768    i.HAL_FLASHEx_OBGetConfig  stm32f1xx_hal_flash_ex.o
    0x08001e20   0x08001e20   0x000000c8   Code   RO         1770    i.HAL_FLASHEx_OBProgram  stm32f1xx_hal_flash_ex.o
    0x08001ee8   0x08001ee8   0x00000014   Code   RO         1662    i.HAL_FLASH_Lock    stm32f1xx_hal_flash.o
    0x08001efc   0x08001efc   0x00000004   Code   RO         1663    i.HAL_FLASH_OB_Launch  stm32f1xx_hal_flash.o
    0x08001f00   0x08001f00   0x00000014   Code   RO         1664    i.HAL_FLASH_OB_Lock  stm32f1xx_hal_flash.o
    0x08001f14   0x08001f14   0x00000024   Code   RO         1665    i.HAL_FLASH_OB_Unlock  stm32f1xx_hal_flash.o
    0x08001f38   0x08001f38   0x00000080   Code   RO         1667    i.HAL_FLASH_Program  stm32f1xx_hal_flash.o
    0x08001fb8   0x08001fb8   0x00000028   Code   RO         1669    i.HAL_FLASH_Unlock  stm32f1xx_hal_flash.o
    0x08001fe0   0x08001fe0   0x00000120   Code   RO         1253    i.HAL_GPIO_DeInit   stm32f1xx_hal_gpio.o
    0x08002100   0x08002100   0x000001f8   Code   RO         1256    i.HAL_GPIO_Init     stm32f1xx_hal_gpio.o
    0x080022f8   0x080022f8   0x0000000a   Code   RO         1258    i.HAL_GPIO_ReadPin  stm32f1xx_hal_gpio.o
    0x08002302   0x08002302   0x00000010   Code   RO         1259    i.HAL_GPIO_TogglePin  stm32f1xx_hal_gpio.o
    0x08002312   0x08002312   0x0000000a   Code   RO         1260    i.HAL_GPIO_WritePin  stm32f1xx_hal_gpio.o
    0x0800231c   0x0800231c   0x0000000c   Code   RO          952    i.HAL_GetTick       stm32f1xx_hal.o
    0x08002328   0x08002328   0x00000032   Code   RO         1918    i.HAL_I2C_DeInit    stm32f1xx_hal_i2c.o
    0x0800235a   0x0800235a   0x00000002   PAD
    0x0800235c   0x0800235c   0x00000188   Code   RO         1927    i.HAL_I2C_Init      stm32f1xx_hal_i2c.o
    0x080024e4   0x080024e4   0x0000012c   Code   RO         1940    i.HAL_I2C_Master_Transmit  stm32f1xx_hal_i2c.o
    0x08002610   0x08002610   0x00000038   Code   RO          647    i.HAL_I2C_MspDeInit  stm32f1xx_hal_msp.o
    0x08002648   0x08002648   0x0000005c   Code   RO          648    i.HAL_I2C_MspInit   stm32f1xx_hal_msp.o
    0x080026a4   0x080026a4   0x0000005a   Code   RO         2348    i.HAL_IWDG_Init     stm32f1xx_hal_iwdg.o
    0x080026fe   0x080026fe   0x0000000c   Code   RO         2349    i.HAL_IWDG_Refresh  stm32f1xx_hal_iwdg.o
    0x0800270a   0x0800270a   0x00000002   PAD
    0x0800270c   0x0800270c   0x00000010   Code   RO          958    i.HAL_IncTick       stm32f1xx_hal.o
    0x0800271c   0x0800271c   0x00000024   Code   RO          959    i.HAL_Init          stm32f1xx_hal.o
    0x08002740   0x08002740   0x00000040   Code   RO          960    i.HAL_InitTick      stm32f1xx_hal.o
    0x08002780   0x08002780   0x00000002   Code   RO          961    i.HAL_MspDeInit     stm32f1xx_hal.o
    0x08002782   0x08002782   0x00000002   PAD
    0x08002784   0x08002784   0x00000038   Code   RO          649    i.HAL_MspInit       stm32f1xx_hal_msp.o
    0x080027bc   0x080027bc   0x00000022   Code   RO         1415    i.HAL_NVIC_DisableIRQ  stm32f1xx_hal_cortex.o
    0x080027de   0x080027de   0x0000001a   Code   RO         1416    i.HAL_NVIC_EnableIRQ  stm32f1xx_hal_cortex.o
    0x080027f8   0x080027f8   0x00000040   Code   RO         1422    i.HAL_NVIC_SetPriority  stm32f1xx_hal_cortex.o
    0x08002838   0x08002838   0x00000024   Code   RO         1423    i.HAL_NVIC_SetPriorityGrouping  stm32f1xx_hal_cortex.o
    0x0800285c   0x0800285c   0x00000024   Code   RO         1424    i.HAL_NVIC_SystemReset  stm32f1xx_hal_cortex.o
    0x08002880   0x08002880   0x00000002   Code   RO         1115    i.HAL_RCC_CSSCallback  stm32f1xx_hal_rcc.o
    0x08002882   0x08002882   0x00000002   PAD
    0x08002884   0x08002884   0x0000012c   Code   RO         1116    i.HAL_RCC_ClockConfig  stm32f1xx_hal_rcc.o
    0x080029b0   0x080029b0   0x000000dc   Code   RO         1117    i.HAL_RCC_DeInit    stm32f1xx_hal_rcc.o
    0x08002a8c   0x08002a8c   0x0000000c   Code   RO         1119    i.HAL_RCC_EnableCSS  stm32f1xx_hal_rcc.o
    0x08002a98   0x08002a98   0x00000020   Code   RO         1123    i.HAL_RCC_GetPCLK1Freq  stm32f1xx_hal_rcc.o
    0x08002ab8   0x08002ab8   0x00000020   Code   RO         1124    i.HAL_RCC_GetPCLK2Freq  stm32f1xx_hal_rcc.o
    0x08002ad8   0x08002ad8   0x00000074   Code   RO         1125    i.HAL_RCC_GetSysClockFreq  stm32f1xx_hal_rcc.o
    0x08002b4c   0x08002b4c   0x00000018   Code   RO         1127    i.HAL_RCC_NMI_IRQHandler  stm32f1xx_hal_rcc.o
    0x08002b64   0x08002b64   0x00000320   Code   RO         1128    i.HAL_RCC_OscConfig  stm32f1xx_hal_rcc.o
    0x08002e84   0x08002e84   0x00000026   Code   RO         2652    i.HAL_SD_DeInit     stm32f1xx_hal_sd.o
    0x08002eaa   0x08002eaa   0x00000002   PAD
    0x08002eac   0x08002eac   0x00000198   Code   RO         2656    i.HAL_SD_GetCardCSD  stm32f1xx_hal_sd.o
    0x08003044   0x08003044   0x00000024   Code   RO         2657    i.HAL_SD_GetCardInfo  stm32f1xx_hal_sd.o
    0x08003068   0x08003068   0x0000002c   Code   RO         2658    i.HAL_SD_GetCardState  stm32f1xx_hal_sd.o
    0x08003094   0x08003094   0x00000036   Code   RO         2663    i.HAL_SD_Init       stm32f1xx_hal_sd.o
    0x080030ca   0x080030ca   0x00000002   PAD
    0x080030cc   0x080030cc   0x00000074   Code   RO         2664    i.HAL_SD_InitCard   stm32f1xx_hal_sd.o
    0x08003140   0x08003140   0x0000003c   Code   RO          650    i.HAL_SD_MspDeInit  stm32f1xx_hal_msp.o
    0x0800317c   0x0800317c   0x00000084   Code   RO          651    i.HAL_SD_MspInit    stm32f1xx_hal_msp.o
    0x08003200   0x08003200   0x000001d8   Code   RO         2667    i.HAL_SD_ReadBlocks  stm32f1xx_hal_sd.o
    0x080033d8   0x080033d8   0x000001ac   Code   RO         2672    i.HAL_SD_WriteBlocks  stm32f1xx_hal_sd.o
    0x08003584   0x08003584   0x00000028   Code   RO         1427    i.HAL_SYSTICK_Config  stm32f1xx_hal_cortex.o
    0x080035ac   0x080035ac   0x0000004a   Code   RO         2918    i.HAL_UARTEx_ReceiveToIdle_DMA  stm32f1xx_hal_uart.o
    0x080035f6   0x080035f6   0x00000002   PAD
    0x080035f8   0x080035f8   0x00000084   Code   RO          341    i.HAL_UARTEx_RxEventCallback  main.o
    0x0800367c   0x0800367c   0x00000034   Code   RO         2933    i.HAL_UART_DeInit   stm32f1xx_hal_uart.o
    0x080036b0   0x080036b0   0x00000002   Code   RO         2934    i.HAL_UART_ErrorCallback  stm32f1xx_hal_uart.o
    0x080036b2   0x080036b2   0x00000002   PAD
    0x080036b4   0x080036b4   0x0000020c   Code   RO         2937    i.HAL_UART_IRQHandler  stm32f1xx_hal_uart.o
    0x080038c0   0x080038c0   0x00000062   Code   RO         2938    i.HAL_UART_Init     stm32f1xx_hal_uart.o
    0x08003922   0x08003922   0x00000002   PAD
    0x08003924   0x08003924   0x00000044   Code   RO          652    i.HAL_UART_MspDeInit  stm32f1xx_hal_msp.o
    0x08003968   0x08003968   0x000000e4   Code   RO          653    i.HAL_UART_MspInit  stm32f1xx_hal_msp.o
    0x08003a4c   0x08003a4c   0x00000002   Code   RO         2944    i.HAL_UART_RxCpltCallback  stm32f1xx_hal_uart.o
    0x08003a4e   0x08003a4e   0x00000002   Code   RO         2945    i.HAL_UART_RxHalfCpltCallback  stm32f1xx_hal_uart.o
    0x08003a50   0x08003a50   0x00000080   Code   RO         2947    i.HAL_UART_Transmit_DMA  stm32f1xx_hal_uart.o
    0x08003ad0   0x08003ad0   0x00000002   Code   RO         2949    i.HAL_UART_TxCpltCallback  stm32f1xx_hal_uart.o
    0x08003ad2   0x08003ad2   0x00000002   Code   RO         2950    i.HAL_UART_TxHalfCpltCallback  stm32f1xx_hal_uart.o
    0x08003ad4   0x08003ad4   0x00000002   Code   RO          557    i.HardFault_Handler  stm32f1xx_it.o
    0x08003ad6   0x08003ad6   0x0000002e   Code   RO         1969    i.I2C_IsAcknowledgeFailed  stm32f1xx_hal_i2c.o
    0x08003b04   0x08003b04   0x0000009c   Code   RO         1973    i.I2C_MasterRequestWrite  stm32f1xx_hal_i2c.o
    0x08003ba0   0x08003ba0   0x0000004c   Code   RO         1984    i.I2C_WaitOnBTFFlagUntilTimeout  stm32f1xx_hal_i2c.o
    0x08003bec   0x08003bec   0x00000068   Code   RO         1985    i.I2C_WaitOnFlagUntilTimeout  stm32f1xx_hal_i2c.o
    0x08003c54   0x08003c54   0x00000096   Code   RO         1986    i.I2C_WaitOnMasterAddressFlagUntilTimeout  stm32f1xx_hal_i2c.o
    0x08003cea   0x08003cea   0x0000004c   Code   RO         1988    i.I2C_WaitOnTXEFlagUntilTimeout  stm32f1xx_hal_i2c.o
    0x08003d36   0x08003d36   0x00000002   PAD
    0x08003d38   0x08003d38   0x00000024   Code   RO         3774    i.ITM_SendChar      retarget_io.o
    0x08003d5c   0x08003d5c   0x00000088   Code   RO           17    i.InvCipher         zcrypt.o
    0x08003de4   0x08003de4   0x000003a6   Code   RO           18    i.InvMixColumns     zcrypt.o
    0x0800418a   0x0800418a   0x00000002   PAD
    0x0800418c   0x0800418c   0x000000d8   Code   RO           19    i.KeyExpansion      zcrypt.o
    0x08004264   0x08004264   0x0000001c   Code   RO          829    i.MX_FATFS_Init     fatfs.o
    0x08004280   0x08004280   0x00000164   Code   RO          342    i.MX_GPIO_Init      main.o
    0x080043e4   0x080043e4   0x00000002   Code   RO          558    i.MemManage_Handler  stm32f1xx_it.o
    0x080043e6   0x080043e6   0x00000006   Code   RO          559    i.NMI_Handler       stm32f1xx_it.o
    0x080043ec   0x080043ec   0x00000002   Code   RO          560    i.PendSV_Handler    stm32f1xx_it.o
    0x080043ee   0x080043ee   0x00000024   Code   RO         2378    i.SDIO_ConfigData   stm32f1xx_ll_sdmmc.o
    0x08004412   0x08004412   0x00000008   Code   RO         2382    i.SDIO_GetPowerState  stm32f1xx_ll_sdmmc.o
    0x0800441a   0x0800441a   0x00000006   Code   RO         2383    i.SDIO_GetResponse  stm32f1xx_ll_sdmmc.o
    0x08004420   0x08004420   0x00000024   Code   RO         2384    i.SDIO_Init         stm32f1xx_ll_sdmmc.o
    0x08004444   0x08004444   0x00000008   Code   RO         2385    i.SDIO_PowerState_OFF  stm32f1xx_ll_sdmmc.o
    0x0800444c   0x0800444c   0x00000010   Code   RO         2386    i.SDIO_PowerState_ON  stm32f1xx_ll_sdmmc.o
    0x0800445c   0x0800445c   0x00000006   Code   RO         2387    i.SDIO_ReadFIFO     stm32f1xx_ll_sdmmc.o
    0x08004462   0x08004462   0x00000020   Code   RO         2388    i.SDIO_SendCommand  stm32f1xx_ll_sdmmc.o
    0x08004482   0x08004482   0x0000000a   Code   RO         2390    i.SDIO_WriteFIFO    stm32f1xx_ll_sdmmc.o
    0x0800448c   0x0800448c   0x00000032   Code   RO         2391    i.SDMMC_CmdAppCommand  stm32f1xx_ll_sdmmc.o
    0x080044be   0x080044be   0x00000002   PAD
    0x080044c0   0x080044c0   0x00000034   Code   RO         2392    i.SDMMC_CmdAppOperCommand  stm32f1xx_ll_sdmmc.o
    0x080044f4   0x080044f4   0x00000032   Code   RO         2393    i.SDMMC_CmdBlockLength  stm32f1xx_ll_sdmmc.o
    0x08004526   0x08004526   0x00000002   PAD
    0x08004528   0x08004528   0x00000050   Code   RO         2398    i.SDMMC_CmdGoIdleState  stm32f1xx_ll_sdmmc.o
    0x08004578   0x08004578   0x00000074   Code   RO         2400    i.SDMMC_CmdOperCond  stm32f1xx_ll_sdmmc.o
    0x080045ec   0x080045ec   0x00000032   Code   RO         2401    i.SDMMC_CmdReadMultiBlock  stm32f1xx_ll_sdmmc.o
    0x0800461e   0x0800461e   0x00000032   Code   RO         2402    i.SDMMC_CmdReadSingleBlock  stm32f1xx_ll_sdmmc.o
    0x08004650   0x08004650   0x00000032   Code   RO         2405    i.SDMMC_CmdSelDesel  stm32f1xx_ll_sdmmc.o
    0x08004682   0x08004682   0x0000002c   Code   RO         2406    i.SDMMC_CmdSendCID  stm32f1xx_ll_sdmmc.o
    0x080046ae   0x080046ae   0x0000002c   Code   RO         2407    i.SDMMC_CmdSendCSD  stm32f1xx_ll_sdmmc.o
    0x080046da   0x080046da   0x00000032   Code   RO         2410    i.SDMMC_CmdSendStatus  stm32f1xx_ll_sdmmc.o
    0x0800470c   0x0800470c   0x00000030   Code   RO         2411    i.SDMMC_CmdSetRelAdd  stm32f1xx_ll_sdmmc.o
    0x0800473c   0x0800473c   0x00000034   Code   RO         2413    i.SDMMC_CmdStopTransfer  stm32f1xx_ll_sdmmc.o
    0x08004770   0x08004770   0x00000032   Code   RO         2415    i.SDMMC_CmdWriteMultiBlock  stm32f1xx_ll_sdmmc.o
    0x080047a2   0x080047a2   0x00000032   Code   RO         2416    i.SDMMC_CmdWriteSingleBlock  stm32f1xx_ll_sdmmc.o
    0x080047d4   0x080047d4   0x00000120   Code   RO         2417    i.SDMMC_GetCmdResp1  stm32f1xx_ll_sdmmc.o
    0x080048f4   0x080048f4   0x00000050   Code   RO         2418    i.SDMMC_GetCmdResp2  stm32f1xx_ll_sdmmc.o
    0x08004944   0x08004944   0x00000044   Code   RO         2419    i.SDMMC_GetCmdResp3  stm32f1xx_ll_sdmmc.o
    0x08004988   0x08004988   0x00000088   Code   RO         2420    i.SDMMC_GetCmdResp6  stm32f1xx_ll_sdmmc.o
    0x08004a10   0x08004a10   0x000000ee   Code   RO         2681    i.SD_InitCard       stm32f1xx_hal_sd.o
    0x08004afe   0x08004afe   0x00000002   PAD
    0x08004b00   0x08004b00   0x000000b4   Code   RO         2682    i.SD_PowerON        stm32f1xx_hal_sd.o
    0x08004bb4   0x08004bb4   0x00000020   Code   RO         3718    i.SD_initialize     sd_diskio.o
    0x08004bd4   0x08004bd4   0x00000050   Code   RO         3719    i.SD_ioctl          sd_diskio.o
    0x08004c24   0x08004c24   0x0000003c   Code   RO         3720    i.SD_read           sd_diskio.o
    0x08004c60   0x08004c60   0x00000020   Code   RO         3721    i.SD_status         sd_diskio.o
    0x08004c80   0x08004c80   0x0000003c   Code   RO         3722    i.SD_write          sd_diskio.o
    0x08004cbc   0x08004cbc   0x00000002   Code   RO          561    i.SVC_Handler       stm32f1xx_it.o
    0x08004cbe   0x08004cbe   0x00000004   Code   RO          562    i.SysTick_Handler   stm32f1xx_it.o
    0x08004cc2   0x08004cc2   0x00000068   Code   RO          343    i.SystemClock_Config  main.o
    0x08004d2a   0x08004d2a   0x00000002   Code   RO          868    i.SystemInit        system_stm32f1xx.o
    0x08004d2c   0x08004d2c   0x00000010   Code   RO         2951    i.UART_DMAAbortOnError  stm32f1xx_hal_uart.o
    0x08004d3c   0x08004d3c   0x0000004a   Code   RO         2952    i.UART_DMAError     stm32f1xx_hal_uart.o
    0x08004d86   0x08004d86   0x0000005a   Code   RO         2953    i.UART_DMAReceiveCplt  stm32f1xx_hal_uart.o
    0x08004de0   0x08004de0   0x0000001a   Code   RO         2955    i.UART_DMARxHalfCplt  stm32f1xx_hal_uart.o
    0x08004dfa   0x08004dfa   0x0000002e   Code   RO         2957    i.UART_DMATransmitCplt  stm32f1xx_hal_uart.o
    0x08004e28   0x08004e28   0x0000000a   Code   RO         2959    i.UART_DMATxHalfCplt  stm32f1xx_hal_uart.o
    0x08004e32   0x08004e32   0x00000030   Code   RO         2961    i.UART_EndRxTransfer  stm32f1xx_hal_uart.o
    0x08004e62   0x08004e62   0x00000012   Code   RO         2962    i.UART_EndTxTransfer  stm32f1xx_hal_uart.o
    0x08004e74   0x08004e74   0x000000b6   Code   RO         2963    i.UART_Receive_IT   stm32f1xx_hal_uart.o
    0x08004f2a   0x08004f2a   0x00000002   PAD
    0x08004f2c   0x08004f2c   0x000000b8   Code   RO         2964    i.UART_SetConfig    stm32f1xx_hal_uart.o
    0x08004fe4   0x08004fe4   0x00000070   Code   RO         2965    i.UART_Start_Receive_DMA  stm32f1xx_hal_uart.o
    0x08005054   0x08005054   0x0000000c   Code   RO          563    i.USART2_IRQHandler  stm32f1xx_it.o
    0x08005060   0x08005060   0x00000002   Code   RO          564    i.UsageFault_Handler  stm32f1xx_it.o
    0x08005062   0x08005062   0x00000016   Code   RO           21    i.XorWithIv         zcrypt.o
    0x08005078   0x08005078   0x00000020   Code   RO         1429    i.__NVIC_SetPriority  stm32f1xx_hal_cortex.o
    0x08005098   0x08005098   0x00000024   Code   RO          344    i.__NVIC_SystemReset  main.o
    0x080050bc   0x080050bc   0x0000000e   Code   RO         3905    i._is_digit         c_w.l(__printf_wp.o)
    0x080050ca   0x080050ca   0x00000018   Code   RO         3775    i._sys_close        retarget_io.o
    0x080050e2   0x080050e2   0x0000000c   Code   RO         3776    i._sys_flen         retarget_io.o
    0x080050ee   0x080050ee   0x00000018   Code   RO         3777    i._sys_istty        retarget_io.o
    0x08005106   0x08005106   0x00000002   PAD
    0x08005108   0x08005108   0x0000005c   Code   RO         3778    i._sys_open         retarget_io.o
    0x08005164   0x08005164   0x00000006   Code   RO         3780    i._sys_seek         retarget_io.o
    0x0800516a   0x0800516a   0x0000003c   Code   RO         3781    i._sys_write        retarget_io.o
    0x080051a6   0x080051a6   0x00000002   PAD
    0x080051a8   0x080051a8   0x000000de   Code   RO          345    i.check             main.o
    0x08005286   0x08005286   0x00000002   PAD
    0x08005288   0x08005288   0x00000078   Code   RO         3321    i.check_fs          ff.o
    0x08005300   0x08005300   0x00000068   Code   RO         3322    i.chk_lock          ff.o
    0x08005368   0x08005368   0x00000024   Code   RO         3323    i.clear_lock        ff.o
    0x0800538c   0x0800538c   0x0000002e   Code   RO         3324    i.clmt_clust        ff.o
    0x080053ba   0x080053ba   0x00000002   PAD
    0x080053bc   0x080053bc   0x00000018   Code   RO          346    i.close_File        main.o
    0x080053d4   0x080053d4   0x0000001c   Code   RO         3325    i.clust2sect        ff.o
    0x080053f0   0x080053f0   0x0000001c   Code   RO          347    i.create_File       main.o
    0x0800540c   0x0800540c   0x000000a4   Code   RO         3326    i.create_chain      ff.o
    0x080054b0   0x080054b0   0x00000100   Code   RO         3327    i.create_name       ff.o
    0x080055b0   0x080055b0   0x0000003c   Code   RO         3328    i.dec_lock          ff.o
    0x080055ec   0x080055ec   0x0000014c   Code   RO          348    i.decrypt           main.o
    0x08005738   0x08005738   0x0000008c   Code   RO          349    i.deinitEverything  main.o
    0x080057c4   0x080057c4   0x0000011c   Code   RO         3329    i.dir_next          ff.o
    0x080058e0   0x080058e0   0x00000070   Code   RO         3331    i.dir_register      ff.o
    0x08005950   0x08005950   0x0000009a   Code   RO         3333    i.dir_sdi           ff.o
    0x080059ea   0x080059ea   0x00000002   PAD
    0x080059ec   0x080059ec   0x00000028   Code   RO         3266    i.disk_initialize   diskio.o
    0x08005a14   0x08005a14   0x0000001c   Code   RO         3267    i.disk_ioctl        diskio.o
    0x08005a30   0x08005a30   0x0000001c   Code   RO         3268    i.disk_read         diskio.o
    0x08005a4c   0x08005a4c   0x00000018   Code   RO         3269    i.disk_status       diskio.o
    0x08005a64   0x08005a64   0x0000001c   Code   RO         3270    i.disk_write        diskio.o
    0x08005a80   0x08005a80   0x0000002a   Code   RO         3335    i.f_close           ff.o
    0x08005aaa   0x08005aaa   0x00000048   Code   RO         3338    i.f_gets            ff.o
    0x08005af2   0x08005af2   0x00000266   Code   RO         3339    i.f_lseek           ff.o
    0x08005d58   0x08005d58   0x00000064   Code   RO         3342    i.f_mount           ff.o
    0x08005dbc   0x08005dbc   0x000001f8   Code   RO         3343    i.f_open            ff.o
    0x08005fb4   0x08005fb4   0x0000018e   Code   RO         3348    i.f_read            ff.o
    0x08006142   0x08006142   0x000000a2   Code   RO         3352    i.f_sync            ff.o
    0x080061e4   0x080061e4   0x000000be   Code   RO         3353    i.f_truncate        ff.o
    0x080062a2   0x080062a2   0x000001c6   Code   RO         3356    i.f_write           ff.o
    0x08006468   0x08006468   0x000002dc   Code   RO         3357    i.find_volume       ff.o
    0x08006744   0x08006744   0x00000038   Code   RO          350    i.flash_lock        main.o
    0x0800677c   0x0800677c   0x00000150   Code   RO          351    i.flash_update      main.o
    0x080068cc   0x080068cc   0x000000b8   Code   RO         3358    i.follow_path       ff.o
    0x08006984   0x08006984   0x0000001a   Code   RO         3981    i.fputc             c_w.l(fputc.o)
    0x0800699e   0x0800699e   0x000000f0   Code   RO         3359    i.get_fat           ff.o
    0x08006a8e   0x08006a8e   0x00000004   Code   RO          830    i.get_fattime       fatfs.o
    0x08006a92   0x08006a92   0x0000003c   Code   RO         3361    i.get_ldnumber      ff.o
    0x08006ace   0x08006ace   0x00000002   PAD
    0x08006ad0   0x08006ad0   0x0000001c   Code   RO          353    i.get_point_File    main.o
    0x08006aec   0x08006aec   0x00000020   Code   RO          354    i.gets_File         main.o
    0x08006b0c   0x08006b0c   0x00000098   Code   RO         3362    i.inc_lock          ff.o
    0x08006ba4   0x08006ba4   0x00000014   Code   RO          355    i.ind               main.o
    0x08006bb8   0x08006bb8   0x00000016   Code   RO          356    i.jump_to           main.o
    0x08006bce   0x08006bce   0x00000022   Code   RO          283    i.lcd_clear         lcd.o
    0x08006bf0   0x08006bf0   0x00000078   Code   RO          284    i.lcd_init          lcd.o
    0x08006c68   0x08006c68   0x00000018   Code   RO          285    i.lcd_put_cur       lcd.o
    0x08006c80   0x08006c80   0x00000040   Code   RO          286    i.lcd_send_cmd      lcd.o
    0x08006cc0   0x08006cc0   0x00000040   Code   RO          287    i.lcd_send_data     lcd.o
    0x08006d00   0x08006d00   0x00000014   Code   RO          288    i.lcd_send_string   lcd.o
    0x08006d14   0x08006d14   0x00000016   Code   RO         3363    i.ld_clust          ff.o
    0x08006d2a   0x08006d2a   0x00000002   PAD
    0x08006d2c   0x08006d2c   0x00001360   Code   RO          357    i.main              main.o
    0x0800808c   0x0800808c   0x00000012   Code   RO         3364    i.mem_cpy           ff.o
    0x0800809e   0x0800809e   0x0000000e   Code   RO         3365    i.mem_set           ff.o
    0x080080ac   0x080080ac   0x00000014   Code   RO          358    i.mount_SD          main.o
    0x080080c0   0x080080c0   0x00000038   Code   RO         3366    i.move_window       ff.o
    0x080080f8   0x080080f8   0x0000001c   Code   RO          359    i.open_File         main.o
    0x08008114   0x08008114   0x0000011c   Code   RO         3367    i.put_fat           ff.o
    0x08008230   0x08008230   0x00000020   Code   RO          360    i.read_File         main.o
    0x08008250   0x08008250   0x00000066   Code   RO         3369    i.remove_chain      ff.o
    0x080082b6   0x080082b6   0x00000002   PAD
    0x080082b8   0x080082b8   0x00000018   Code   RO          361    i.set_point_File    main.o
    0x080082d0   0x080082d0   0x00000038   Code   RO          113    i.simreset          sim.o
    0x08008308   0x08008308   0x000000c0   Code   RO          114    i.simsend           sim.o
    0x080083c8   0x080083c8   0x00000514   Code   RO          115    i.simstart          sim.o
    0x080088dc   0x080088dc   0x000000ec   Code   RO          116    i.srevercon         sim.o
    0x080089c8   0x080089c8   0x00000010   Code   RO         3370    i.st_clust          ff.o
    0x080089d8   0x080089d8   0x000000a8   Code   RO         3371    i.sync_fs           ff.o
    0x08008a80   0x08008a80   0x00000052   Code   RO         3372    i.sync_window       ff.o
    0x08008ad2   0x08008ad2   0x00000002   PAD
    0x08008ad4   0x08008ad4   0x00000018   Code   RO          362    i.truncate_File     main.o
    0x08008aec   0x08008aec   0x0000001c   Code   RO          118    i.uart_sendstring_device  sim.o
    0x08008b08   0x08008b08   0x00000002   Code   RO          119    i.uart_sendstring_pc  sim.o
    0x08008b0a   0x08008b0a   0x00000002   PAD
    0x08008b0c   0x08008b0c   0x00000040   Code   RO          120    i.uartflush         sim.o
    0x08008b4c   0x08008b4c   0x00000010   Code   RO          363    i.unmount_SD        main.o
    0x08008b5c   0x08008b5c   0x0000002a   Code   RO         3373    i.validate          ff.o
    0x08008b86   0x08008b86   0x00000002   PAD
    0x08008b88   0x08008b88   0x00000024   Code   RO          121    i.waitfor           sim.o
    0x08008bac   0x08008bac   0x00000044   Code   RO          364    i.write_File        main.o
    0x08008bf0   0x08008bf0   0x00000012   Code   RO           24    i.xtime             zcrypt.o
    0x08008c02   0x08008c02   0x0000020b   Data   RO           25    .constdata          zcrypt.o
    0x08008e0d   0x08008e0d   0x00000003   PAD
    0x08008e10   0x08008e10   0x00000020   Data   RO          368    .constdata          main.o
    0x08008e30   0x08008e30   0x00000010   Data   RO          869    .constdata          system_stm32f1xx.o
    0x08008e40   0x08008e40   0x00000008   Data   RO          870    .constdata          system_stm32f1xx.o
    0x08008e48   0x08008e48   0x000000ac   Data   RO         3375    .constdata          ff.o
    0x08008ef4   0x08008ef4   0x00000014   Data   RO         3723    .constdata          sd_diskio.o
    0x08008f08   0x08008f08   0x00000007   Data   RO         3782    .constdata          retarget_io.o
    0x08008f0f   0x08008f0f   0x00000008   Data   RO         3783    .constdata          retarget_io.o
    0x08008f17   0x08008f17   0x00000008   Data   RO         3784    .constdata          retarget_io.o
    0x08008f1f   0x08008f1f   0x00000028   Data   RO         3878    .constdata          c_w.l(_printf_hex_int.o)
    0x08008f47   0x08008f47   0x00000011   Data   RO         3908    .constdata          c_w.l(__printf_flags_wp.o)
    0x08008f58   0x08008f58   0x00000020   Data   RO         4283    Region$$Table       anon$$obj.o


    Execution Region RW_IRAM1 (Exec base: 0x20000000, Load base: 0x08008f78, Size: 0x000070a8, Max: 0x00010000, ABSOLUTE)

    Exec Addr    Load Addr    Size         Type   Attr      Idx    E Section Name        Object

    0x20000000   0x08008f78   0x00000004   Data   RW          122    .data               sim.o
    0x20000004   0x08008f7c   0x00000004   PAD
    0x20000008   0x08008f80   0x00000020   Data   RW          369    .data               main.o
    0x20000028   0x08008fa0   0x00000005   Data   RW          833    .data               fatfs.o
    0x2000002d   0x08008fa5   0x00000003   PAD
    0x20000030   0x08008fa8   0x00000004   Data   RW          871    .data               system_stm32f1xx.o
    0x20000034   0x08008fac   0x0000000c   Data   RW          966    .data               stm32f1xx_hal.o
    0x20000040   0x08008fb8   0x00000008   Data   RW         3376    .data               ff.o
    0x20000048   0x08008fc0   0x00000001   Data   RW         3724    .data               sd_diskio.o
    0x20000049   0x08008fc1   0x00000003   PAD
    0x2000004c   0x08008fc4   0x00000004   Data   RW         3958    .data               c_w.l(stdio_streams.o)
    0x20000050   0x08008fc8   0x00000004   Data   RW         3959    .data               c_w.l(stdio_streams.o)
    0x20000054   0x08008fcc   0x00000004   Data   RW         3960    .data               c_w.l(stdio_streams.o)
    0x20000058        -       0x000049b8   Zero   RW          365    .bss                main.o
    0x20004a10        -       0x00000514   Zero   RW          367    .bss                main.o
    0x20004f24   0x08008fd0   0x00000004   PAD
    0x20004f28        -       0x00000020   Zero   RW         1670    .bss                stm32f1xx_hal_flash.o
    0x20004f48        -       0x00000018   Zero   RW         3374    .bss                ff.o
    0x20004f60        -       0x0000000c   Zero   RW         3642    .bss                ff_gen_drv.o
    0x20004f6c        -       0x00000054   Zero   RW         3955    .bss                c_w.l(stdio_streams.o)
    0x20004fc0        -       0x00000054   Zero   RW         3956    .bss                c_w.l(stdio_streams.o)
    0x20005014        -       0x00000054   Zero   RW         3957    .bss                c_w.l(stdio_streams.o)
    0x20005068        -       0x00000060   Zero   RW         4143    .bss                c_w.l(libspace.o)
    0x200050c8        -       0x00000ff0   Zero   RW            2    HEAP                startup_stm32f103xe.o
    0x200060b8        -       0x00000ff0   Zero   RW            1    STACK               startup_stm32f103xe.o


==============================================================================

Image component sizes


      Code (inc. data)   RO Data    RW Data    ZI Data      Debug   Object Name

       142         24          0          0          0       3732   bsp_driver_sd.o
       148         22          0          0          0       3489   diskio.o
        32         10          0          5          0       1424   fatfs.o
      6072         68        172          8         24      36291   ff.o
        70          4          0          0         12       1535   ff_gen_drv.o
       326         12          0          0          0       3964   lcd.o
      7044       1484         32         32      20172      54231   main.o
       254         28         23          0          0       5978   retarget_io.o
       264         34         20          1          0       4268   sd_diskio.o
      1914        718          0          4          0     493028   sim.o
        64         26        304          0       8160        796   startup_stm32f103xe.o
       198         34          0         12          0       7370   stm32f1xx_hal.o
       268         24          0          0          0      30076   stm32f1xx_hal_cortex.o
      1364         64          0          0          0       5691   stm32f1xx_hal_dma.o
       452         64          0          0         32       6182   stm32f1xx_hal_flash.o
      1036        100          0          0          0       8533   stm32f1xx_hal_flash_ex.o
       828         74          0          0          0       5030   stm32f1xx_hal_gpio.o
      1350         32          0          0          0       9418   stm32f1xx_hal_i2c.o
       102          0          0          0          0       1791   stm32f1xx_hal_iwdg.o
       692        104          0          0          0       4772   stm32f1xx_hal_msp.o
      1538        128          0          0          0       7392   stm32f1xx_hal_rcc.o
      2014         30          0          0          0      10372   stm32f1xx_hal_sd.o
      1692         38          0          0          0      14373   stm32f1xx_hal_uart.o
        60         18          0          0          0       5032   stm32f1xx_it.o
      1566         46          0          0          0      20814   stm32f1xx_ll_sdmmc.o
         2          0         24          4          0       1071   system_stm32f1xx.o
      1466         12        523          0          0      11239   zcrypt.o

    ----------------------------------------------------------------------
     31018       3198       1133         76      28404     757892   Object Totals
         0          0         32          0          0          0   (incl. Generated)
        60          0          3         10          4          0   (incl. Padding)

    ----------------------------------------------------------------------

      Code (inc. data)   RO Data    RW Data    ZI Data      Debug   Library Member Name

         8          0          0          0          0         68   __main.o
       312          4         17          0          0         92   __printf_flags_wp.o
        14          0          0          0          0         68   __printf_wp.o
         0          0          0          0          0          0   __rtentry.o
        12          0          0          0          0          0   __rtentry2.o
         6          0          0          0          0          0   __rtentry4.o
        52          8          0          0          0          0   __scatter.o
        26          0          0          0          0          0   __scatter_copy.o
        28          0          0          0          0          0   __scatter_zi.o
         6          0          0          0          0          0   _printf_c.o
        44          0          0          0          0        108   _printf_char.o
        48          6          0          0          0         96   _printf_char_common.o
        36          4          0          0          0         80   _printf_char_file.o
         6          0          0          0          0          0   _printf_d.o
       120         16          0          0          0         92   _printf_dec.o
        88          4         40          0          0         88   _printf_hex_int.o
       178          0          0          0          0         88   _printf_intcommon.o
        78          0          0          0          0        108   _printf_pad.o
         0          0          0          0          0          0   _printf_percent.o
         4          0          0          0          0          0   _printf_percent_end.o
        82          0          0          0          0         80   _printf_str.o
         6          0          0          0          0          0   _printf_x.o
        10          0          0          0          0         68   _sputc.o
        10          0          0          0          0         68   defsig_exit.o
        50          0          0          0          0         88   defsig_general.o
        80         58          0          0          0         76   defsig_rtmem_inner.o
        14          0          0          0          0         80   defsig_rtmem_outer.o
        52         38          0          0          0         76   defsig_rtred_inner.o
        14          0          0          0          0         80   defsig_rtred_outer.o
        18          0          0          0          0         80   exit.o
        76          0          0          0          0         88   fclose.o
         8          0          0          0          0         68   ferror.o
       470          0          0          0          0         88   flsbuf.o
       236          4          0          0          0        128   fopen.o
        26          0          0          0          0         68   fputc.o
       248          6          0          0          0         84   fseek.o
        66          0          0          0          0         76   ftell.o
        94          0          0          0          0         80   h1_alloc.o
        52          0          0          0          0         68   h1_extend.o
        78          0          0          0          0         80   h1_free.o
        14          0          0          0          0         84   h1_init.o
         6          0          0          0          0        152   heapauxi.o
         4          0          0          0          0        136   hguard.o
         0          0          0          0          0          0   indicate_semi.o
       138          0          0          0          0        168   init_alloc.o
       312         46          0          0          0        112   initio.o
         2          0          0          0          0          0   libinit.o
        14          0          0          0          0          0   libinit2.o
         2          0          0          0          0          0   libshutdown.o
         6          0          0          0          0          0   libshutdown2.o
         8          4          0          0         96         68   libspace.o
        38          0          0          0          0         68   llushr.o
         0          0          0          0          0          0   maybetermalloc1.o
        24          4          0          0          0         84   noretval__2printf.o
        40          6          0          0          0         84   noretval__2sprintf.o
         8          4          0          0          0         68   rt_errno_addr_intlibspace.o
         8          4          0          0          0         68   rt_heap_descriptor_intlibspace.o
        68          0          0          0          0         68   rt_memclr.o
        78          0          0          0          0         80   rt_memclr_w.o
       138          0          0          0          0         68   rt_memcpy_v6.o
       100          0          0          0          0         80   rt_memcpy_w.o
         2          0          0          0          0          0   rtexit.o
        10          0          0          0          0          0   rtexit2.o
        70          0          0          0          0         80   setvbuf.o
       240          6          0          0          0        156   stdio.o
         0          0          0         12        252          0   stdio_streams.o
        24          0          0          0          0         68   strcat.o
       128          0          0          0          0         68   strcmpv7m.o
        72          0          0          0          0         80   strcpy.o
        62          0          0          0          0         76   strlen.o
        36          0          0          0          0         80   strstr.o
        12          4          0          0          0         68   sys_exit.o
        74          0          0          0          0         80   sys_stackheap_outer.o
        14          0          0          0          0         76   sys_wrch.o
         2          0          0          0          0         68   use_no_semi.o

    ----------------------------------------------------------------------
      4520        226         57         12        348       4700   Library Totals
        10          0          0          0          0          0   (incl. Padding)

    ----------------------------------------------------------------------

      Code (inc. data)   RO Data    RW Data    ZI Data      Debug   Library Name

      4510        226         57         12        348       4700   c_w.l

    ----------------------------------------------------------------------
      4520        226         57         12        348       4700   Library Totals

    ----------------------------------------------------------------------

==============================================================================


      Code (inc. data)   RO Data    RW Data    ZI Data      Debug   

     35538       3424       1190         88      28752     747092   Grand Totals
     35538       3424       1190         88      28752     747092   ELF Image Totals
     35538       3424       1190         88          0          0   ROM Totals

==============================================================================

    Total RO  Size (Code + RO Data)                36728 (  35.87kB)
    Total RW  Size (RW Data + ZI Data)             28840 (  28.16kB)
    Total ROM Size (Code + RO Data + RW Data)      36816 (  35.95kB)

==============================================================================

