Component: ARM Compiler 5.06 update 7 (build 960) Tool: armlink [4d3601]

==============================================================================

Section Cross References

    startup_stm32f103xe.o(STACK) refers (Special) to heapauxi.o(.text) for __use_two_region_memory
    startup_stm32f103xe.o(HEAP) refers (Special) to heapauxi.o(.text) for __use_two_region_memory
    startup_stm32f103xe.o(RESET) refers (Special) to heapauxi.o(.text) for __use_two_region_memory
    startup_stm32f103xe.o(RESET) refers to startup_stm32f103xe.o(STACK) for __initial_sp
    startup_stm32f103xe.o(RESET) refers to startup_stm32f103xe.o(.text) for Reset_Handler
    startup_stm32f103xe.o(RESET) refers to stm32f1xx_it.o(i.NMI_Handler) for NMI_Handler
    startup_stm32f103xe.o(RESET) refers to stm32f1xx_it.o(i.HardFault_Handler) for HardFault_Handler
    startup_stm32f103xe.o(RESET) refers to stm32f1xx_it.o(i.MemManage_Handler) for MemManage_Handler
    startup_stm32f103xe.o(RESET) refers to stm32f1xx_it.o(i.BusFault_Handler) for BusFault_Handler
    startup_stm32f103xe.o(RESET) refers to stm32f1xx_it.o(i.UsageFault_Handler) for UsageFault_Handler
    startup_stm32f103xe.o(RESET) refers to stm32f1xx_it.o(i.SVC_Handler) for SVC_Handler
    startup_stm32f103xe.o(RESET) refers to stm32f1xx_it.o(i.DebugMon_Handler) for DebugMon_Handler
    startup_stm32f103xe.o(RESET) refers to stm32f1xx_it.o(i.PendSV_Handler) for PendSV_Handler
    startup_stm32f103xe.o(RESET) refers to stm32f1xx_it.o(i.SysTick_Handler) for SysTick_Handler
    startup_stm32f103xe.o(RESET) refers to stm32f1xx_it.o(i.DMA1_Channel2_IRQHandler) for DMA1_Channel2_IRQHandler
    startup_stm32f103xe.o(RESET) refers to stm32f1xx_it.o(i.DMA1_Channel3_IRQHandler) for DMA1_Channel3_IRQHandler
    startup_stm32f103xe.o(RESET) refers to stm32f1xx_it.o(i.DMA1_Channel6_IRQHandler) for DMA1_Channel6_IRQHandler
    startup_stm32f103xe.o(RESET) refers to stm32f1xx_it.o(i.DMA1_Channel7_IRQHandler) for DMA1_Channel7_IRQHandler
    startup_stm32f103xe.o(RESET) refers to stm32f1xx_it.o(i.EXTI9_5_IRQHandler) for EXTI9_5_IRQHandler
    startup_stm32f103xe.o(RESET) refers to stm32f1xx_it.o(i.SPI1_IRQHandler) for SPI1_IRQHandler
    startup_stm32f103xe.o(RESET) refers to stm32f1xx_it.o(i.USART2_IRQHandler) for USART2_IRQHandler
    startup_stm32f103xe.o(RESET) refers to stm32f1xx_it.o(i.SDIO_IRQHandler) for SDIO_IRQHandler
    startup_stm32f103xe.o(RESET) refers to stm32f1xx_it.o(i.DMA2_Channel4_5_IRQHandler) for DMA2_Channel4_5_IRQHandler
    startup_stm32f103xe.o(.text) refers (Special) to heapauxi.o(.text) for __use_two_region_memory
    startup_stm32f103xe.o(.text) refers to system_stm32f1xx.o(i.SystemInit) for SystemInit
    startup_stm32f103xe.o(.text) refers to __main.o(!!!main) for __main
    startup_stm32f103xe.o(.text) refers to startup_stm32f103xe.o(HEAP) for Heap_Mem
    startup_stm32f103xe.o(.text) refers to startup_stm32f103xe.o(STACK) for Stack_Mem
    lora.o(i.LoRa_BurstWrite) refers to stm32f1xx_hal_gpio.o(i.HAL_GPIO_WritePin) for HAL_GPIO_WritePin
    lora.o(i.LoRa_BurstWrite) refers to stm32f1xx_hal_spi.o(i.HAL_SPI_Transmit_DMA) for HAL_SPI_Transmit_DMA
    lora.o(i.LoRa_BurstWrite) refers to stm32f1xx_hal_spi.o(i.HAL_SPI_GetState) for HAL_SPI_GetState
    lora.o(i.LoRa_getRSSI) refers to lora.o(i.LoRa_read) for LoRa_read
    lora.o(i.LoRa_gotoMode) refers to lora.o(i.LoRa_read) for LoRa_read
    lora.o(i.LoRa_gotoMode) refers to lora.o(i.LoRa_write) for LoRa_write
    lora.o(i.LoRa_init) refers to lora.o(i.LoRa_gotoMode) for LoRa_gotoMode
    lora.o(i.LoRa_init) refers to lora.o(i.LoRa_read) for LoRa_read
    lora.o(i.LoRa_init) refers to lora.o(i.LoRa_write) for LoRa_write
    lora.o(i.LoRa_init) refers to lora.o(i.LoRa_setFrequency) for LoRa_setFrequency
    lora.o(i.LoRa_init) refers to lora.o(i.LoRa_setPower) for LoRa_setPower
    lora.o(i.LoRa_init) refers to lora.o(i.LoRa_setOCP) for LoRa_setOCP
    lora.o(i.LoRa_init) refers to lora.o(i.LoRa_setTOMsb_setCRCon) for LoRa_setTOMsb_setCRCon
    lora.o(i.LoRa_init) refers to lora.o(i.LoRa_setSpreadingFactor) for LoRa_setSpreadingFactor
    lora.o(i.LoRa_read) refers to lora.o(i.LoRa_readReg) for LoRa_readReg
    lora.o(i.LoRa_readReg) refers to stm32f1xx_hal_gpio.o(i.HAL_GPIO_WritePin) for HAL_GPIO_WritePin
    lora.o(i.LoRa_readReg) refers to stm32f1xx_hal_spi.o(i.HAL_SPI_Transmit_DMA) for HAL_SPI_Transmit_DMA
    lora.o(i.LoRa_readReg) refers to stm32f1xx_hal_spi.o(i.HAL_SPI_GetState) for HAL_SPI_GetState
    lora.o(i.LoRa_readReg) refers to stm32f1xx_hal_spi.o(i.HAL_SPI_Receive_DMA) for HAL_SPI_Receive_DMA
    lora.o(i.LoRa_receive) refers to lora.o(i.LoRa_gotoMode) for LoRa_gotoMode
    lora.o(i.LoRa_receive) refers to lora.o(i.LoRa_read) for LoRa_read
    lora.o(i.LoRa_receive) refers to lora.o(i.LoRa_write) for LoRa_write
    lora.o(i.LoRa_reset) refers to stm32f1xx_hal_gpio.o(i.HAL_GPIO_WritePin) for HAL_GPIO_WritePin
    lora.o(i.LoRa_reset) refers to stm32f1xx_hal.o(i.HAL_Delay) for HAL_Delay
[...]
    __flsbuf_wide                            0x0800d683   Thumb Code     0  flsbuf.o(.text)
    setvbuf                                  0x0800d859   Thumb Code    70  setvbuf.o(.text)
    freopen                                  0x0800d8a1   Thumb Code   158  fopen.o(.text)
    fopen                                    0x0800d93f   Thumb Code    74  fopen.o(.text)
    _fclose_internal                         0x0800d98d   Thumb Code    76  fclose.o(.text)
    fclose                                   0x0800d98d   Thumb Code     0  fclose.o(.text)
    exit                                     0x0800d9d9   Thumb Code    18  exit.o(.text)
    __sig_exit                               0x0800d9eb   Thumb Code    10  defsig_exit.o(.text)
    __rt_SIGRTRED                            0x0800d9f5   Thumb Code    14  defsig_rtred_outer.o(.text)
    __rt_SIGRTMEM_inner                      0x0800da05   Thumb Code    22  defsig_rtmem_inner.o(.text)
    _sys_exit                                0x0800da55   Thumb Code     8  sys_exit.o(.text)
    _fseek                                   0x0800da61   Thumb Code   242  fseek.o(.text)
    fseek                                    0x0800da61   Thumb Code     0  fseek.o(.text)
    _seterr                                  0x0800db59   Thumb Code    20  stdio.o(.text)
    _writebuf                                0x0800db6d   Thumb Code    84  stdio.o(.text)
    _fflush                                  0x0800dbc1   Thumb Code    70  stdio.o(.text)
    _deferredlazyseek                        0x0800dc07   Thumb Code    60  stdio.o(.text)
    __default_signal_display                 0x0800dc49   Thumb Code    50  defsig_general.o(.text)
    __rt_SIGRTRED_inner                      0x0800dc7d   Thumb Code    14  defsig_rtred_inner.o(.text)
    _ttywrch                                 0x0800dcb1   Thumb Code    14  sys_wrch.o(.text)
    _ftell_internal                          0x0800dcbf   Thumb Code    66  ftell.o(.text)
    ftell                                    0x0800dcbf   Thumb Code     0  ftell.o(.text)
    __aeabi_errno_addr                       0x0800dd01   Thumb Code     8  rt_errno_addr_intlibspace.o(.text)
    __errno$intlibspace                      0x0800dd01   Thumb Code     0  rt_errno_addr_intlibspace.o(.text)
    __rt_errno_addr$intlibspace              0x0800dd01   Thumb Code     0  rt_errno_addr_intlibspace.o(.text)
    BSP_SD_AbortCallback                     0x0800dd09   Thumb Code     2  bsp_driver_sd.o(i.BSP_SD_AbortCallback)
    BSP_SD_GetCardInfo                       0x0800dd0d   Thumb Code     8  bsp_driver_sd.o(i.BSP_SD_GetCardInfo)
    BSP_SD_GetCardState                      0x0800dd19   Thumb Code    20  bsp_driver_sd.o(i.BSP_SD_GetCardState)
    BSP_SD_Init                              0x0800dd31   Thumb Code    42  bsp_driver_sd.o(i.BSP_SD_Init)
    BSP_SD_IsDetected                        0x0800dd61   Thumb Code    14  bsp_driver_sd.o(i.BSP_SD_IsDetected)
    BSP_SD_ReadBlocks                        0x0800dd71   Thumb Code    26  bsp_driver_sd.o(i.BSP_SD_ReadBlocks)
    BSP_SD_ReadCpltCallback                  0x0800dd91   Thumb Code     2  bsp_driver_sd.o(i.BSP_SD_ReadCpltCallback)
    BSP_SD_WriteBlocks                       0x0800dd95   Thumb Code    26  bsp_driver_sd.o(i.BSP_SD_WriteBlocks)
    BSP_SD_WriteCpltCallback                 0x0800ddb5   Thumb Code     2  bsp_driver_sd.o(i.BSP_SD_WriteCpltCallback)
    BusFault_Handler                         0x0800ddb7   Thumb Code     2  stm32f1xx_it.o(i.BusFault_Handler)
    DMA1_Channel2_IRQHandler                 0x0800ddb9   Thumb Code     6  stm32f1xx_it.o(i.DMA1_Channel2_IRQHandler)
    DMA1_Channel3_IRQHandler                 0x0800ddc5   Thumb Code     6  stm32f1xx_it.o(i.DMA1_Channel3_IRQHandler)
    DMA1_Channel6_IRQHandler                 0x0800ddd1   Thumb Code     6  stm32f1xx_it.o(i.DMA1_Channel6_IRQHandler)
    DMA1_Channel7_IRQHandler                 0x0800dddd   Thumb Code     6  stm32f1xx_it.o(i.DMA1_Channel7_IRQHandler)
    DMA2_Channel4_5_IRQHandler               0x0800dde9   Thumb Code     6  stm32f1xx_it.o(i.DMA2_Channel4_5_IRQHandler)
    DebugMon_Handler                         0x0800de1f   Thumb Code     2  stm32f1xx_it.o(i.DebugMon_Handler)
    EXTI9_5_IRQHandler                       0x0800de21   Thumb Code     6  stm32f1xx_it.o(i.EXTI9_5_IRQHandler)
    Error_Handler                            0x0800de27   Thumb Code     4  main.o(i.Error_Handler)
    FATFS_LinkDriver                         0x0800de2b   Thumb Code     6  ff_gen_drv.o(i.FATFS_LinkDriver)
    FATFS_LinkDriverEx                       0x0800de31   Thumb Code    60  ff_gen_drv.o(i.FATFS_LinkDriverEx)
    HAL_DMA_Abort                            0x0800de71   Thumb Code    70  stm32f1xx_hal_dma.o(i.HAL_DMA_Abort)
    HAL_DMA_Abort_IT                         0x0800deb9   Thumb Code   296  stm32f1xx_hal_dma.o(i.HAL_DMA_Abort_IT)
    HAL_DMA_IRQHandler                       0x0800dfe9   Thumb Code   552  stm32f1xx_hal_dma.o(i.HAL_DMA_IRQHandler)
    HAL_DMA_Init                             0x0800e231   Thumb Code   112  stm32f1xx_hal_dma.o(i.HAL_DMA_Init)
    HAL_DMA_Start_IT                         0x0800e2ad   Thumb Code   112  stm32f1xx_hal_dma.o(i.HAL_DMA_Start_IT)
    HAL_Delay                                0x0800e31d   Thumb Code    32  stm32f1xx_hal.o(i.HAL_Delay)
    HAL_GPIO_EXTI_Callback                   0x0800e341   Thumb Code    12  main.o(i.HAL_GPIO_EXTI_Callback)
    HAL_GPIO_EXTI_IRQHandler                 0x0800e351   Thumb Code    18  stm32f1xx_hal_gpio.o(i.HAL_GPIO_EXTI_IRQHandler)
    HAL_GPIO_Init                            0x0800e369   Thumb Code   462  stm32f1xx_hal_gpio.o(i.HAL_GPIO_Init)
    HAL_GPIO_TogglePin                       0x0800e561   Thumb Code    16  stm32f1xx_hal_gpio.o(i.HAL_GPIO_TogglePin)
    HAL_GPIO_WritePin                        0x0800e571   Thumb Code    10  stm32f1xx_hal_gpio.o(i.HAL_GPIO_WritePin)
    HAL_GetTick                              0x0800e57d   Thumb Code     6  stm32f1xx_hal.o(i.HAL_GetTick)
    HAL_I2C_Init                             0x0800e589   Thumb Code   376  stm32f1xx_hal_i2c.o(i.HAL_I2C_Init)
    HAL_I2C_Master_Transmit                  0x0800e711   Thumb Code   290  stm32f1xx_hal_i2c.o(i.HAL_I2C_Master_Transmit)
    HAL_I2C_MspInit                          0x0800e83d   Thumb Code    80  stm32f1xx_hal_msp.o(i.HAL_I2C_MspInit)
    HAL_IWDG_Init                            0x0800e899   Thumb Code    90  stm32f1xx_hal_iwdg.o(i.HAL_IWDG_Init)
    HAL_IWDG_Refresh                         0x0800e8f3   Thumb Code    12  stm32f1xx_hal_iwdg.o(i.HAL_IWDG_Refresh)
    HAL_IncTick                              0x0800e901   Thumb Code    12  stm32f1xx_hal.o(i.HAL_IncTick)
    HAL_Init                                 0x0800e911   Thumb Code    32  stm32f1xx_hal.o(i.HAL_Init)
    HAL_InitTick                             0x0800e935   Thumb Code    54  stm32f1xx_hal.o(i.HAL_InitTick)
    HAL_MspInit                              0x0800e975   Thumb Code    48  stm32f1xx_hal_msp.o(i.HAL_MspInit)
    HAL_NVIC_EnableIRQ                       0x0800e9ad   Thumb Code    26  stm32f1xx_hal_cortex.o(i.HAL_NVIC_EnableIRQ)
    HAL_NVIC_SetPriority                     0x0800e9c9   Thumb Code    60  stm32f1xx_hal_cortex.o(i.HAL_NVIC_SetPriority)
    HAL_NVIC_SetPriorityGrouping             0x0800ea09   Thumb Code    26  stm32f1xx_hal_cortex.o(i.HAL_NVIC_SetPriorityGrouping)
    HAL_PWR_EnableBkUpAccess                 0x0800ea2d   Thumb Code     8  stm32f1xx_hal_pwr.o(i.HAL_PWR_EnableBkUpAccess)
    HAL_RCCEx_GetPeriphCLKFreq               0x0800ea39   Thumb Code   178  stm32f1xx_hal_rcc_ex.o(i.HAL_RCCEx_GetPeriphCLKFreq)
    HAL_RCCEx_PeriphCLKConfig                0x0800eb11   Thumb Code   224  stm32f1xx_hal_rcc_ex.o(i.HAL_RCCEx_PeriphCLKConfig)
    HAL_RCC_CSSCallback                      0x0800ebfd   Thumb Code     2  stm32f1xx_hal_rcc.o(i.HAL_RCC_CSSCallback)
    HAL_RCC_ClockConfig                      0x0800ec01   Thumb Code   280  stm32f1xx_hal_rcc.o(i.HAL_RCC_ClockConfig)
    HAL_RCC_EnableCSS                        0x0800ed2d   Thumb Code     8  stm32f1xx_hal_rcc.o(i.HAL_RCC_EnableCSS)
    HAL_RCC_GetPCLK1Freq                     0x0800ed39   Thumb Code    20  stm32f1xx_hal_rcc.o(i.HAL_RCC_GetPCLK1Freq)
    HAL_RCC_GetPCLK2Freq                     0x0800ed59   Thumb Code    20  stm32f1xx_hal_rcc.o(i.HAL_RCC_GetPCLK2Freq)
    HAL_RCC_GetSysClockFreq                  0x0800ed79   Thumb Code    80  stm32f1xx_hal_rcc.o(i.HAL_RCC_GetSysClockFreq)
    HAL_RCC_NMI_IRQHandler                   0x0800eded   Thumb Code    20  stm32f1xx_hal_rcc.o(i.HAL_RCC_NMI_IRQHandler)
    HAL_RCC_OscConfig                        0x0800ee05   Thumb Code   778  stm32f1xx_hal_rcc.o(i.HAL_RCC_OscConfig)
    HAL_RTC_GetDate                          0x0800f125   Thumb Code    78  stm32f1xx_hal_rtc.o(i.HAL_RTC_GetDate)
    HAL_RTC_GetTime                          0x0800f173   Thumb Code   216  stm32f1xx_hal_rtc.o(i.HAL_RTC_GetTime)
    HAL_RTC_Init                             0x0800f24d   Thumb Code   154  stm32f1xx_hal_rtc.o(i.HAL_RTC_Init)
    HAL_RTC_MspInit                          0x0800f2ed   Thumb Code    40  stm32f1xx_hal_msp.o(i.HAL_RTC_MspInit)
    HAL_RTC_SetDate                          0x0800f321   Thumb Code   192  stm32f1xx_hal_rtc.o(i.HAL_RTC_SetDate)
    HAL_RTC_SetTime                          0x0800f3e5   Thumb Code   168  stm32f1xx_hal_rtc.o(i.HAL_RTC_SetTime)
    HAL_RTC_WaitForSynchro                   0x0800f491   Thumb Code    58  stm32f1xx_hal_rtc.o(i.HAL_RTC_WaitForSynchro)
    HAL_SD_AbortCallback                     0x0800f4cb   Thumb Code     8  bsp_driver_sd.o(i.HAL_SD_AbortCallback)
    HAL_SD_ConfigWideBusOperation            0x0800f4d5   Thumb Code   276  stm32f1xx_hal_sd.o(i.HAL_SD_ConfigWideBusOperation)
    HAL_SD_ErrorCallback                     0x0800f5ed   Thumb Code     2  stm32f1xx_hal_sd.o(i.HAL_SD_ErrorCallback)
    HAL_SD_GetCardCSD                        0x0800f5f1   Thumb Code   402  stm32f1xx_hal_sd.o(i.HAL_SD_GetCardCSD)
    HAL_SD_GetCardInfo                       0x0800f789   Thumb Code    36  stm32f1xx_hal_sd.o(i.HAL_SD_GetCardInfo)
    HAL_SD_GetCardState                      0x0800f7ad   Thumb Code    44  stm32f1xx_hal_sd.o(i.HAL_SD_GetCardState)
    HAL_SD_IRQHandler                        0x0800f7d9   Thumb Code   496  stm32f1xx_hal_sd.o(i.HAL_SD_IRQHandler)
    HAL_SD_Init                              0x0800f9d1   Thumb Code    54  stm32f1xx_hal_sd.o(i.HAL_SD_Init)
    HAL_SD_InitCard                          0x0800fa09   Thumb Code   108  stm32f1xx_hal_sd.o(i.HAL_SD_InitCard)
    HAL_SD_MspInit                           0x0800fa7d   Thumb Code   178  stm32f1xx_hal_msp.o(i.HAL_SD_MspInit)
    HAL_SD_ReadBlocks                        0x0800fb49   Thumb Code   468  stm32f1xx_hal_sd.o(i.HAL_SD_ReadBlocks)
    HAL_SD_RxCpltCallback                    0x0800fd21   Thumb Code     8  bsp_driver_sd.o(i.HAL_SD_RxCpltCallback)
    HAL_SD_TxCpltCallback                    0x0800fd29   Thumb Code     8  bsp_driver_sd.o(i.HAL_SD_TxCpltCallback)
    HAL_SD_WriteBlocks                       0x0800fd31   Thumb Code   422  stm32f1xx_hal_sd.o(i.HAL_SD_WriteBlocks)
    HAL_SPI_ErrorCallback                    0x0800fedd   Thumb Code     2  stm32f1xx_hal_spi.o(i.HAL_SPI_ErrorCallback)
    HAL_SPI_GetState                         0x0800fedf   Thumb Code     6  stm32f1xx_hal_spi.o(i.HAL_SPI_GetState)
    HAL_SPI_IRQHandler                       0x0800fee5   Thumb Code   220  stm32f1xx_hal_spi.o(i.HAL_SPI_IRQHandler)
    HAL_SPI_Init                             0x0800ffc5   Thumb Code   178  stm32f1xx_hal_spi.o(i.HAL_SPI_Init)
    HAL_SPI_MspInit                          0x08010079   Thumb Code   204  stm32f1xx_hal_msp.o(i.HAL_SPI_MspInit)
    HAL_SPI_Receive_DMA                      0x0801015d   Thumb Code   230  stm32f1xx_hal_spi.o(i.HAL_SPI_Receive_DMA)
    HAL_SPI_RxCpltCallback                   0x08010251   Thumb Code     2  stm32f1xx_hal_spi.o(i.HAL_SPI_RxCpltCallback)
    HAL_SPI_RxHalfCpltCallback               0x08010253   Thumb Code     2  stm32f1xx_hal_spi.o(i.HAL_SPI_RxHalfCpltCallback)
    HAL_SPI_TransmitReceive_DMA              0x08010255   Thumb Code   270  stm32f1xx_hal_spi.o(i.HAL_SPI_TransmitReceive_DMA)
    HAL_SPI_Transmit_DMA                     0x08010379   Thumb Code   202  stm32f1xx_hal_spi.o(i.HAL_SPI_Transmit_DMA)
    HAL_SPI_TxCpltCallback                   0x08010451   Thumb Code     2  stm32f1xx_hal_spi.o(i.HAL_SPI_TxCpltCallback)
    HAL_SPI_TxHalfCpltCallback               0x08010453   Thumb Code     2  stm32f1xx_hal_spi.o(i.HAL_SPI_TxHalfCpltCallback)
    HAL_SPI_TxRxCpltCallback                 0x08010455   Thumb Code     2  stm32f1xx_hal_spi.o(i.HAL_SPI_TxRxCpltCallback)
    HAL_SPI_TxRxHalfCpltCallback             0x08010457   Thumb Code     2  stm32f1xx_hal_spi.o(i.HAL_SPI_TxRxHalfCpltCallback)
    HAL_SYSTICK_Config                       0x08010459   Thumb Code    40  stm32f1xx_hal_cortex.o(i.HAL_SYSTICK_Config)
    HAL_UARTEx_ReceiveToIdle_DMA             0x08010481   Thumb Code    74  stm32f1xx_hal_uart.o(i.HAL_UARTEx_ReceiveToIdle_DMA)
    HAL_UARTEx_RxEventCallback               0x080104cd   Thumb Code   118  main.o(i.HAL_UARTEx_RxEventCallback)
    HAL_UART_ErrorCallback                   0x08010555   Thumb Code     2  stm32f1xx_hal_uart.o(i.HAL_UART_ErrorCallback)
    HAL_UART_IRQHandler                      0x08010559   Thumb Code   520  stm32f1xx_hal_uart.o(i.HAL_UART_IRQHandler)
    HAL_UART_Init                            0x08010765   Thumb Code    98  stm32f1xx_hal_uart.o(i.HAL_UART_Init)
    HAL_UART_MspInit                         0x080107c9   Thumb Code   204  stm32f1xx_hal_msp.o(i.HAL_UART_MspInit)
    HAL_UART_RxCpltCallback                  0x080108ad   Thumb Code     2  stm32f1xx_hal_uart.o(i.HAL_UART_RxCpltCallback)
    HAL_UART_RxHalfCpltCallback              0x080108af   Thumb Code     2  stm32f1xx_hal_uart.o(i.HAL_UART_RxHalfCpltCallback)
    HAL_UART_Transmit_DMA                    0x080108b1   Thumb Code   114  stm32f1xx_hal_uart.o(i.HAL_UART_Transmit_DMA)
    HAL_UART_TxCpltCallback                  0x08010931   Thumb Code     2  stm32f1xx_hal_uart.o(i.HAL_UART_TxCpltCallback)
    HAL_UART_TxHalfCpltCallback              0x08010933   Thumb Code     2  stm32f1xx_hal_uart.o(i.HAL_UART_TxHalfCpltCallback)
    HardFault_Handler                        0x08010935   Thumb Code     2  stm32f1xx_it.o(i.HardFault_Handler)
    ITM_SendChar                             0x08010b99   Thumb Code    32  retarget_io.o(i.ITM_SendChar)
    LoRa_BurstWrite                          0x08010bbd   Thumb Code    78  lora.o(i.LoRa_BurstWrite)
    LoRa_gotoMode                            0x08010c0b   Thumb Code   102  lora.o(i.LoRa_gotoMode)
    LoRa_init                                0x08010c71   Thumb Code   196  lora.o(i.LoRa_init)
    LoRa_read                                0x08010d35   Thumb Code    30  lora.o(i.LoRa_read)
    LoRa_readReg                             0x08010d53   Thumb Code    80  lora.o(i.LoRa_readReg)
    LoRa_receive                             0x08010da3   Thumb Code   124  lora.o(i.LoRa_receive)
    LoRa_reset                               0x08010e1f   Thumb Code    40  lora.o(i.LoRa_reset)
    LoRa_setFrequency                        0x08010e47   Thumb Code    46  lora.o(i.LoRa_setFrequency)
    LoRa_setOCP                              0x08010e75   Thumb Code    50  lora.o(i.LoRa_setOCP)
    LoRa_setPower                            0x08010ea7   Thumb Code     8  lora.o(i.LoRa_setPower)
    LoRa_setSpreadingFactor                  0x08010eaf   Thumb Code    44  lora.o(i.LoRa_setSpreadingFactor)
    LoRa_setTOMsb_setCRCon                   0x08010edb   Thumb Code    26  lora.o(i.LoRa_setTOMsb_setCRCon)
    LoRa_startReceiving                      0x08010ef5   Thumb Code     6  lora.o(i.LoRa_startReceiving)
    LoRa_transmit                            0x08010efb   Thumb Code   132  lora.o(i.LoRa_transmit)
    LoRa_write                               0x08010f7f   Thumb Code    30  lora.o(i.LoRa_write)
    LoRa_writeReg                            0x08010f9d   Thumb Code    80  lora.o(i.LoRa_writeReg)
    LoraInit                                 0x08010fed   Thumb Code   162  main.o(i.LoraInit)
    MX_FATFS_Init                            0x08011151   Thumb Code    18  fatfs.o(i.MX_FATFS_Init)
    MainInit                                 0x080113d5   Thumb Code   596  main.o(i.MainInit)
    MemManage_Handler                        0x08011755   Thumb Code     2  stm32f1xx_it.o(i.MemManage_Handler)
    NMI_Handler                              0x08011757   Thumb Code     6  stm32f1xx_it.o(i.NMI_Handler)
    NTPInit                                  0x0801175d   Thumb Code   372  main.o(i.NTPInit)
    PendSV_Handler                           0x08011969   Thumb Code     2  stm32f1xx_it.o(i.PendSV_Handler)
    SDIO_ConfigData                          0x08011b7f   Thumb Code    36  stm32f1xx_ll_sdmmc.o(i.SDIO_ConfigData)
    SDIO_GetPowerState                       0x08011ba3   Thumb Code     8  stm32f1xx_ll_sdmmc.o(i.SDIO_GetPowerState)
    SDIO_GetResponse                         0x08011bab   Thumb Code     6  stm32f1xx_ll_sdmmc.o(i.SDIO_GetResponse)
    SDIO_IRQHandler                          0x08011bb1   Thumb Code     6  stm32f1xx_it.o(i.SDIO_IRQHandler)
    SDIO_Init                                0x08011bbd   Thumb Code    36  stm32f1xx_ll_sdmmc.o(i.SDIO_Init)
    SDIO_PowerState_ON                       0x08011be1   Thumb Code    16  stm32f1xx_ll_sdmmc.o(i.SDIO_PowerState_ON)
    SDIO_ReadFIFO                            0x08011bf1   Thumb Code     6  stm32f1xx_ll_sdmmc.o(i.SDIO_ReadFIFO)
    SDIO_SendCommand                         0x08011bf7   Thumb Code    32  stm32f1xx_ll_sdmmc.o(i.SDIO_SendCommand)
    SDIO_WriteFIFO                           0x08011c17   Thumb Code    10  stm32f1xx_ll_sdmmc.o(i.SDIO_WriteFIFO)
    SDMMC_CmdAppCommand                      0x08011c21   Thumb Code    50  stm32f1xx_ll_sdmmc.o(i.SDMMC_CmdAppCommand)
    SDMMC_CmdAppOperCommand                  0x08011c55   Thumb Code    48  stm32f1xx_ll_sdmmc.o(i.SDMMC_CmdAppOperCommand)
    SDMMC_CmdBlockLength                     0x08011c89   Thumb Code    50  stm32f1xx_ll_sdmmc.o(i.SDMMC_CmdBlockLength)
    SDMMC_CmdBusWidth                        0x08011cbb   Thumb Code    50  stm32f1xx_ll_sdmmc.o(i.SDMMC_CmdBusWidth)
    SDMMC_CmdGoIdleState                     0x08011ced   Thumb Code    74  stm32f1xx_ll_sdmmc.o(i.SDMMC_CmdGoIdleState)
    SDMMC_CmdOperCond                        0x08011d3d   Thumb Code   112  stm32f1xx_ll_sdmmc.o(i.SDMMC_CmdOperCond)
    SDMMC_CmdReadMultiBlock                  0x08011db1   Thumb Code    50  stm32f1xx_ll_sdmmc.o(i.SDMMC_CmdReadMultiBlock)
    SDMMC_CmdReadSingleBlock                 0x08011de3   Thumb Code    50  stm32f1xx_ll_sdmmc.o(i.SDMMC_CmdReadSingleBlock)
    SDMMC_CmdSelDesel                        0x08011e15   Thumb Code    50  stm32f1xx_ll_sdmmc.o(i.SDMMC_CmdSelDesel)
    SDMMC_CmdSendCID                         0x08011e47   Thumb Code    44  stm32f1xx_ll_sdmmc.o(i.SDMMC_CmdSendCID)
    SDMMC_CmdSendCSD                         0x08011e73   Thumb Code    44  stm32f1xx_ll_sdmmc.o(i.SDMMC_CmdSendCSD)
    SDMMC_CmdSendSCR                         0x08011e9f   Thumb Code    48  stm32f1xx_ll_sdmmc.o(i.SDMMC_CmdSendSCR)
    SDMMC_CmdSendStatus                      0x08011ecf   Thumb Code    50  stm32f1xx_ll_sdmmc.o(i.SDMMC_CmdSendStatus)
    SDMMC_CmdSetRelAdd                       0x08011f01   Thumb Code    48  stm32f1xx_ll_sdmmc.o(i.SDMMC_CmdSetRelAdd)
    SDMMC_CmdStopTransfer                    0x08011f31   Thumb Code    46  stm32f1xx_ll_sdmmc.o(i.SDMMC_CmdStopTransfer)
    SDMMC_CmdWriteMultiBlock                 0x08011f65   Thumb Code    50  stm32f1xx_ll_sdmmc.o(i.SDMMC_CmdWriteMultiBlock)
    SDMMC_CmdWriteSingleBlock                0x08011f97   Thumb Code    50  stm32f1xx_ll_sdmmc.o(i.SDMMC_CmdWriteSingleBlock)
    SD_initialize                            0x08012509   Thumb Code    26  sd_diskio.o(i.SD_initialize)
    SD_ioctl                                 0x08012529   Thumb Code    74  sd_diskio.o(i.SD_ioctl)
    SD_read                                  0x08012579   Thumb Code    52  sd_diskio.o(i.SD_read)
    SD_status                                0x080125b5   Thumb Code    26  sd_diskio.o(i.SD_status)
    SD_write                                 0x080125d5   Thumb Code    52  sd_diskio.o(i.SD_write)
    SPI1_IRQHandler                          0x08012611   Thumb Code     6  stm32f1xx_it.o(i.SPI1_IRQHandler)
    SVC_Handler                              0x080128c9   Thumb Code     2  stm32f1xx_it.o(i.SVC_Handler)
    SysTick_Handler                          0x080128cb   Thumb Code     4  stm32f1xx_it.o(i.SysTick_Handler)
    SystemClock_Config                       0x080128cf   Thumb Code   132  main.o(i.SystemClock_Config)
    SystemInit                               0x08012955   Thumb Code     8  system_stm32f1xx.o(i.SystemInit)
    UART_Start_Receive_DMA                   0x08012c1d   Thumb Code    98  stm32f1xx_hal_uart.o(i.UART_Start_Receive_DMA)
    USART2_IRQHandler                        0x08012c8d   Thumb Code     6  stm32f1xx_it.o(i.USART2_IRQHandler)
    UsageFault_Handler                       0x08012c99   Thumb Code     2  stm32f1xx_it.o(i.UsageFault_Handler)
    _is_digit                                0x08012cbb   Thumb Code    14  __printf_wp.o(i._is_digit)
    _sys_close                               0x08012cc9   Thumb Code    24  retarget_io.o(i._sys_close)
    _sys_flen                                0x08012ce1   Thumb Code    12  retarget_io.o(i._sys_flen)
    _sys_istty                               0x08012ced   Thumb Code    24  retarget_io.o(i._sys_istty)
    _sys_open                                0x08012d05   Thumb Code    68  retarget_io.o(i._sys_open)
    _sys_seek                                0x08012d61   Thumb Code     6  retarget_io.o(i._sys_seek)
    _sys_write                               0x08012d67   Thumb Code    60  retarget_io.o(i._sys_write)
    close_File                               0x08012ed9   Thumb Code    16  main.o(i.close_File)
    clust2sect                               0x08012ef1   Thumb Code    28  ff.o(i.clust2sect)
    dictAddItem                              0x080130ed   Thumb Code    54  list.o(i.dictAddItem)
    dictAlloc                                0x08013123   Thumb Code     6  list.o(i.dictAlloc)
    dictDelItem                              0x08013129   Thumb Code    70  list.o(i.dictDelItem)
    dictGetItem                              0x0801316f   Thumb Code    32  list.o(i.dictGetItem)
    disk_initialize                          0x080133b9   Thumb Code    36  diskio.o(i.disk_initialize)
    disk_ioctl                               0x080133e1   Thumb Code    24  diskio.o(i.disk_ioctl)
    disk_read                                0x080133fd   Thumb Code    24  diskio.o(i.disk_read)
    disk_status                              0x08013419   Thumb Code    18  diskio.o(i.disk_status)
    disk_write                               0x08013431   Thumb Code    24  diskio.o(i.disk_write)
    f_close                                  0x0801344d   Thumb Code    42  ff.o(i.f_close)
    f_gets                                   0x08013477   Thumb Code    72  ff.o(i.f_gets)
    f_mount                                  0x080134c1   Thumb Code    94  ff.o(i.f_mount)
    f_open                                   0x08013525   Thumb Code   498  ff.o(i.f_open)
    f_read                                   0x0801371d   Thumb Code   398  ff.o(i.f_read)
    f_sync                                   0x080138ab   Thumb Code   162  ff.o(i.f_sync)
    fputc                                    0x08013ce1   Thumb Code    26  fputc.o(i.fputc)
    get_fat                                  0x08013cfb   Thumb Code   240  ff.o(i.get_fat)
    get_fattime                              0x08013deb   Thumb Code     4  fatfs.o(i.get_fattime)
    gets_File                                0x08013e2d   Thumb Code    16  main.o(i.gets_File)
    lcd_clear                                0x08013edd   Thumb Code    34  lcd.o(i.lcd_clear)
    lcd_init                                 0x08013eff   Thumb Code   120  lcd.o(i.lcd_init)
    lcd_put_cur                              0x08013f77   Thumb Code    24  lcd.o(i.lcd_put_cur)
    lcd_send_cmd                             0x08013f91   Thumb Code    58  lcd.o(i.lcd_send_cmd)
    lcd_send_data                            0x08013fd1   Thumb Code    58  lcd.o(i.lcd_send_data)
    lcd_send_string                          0x08014011   Thumb Code    20  lcd.o(i.lcd_send_string)
    main                                     0x0801403d   Thumb Code   328  main.o(i.main)
    mount_SD                                 0x08014209   Thumb Code    10  main.o(i.mount_SD)
    newLoRa                                  0x08014255   Thumb Code    56  lora.o(i.newLoRa)
    ntptotime                                0x0801428d   Thumb Code   304  main.o(i.ntptotime)
    open_File                                0x080143d5   Thumb Code    20  main.o(i.open_File)
    put_fat                                  0x080143f1   Thumb Code   284  ff.o(i.put_fat)
    simreset                                 0x08014575   Thumb Code    48  sim.o(i.simreset)
    simsend                                  0x080145ad   Thumb Code   158  sim.o(i.simsend)
    simstart                                 0x0801468d   Thumb Code  1976  sim.o(i.simstart)
    srevercon_udp                            0x08014e45   Thumb Code   174  sim.o(i.srevercon_udp)
    struct_get_endian                        0x08015009   Thumb Code    12  struct.o(i.struct_get_endian)
    struct_unpack                            0x08015015   Thumb Code    20  struct.o(i.struct_unpack)
    uart_sendstring_device                   0x08015125   Thumb Code    22  sim.o(i.uart_sendstring_device)
    uart_sendstring_pc                       0x08015141   Thumb Code     6  sim.o(i.uart_sendstring_pc)
    uartflush                                0x08015149   Thumb Code    40  sim.o(i.uartflush)
    waitfor                                  0x08015285   Thumb Code    26  sim.o(i.waitfor)
    _get_lc_ctype                            0x080152a9   Thumb Code    44  lc_ctype_c.o(locale$$code)
    AHBPrescTable                            0x080152d4   Data          16  system_stm32f1xx.o(.constdata)
    APBPrescTable                            0x080152e4   Data           8  system_stm32f1xx.o(.constdata)
    SD_Driver                                0x08015398   Data          20  sd_diskio.o(.constdata)
    __stdin_name                             0x080153ac   Data           7  retarget_io.o(.constdata)
    __stdout_name                            0x080153b3   Data           8  retarget_io.o(.constdata)
    __stderr_name                            0x080153bb   Data           8  retarget_io.o(.constdata)
    Region$$Table$$Base                      0x08015408   Number         0  anon$$obj.o(Region$$Table)
    Region$$Table$$Limit                     0x08015428   Number         0  anon$$obj.o(Region$$Table)
    __ctype                                  0x08015435   Data           0  lc_ctype_c.o(locale$$data)
    fresult                                  0x2000000a   Data           1  main.o(.data)
    time                                     0x20000011   Data           3  main.o(.data)
    br                                       0x20000014   Data           4  main.o(.data)
    date                                     0x20000018   Data           4  main.o(.data)
    gOldPos                                  0x20000020   Data           4  main.o(.data)
    gNewPos                                  0x20000024   Data           4  main.o(.data)
    retSD                                    0x20000028   Data           1  fatfs.o(.data)
    SDPath                                   0x20000029   Data           4  fatfs.o(.data)
    uwTickFreq                               0x20000030   Data           1  stm32f1xx_hal.o(.data)
    uwTickPrio                               0x20000034   Data           4  stm32f1xx_hal.o(.data)
    uwTick                                   0x20000038   Data           4  stm32f1xx_hal.o(.data)
    SystemCoreClock                          0x2000003c   Data           4  system_stm32f1xx.o(.data)
    __aeabi_stdin                            0x2000004c   Data           4  stdio_streams.o(.data)
    __aeabi_stdout                           0x20000050   Data           4  stdio_streams.o(.data)
    __aeabi_stderr                           0x20000054   Data           4  stdio_streams.o(.data)
    fs                                       0x20000058   Data        4144  main.o(.bss)
    fil1                                     0x20001088   Data        4140  main.o(.bss)
    fil2                                     0x200020b4   Data        4140  main.o(.bss)
    myLoRa                                   0x200030e0   Data          44  main.o(.bss)
    hi2c1                                    0x2000310c   Data          84  main.o(.bss)
    hiwdg                                    0x20003160   Data          12  main.o(.bss)
    hrtc                                     0x2000316c   Data          20  main.o(.bss)
    hsd                                      0x20003180   Data         132  main.o(.bss)
    hspi1                                    0x20003204   Data          88  main.o(.bss)
    huart2                                   0x2000325c   Data          68  main.o(.bss)
    hdma_usart2_rx                           0x200032a0   Data          68  main.o(.bss)
    gRxBuf                                   0x200032e4   Data         500  main.o(.bss)
    gMainBuf                                 0x200034d8   Data        1500  main.o(.bss)
    hdma_sdio                                0x20003b7c   Data          68  main.o(.bss)
    hdma_spi1_rx                             0x20003bc0   Data          68  main.o(.bss)
    hdma_spi1_tx                             0x20003c04   Data          68  main.o(.bss)
    hdma_usart2_tx                           0x20003c48   Data          68  main.o(.bss)
    gTxBuf                                   0x20003c8c   Data         100  main.o(.bss)
    disk                                     0x20003d08   Data          12  ff_gen_drv.o(.bss)
    __stdin                                  0x20003d14   Data          84  stdio_streams.o(.bss)
    __stdout                                 0x20003d68   Data          84  stdio_streams.o(.bss)
    __stderr                                 0x20003dbc   Data          84  stdio_streams.o(.bss)
    __libspace_start                         0x20003e10   Data          96  libspace.o(.bss)
    __temporary_stack_top$libspace           0x20003e70   Data           0  libspace.o(.bss)



==============================================================================

Memory Map of the image

  Image Entry point : 0x0800c931

  Load Region LR_IROM1 (Base: 0x0800c800, Size: 0x00008d90, Max: 0x00073800, ABSOLUTE)

    Execution Region ER_IROM1 (Exec base: 0x0800c800, Load base: 0x0800c800, Size: 0x00008d38, Max: 0x00073800, ABSOLUTE)

    Exec Addr    Load Addr    Size         Type   Attr      Idx    E Section Name        Object

    0x0800c800   0x0800c800   0x00000130   Data   RO            3    RESET               startup_stm32f103xe.o
    0x0800c930   0x0800c930   0x00000008   Code   RO         4838  * !!!main             c_w.l(__main.o)
    0x0800c938   0x0800c938   0x00000034   Code   RO         5133    !!!scatter          c_w.l(__scatter.o)
    0x0800c96c   0x0800c96c   0x0000001a   Code   RO         5135    !!handler_copy      c_w.l(__scatter_copy.o)
    0x0800c986   0x0800c986   0x00000002   PAD
    0x0800c988   0x0800c988   0x0000001c   Code   RO         5137    !!handler_zi        c_w.l(__scatter_zi.o)
    0x0800c9a4   0x0800c9a4   0x00000000   Code   RO         4816    .ARM.Collect$$_printf_percent$$00000000  c_w.l(_printf_percent.o)
    0x0800c9a4   0x0800c9a4   0x00000006   Code   RO         4813    .ARM.Collect$$_printf_percent$$00000008  c_w.l(_printf_i.o)
    0x0800c9aa   0x0800c9aa   0x00000006   Code   RO         4814    .ARM.Collect$$_printf_percent$$00000009  c_w.l(_printf_d.o)
    0x0800c9b0   0x0800c9b0   0x00000006   Code   RO         4815    .ARM.Collect$$_printf_percent$$0000000A  c_w.l(_printf_u.o)
    0x0800c9b6   0x0800c9b6   0x00000006   Code   RO         4812    .ARM.Collect$$_printf_percent$$0000000B  c_w.l(_printf_o.o)
    0x0800c9bc   0x0800c9bc   0x00000006   Code   RO         4811    .ARM.Collect$$_printf_percent$$0000000C  c_w.l(_printf_x.o)
    0x0800c9c2   0x0800c9c2   0x0000000a   Code   RO         4886    .ARM.Collect$$_printf_percent$$00000012  c_w.l(_printf_l.o)
    0x0800c9cc   0x0800c9cc   0x00000006   Code   RO         4810    .ARM.Collect$$_printf_percent$$00000013  c_w.l(_printf_c.o)
    0x0800c9d2   0x0800c9d2   0x00000006   Code   RO         4817    .ARM.Collect$$_printf_percent$$00000015  c_w.l(_printf_lc.o)
    0x0800c9d8   0x0800c9d8   0x00000004   Code   RO         4885    .ARM.Collect$$_printf_percent$$00000017  c_w.l(_printf_percent_end.o)
    0x0800c9dc   0x0800c9dc   0x00000002   Code   RO         5041    .ARM.Collect$$libinit$$00000000  c_w.l(libinit.o)
    0x0800c9de   0x0800c9de   0x00000000   Code   RO         4901    .ARM.Collect$$libinit$$00000002  c_w.l(libinit2.o)
    0x0800c9de   0x0800c9de   0x00000000   Code   RO         4903    .ARM.Collect$$libinit$$00000004  c_w.l(libinit2.o)
    0x0800c9de   0x0800c9de   0x00000008   Code   RO         4904    .ARM.Collect$$libinit$$00000005  c_w.l(libinit2.o)
    0x0800c9e6   0x0800c9e6   0x00000000   Code   RO         4906    .ARM.Collect$$libinit$$0000000A  c_w.l(libinit2.o)
    0x0800c9e6   0x0800c9e6   0x00000000   Code   RO         4908    .ARM.Collect$$libinit$$0000000C  c_w.l(libinit2.o)
    0x0800c9e6   0x0800c9e6   0x00000000   Code   RO         4910    .ARM.Collect$$libinit$$0000000E  c_w.l(libinit2.o)
    0x0800c9e6   0x0800c9e6   0x00000006   Code   RO         4911    .ARM.Collect$$libinit$$0000000F  c_w.l(libinit2.o)
    0x0800c9ec   0x0800c9ec   0x00000000   Code   RO         4913    .ARM.Collect$$libinit$$00000011  c_w.l(libinit2.o)
    0x0800c9ec   0x0800c9ec   0x0000000c   Code   RO         4914    .ARM.Collect$$libinit$$00000012  c_w.l(libinit2.o)
    0x0800c9f8   0x0800c9f8   0x00000000   Code   RO         4915    .ARM.Collect$$libinit$$00000013  c_w.l(libinit2.o)
    0x0800c9f8   0x0800c9f8   0x00000000   Code   RO         4917    .ARM.Collect$$libinit$$00000015  c_w.l(libinit2.o)
    0x0800c9f8   0x0800c9f8   0x00000000   Code   RO         4919    .ARM.Collect$$libinit$$00000017  c_w.l(libinit2.o)
    0x0800c9f8   0x0800c9f8   0x00000000   Code   RO         4921    .ARM.Collect$$libinit$$00000019  c_w.l(libinit2.o)
    0x0800c9f8   0x0800c9f8   0x00000000   Code   RO         4923    .ARM.Collect$$libinit$$0000001B  c_w.l(libinit2.o)
    0x0800c9f8   0x0800c9f8   0x00000000   Code   RO         4925    .ARM.Collect$$libinit$$0000001D  c_w.l(libinit2.o)
    0x0800c9f8   0x0800c9f8   0x00000000   Code   RO         4927    .ARM.Collect$$libinit$$0000001F  c_w.l(libinit2.o)
    0x0800c9f8   0x0800c9f8   0x00000000   Code   RO         4929    .ARM.Collect$$libinit$$00000021  c_w.l(libinit2.o)
    0x0800c9f8   0x0800c9f8   0x00000000   Code   RO         4931    .ARM.Collect$$libinit$$00000023  c_w.l(libinit2.o)
    0x0800c9f8   0x0800c9f8   0x00000004   Code   RO         4932    .ARM.Collect$$libinit$$00000024  c_w.l(libinit2.o)
    0x0800c9fc   0x0800c9fc   0x00000000   Code   RO         4933    .ARM.Collect$$libinit$$00000025  c_w.l(libinit2.o)
    0x0800c9fc   0x0800c9fc   0x00000000   Code   RO         4937    .ARM.Collect$$libinit$$0000002C  c_w.l(libinit2.o)
    0x0800c9fc   0x0800c9fc   0x00000000   Code   RO         4939    .ARM.Collect$$libinit$$0000002E  c_w.l(libinit2.o)
    0x0800c9fc   0x0800c9fc   0x00000000   Code   RO         4941    .ARM.Collect$$libinit$$00000030  c_w.l(libinit2.o)
    0x0800c9fc   0x0800c9fc   0x00000000   Code   RO         4943    .ARM.Collect$$libinit$$00000032  c_w.l(libinit2.o)
    0x0800c9fc   0x0800c9fc   0x00000002   Code   RO         4944    .ARM.Collect$$libinit$$00000033  c_w.l(libinit2.o)
    0x0800c9fe   0x0800c9fe   0x00000002   Code   RO         5130    .ARM.Collect$$libshutdown$$00000000  c_w.l(libshutdown.o)
    0x0800ca00   0x0800ca00   0x00000000   Code   RO         5043    .ARM.Collect$$libshutdown$$00000002  c_w.l(libshutdown2.o)
    0x0800ca00   0x0800ca00   0x00000000   Code   RO         5045    .ARM.Collect$$libshutdown$$00000004  c_w.l(libshutdown2.o)
    0x0800ca00   0x0800ca00   0x00000004   Code   RO         5046    .ARM.Collect$$libshutdown$$00000005  c_w.l(libshutdown2.o)
    0x0800ca04   0x0800ca04   0x00000000   Code   RO         5047    .ARM.Collect$$libshutdown$$00000006  c_w.l(libshutdown2.o)
    0x0800ca04   0x0800ca04   0x00000000   Code   RO         5050    .ARM.Collect$$libshutdown$$00000009  c_w.l(libshutdown2.o)
    0x0800ca04   0x0800ca04   0x00000000   Code   RO         5053    .ARM.Collect$$libshutdown$$0000000C  c_w.l(libshutdown2.o)
    0x0800ca04   0x0800ca04   0x00000000   Code   RO         5055    .ARM.Collect$$libshutdown$$0000000E  c_w.l(libshutdown2.o)
    0x0800ca04   0x0800ca04   0x00000000   Code   RO         5058    .ARM.Collect$$libshutdown$$00000011  c_w.l(libshutdown2.o)
    0x0800ca04   0x0800ca04   0x00000002   Code   RO         5059    .ARM.Collect$$libshutdown$$00000012  c_w.l(libshutdown2.o)
    0x0800ca06   0x0800ca06   0x00000000   Code   RO         4842    .ARM.Collect$$rtentry$$00000000  c_w.l(__rtentry.o)
    0x0800ca06   0x0800ca06   0x00000000   Code   RO         4951    .ARM.Collect$$rtentry$$00000002  c_w.l(__rtentry2.o)
    0x0800ca06   0x0800ca06   0x00000006   Code   RO         4963    .ARM.Collect$$rtentry$$00000004  c_w.l(__rtentry4.o)
    0x0800ca0c   0x0800ca0c   0x00000000   Code   RO         4953    .ARM.Collect$$rtentry$$00000009  c_w.l(__rtentry2.o)
    0x0800ca0c   0x0800ca0c   0x00000004   Code   RO         4954    .ARM.Collect$$rtentry$$0000000A  c_w.l(__rtentry2.o)
    0x0800ca10   0x0800ca10   0x00000000   Code   RO         4956    .ARM.Collect$$rtentry$$0000000C  c_w.l(__rtentry2.o)
    0x0800ca10   0x0800ca10   0x00000008   Code   RO         4957    .ARM.Collect$$rtentry$$0000000D  c_w.l(__rtentry2.o)
    0x0800ca18   0x0800ca18   0x00000002   Code   RO         5064    .ARM.Collect$$rtexit$$00000000  c_w.l(rtexit.o)
    0x0800ca1a   0x0800ca1a   0x00000000   Code   RO         5091    .ARM.Collect$$rtexit$$00000002  c_w.l(rtexit2.o)
    0x0800ca1a   0x0800ca1a   0x00000004   Code   RO         5092    .ARM.Collect$$rtexit$$00000003  c_w.l(rtexit2.o)
    0x0800ca1e   0x0800ca1e   0x00000006   Code   RO         5093    .ARM.Collect$$rtexit$$00000004  c_w.l(rtexit2.o)
    0x0800ca24   0x0800ca24   0x00000000   Code   RO         4967    .emb_text           c_w.l(maybetermalloc1.o)
    0x0800ca24   0x0800ca24   0x00000040   Code   RO            4    .text               startup_stm32f103xe.o
    0x0800ca64   0x0800ca64   0x00000010   Code   RO         4676    .text               c_w.l(rt_ctype_table.o)
    0x0800ca74   0x0800ca74   0x0000005e   Code   RO         4682    .text               c_w.l(h1_alloc.o)
    0x0800cad2   0x0800cad2   0x0000004e   Code   RO         4684    .text               c_w.l(h1_free.o)
    0x0800cb20   0x0800cb20   0x00000018   Code   RO         4746    .text               c_w.l(noretval__2printf.o)
    0x0800cb38   0x0800cb38   0x00000028   Code   RO         4748    .text               c_w.l(noretval__2sprintf.o)
    0x0800cb60   0x0800cb60   0x0000004e   Code   RO         4752    .text               c_w.l(_printf_pad.o)
    0x0800cbae   0x0800cbae   0x00000024   Code   RO         4754    .text               c_w.l(_printf_truncate.o)
    0x0800cbd2   0x0800cbd2   0x00000052   Code   RO         4756    .text               c_w.l(_printf_str.o)
    0x0800cc24   0x0800cc24   0x00000078   Code   RO         4758    .text               c_w.l(_printf_dec.o)
    0x0800cc9c   0x0800cc9c   0x000000bc   Code   RO         4760    .text               c_w.l(_printf_wctomb.o)
    0x0800cd58   0x0800cd58   0x00000050   Code   RO         4765    .text               c_w.l(_printf_oct_int.o)
    0x0800cda8   0x0800cda8   0x00000058   Code   RO         4772    .text               c_w.l(_printf_hex_int.o)
    0x0800ce00   0x0800ce00   0x00000188   Code   RO         4807    .text               c_w.l(__printf_flags_ss_wp.o)
    0x0800cf88   0x0800cf88   0x00000024   Code   RO         4818    .text               c_w.l(strstr.o)
    0x0800cfac   0x0800cfac   0x00000048   Code   RO         4820    .text               c_w.l(strcpy.o)
    0x0800cff4   0x0800cff4   0x0000003e   Code   RO         4822    .text               c_w.l(strlen.o)
    0x0800d032   0x0800d032   0x00000018   Code   RO         4824    .text               c_w.l(strcat.o)
    0x0800d04a   0x0800d04a   0x0000008a   Code   RO         4826    .text               c_w.l(rt_memcpy_v6.o)
    0x0800d0d4   0x0800d0d4   0x00000064   Code   RO         4828    .text               c_w.l(rt_memcpy_w.o)
    0x0800d138   0x0800d138   0x00000044   Code   RO         4830    .text               c_w.l(rt_memclr.o)
    0x0800d17c   0x0800d17c   0x0000004e   Code   RO         4832    .text               c_w.l(rt_memclr_w.o)
    0x0800d1ca   0x0800d1ca   0x00000002   PAD
    0x0800d1cc   0x0800d1cc   0x00000080   Code   RO         4834    .text               c_w.l(strcmpv7m.o)
    0x0800d24c   0x0800d24c   0x00000006   Code   RO         4836    .text               c_w.l(heapauxi.o)
    0x0800d252   0x0800d252   0x00000002   PAD
    0x0800d254   0x0800d254   0x00000008   Code   RO         4846    .text               c_w.l(rt_heap_descriptor_intlibspace.o)
    0x0800d25c   0x0800d25c   0x00000008   Code   RO         4851    .text               c_w.l(rt_locale_intlibspace.o)
    0x0800d264   0x0800d264   0x00000004   Code   RO         4853    .text               c_w.l(hguard.o)
    0x0800d268   0x0800d268   0x0000008a   Code   RO         4855    .text               c_w.l(init_alloc.o)
    0x0800d2f2   0x0800d2f2   0x0000000e   Code   RO         4859    .text               c_w.l(h1_init.o)
    0x0800d300   0x0800d300   0x000000b2   Code   RO         4873    .text               c_w.l(_printf_intcommon.o)
    0x0800d3b2   0x0800d3b2   0x00000002   PAD
    0x0800d3b4   0x0800d3b4   0x00000030   Code   RO         4875    .text               c_w.l(_printf_char_common.o)
    0x0800d3e4   0x0800d3e4   0x0000000a   Code   RO         4877    .text               c_w.l(_sputc.o)
    0x0800d3ee   0x0800d3ee   0x0000002c   Code   RO         4879    .text               c_w.l(_printf_char.o)
    0x0800d41a   0x0800d41a   0x00000002   PAD
    0x0800d41c   0x0800d41c   0x00000024   Code   RO         4881    .text               c_w.l(_printf_char_file.o)
    0x0800d440   0x0800d440   0x0000002c   Code   RO         4883    .text               c_w.l(_printf_wchar.o)
    0x0800d46c   0x0800d46c   0x00000040   Code   RO         4893    .text               c_w.l(_wcrtomb.o)
    0x0800d4ac   0x0800d4ac   0x00000008   Code   RO         4947    .text               c_w.l(libspace.o)
    0x0800d4b4   0x0800d4b4   0x00000034   Code   RO         4969    .text               c_w.l(h1_extend.o)
    0x0800d4e8   0x0800d4e8   0x00000008   Code   RO         4975    .text               c_w.l(ferror.o)
    0x0800d4f0   0x0800d4f0   0x00000138   Code   RO         4981    .text               c_w.l(initio.o)
    0x0800d628   0x0800d628   0x0000000e   Code   RO         4989    .text               c_w.l(defsig_rtmem_outer.o)
    0x0800d636   0x0800d636   0x00000002   Code   RO         5000    .text               c_w.l(use_no_semi.o)
    0x0800d638   0x0800d638   0x00000000   Code   RO         5002    .text               c_w.l(indicate_semi.o)
    0x0800d638   0x0800d638   0x0000004a   Code   RO         5003    .text               c_w.l(sys_stackheap_outer.o)
    0x0800d682   0x0800d682   0x000001d6   Code   RO         5009    .text               c_w.l(flsbuf.o)
    0x0800d858   0x0800d858   0x00000046   Code   RO         5011    .text               c_w.l(setvbuf.o)
    0x0800d89e   0x0800d89e   0x00000002   PAD
    0x0800d8a0   0x0800d8a0   0x000000ec   Code   RO         5014    .text               c_w.l(fopen.o)
    0x0800d98c   0x0800d98c   0x0000004c   Code   RO         5016    .text               c_w.l(fclose.o)
    0x0800d9d8   0x0800d9d8   0x00000012   Code   RO         5022    .text               c_w.l(exit.o)
    0x0800d9ea   0x0800d9ea   0x0000000a   Code   RO         5024    .text               c_w.l(defsig_exit.o)
    0x0800d9f4   0x0800d9f4   0x0000000e   Code   RO         5026    .text               c_w.l(defsig_rtred_outer.o)
    0x0800da02   0x0800da02   0x00000002   PAD
    0x0800da04   0x0800da04   0x00000050   Code   RO         5030    .text               c_w.l(defsig_rtmem_inner.o)
    0x0800da54   0x0800da54   0x0000000c   Code   RO         5062    .text               c_w.l(sys_exit.o)
    0x0800da60   0x0800da60   0x000000f8   Code   RO         5072    .text               c_w.l(fseek.o)
    0x0800db58   0x0800db58   0x000000f0   Code   RO         5074    .text               c_w.l(stdio.o)
    0x0800dc48   0x0800dc48   0x00000032   Code   RO         5082    .text               c_w.l(defsig_general.o)
    0x0800dc7a   0x0800dc7a   0x00000002   PAD
    0x0800dc7c   0x0800dc7c   0x00000034   Code   RO         5084    .text               c_w.l(defsig_rtred_inner.o)
    0x0800dcb0   0x0800dcb0   0x0000000e   Code   RO         5088    .text               c_w.l(sys_wrch.o)
    0x0800dcbe   0x0800dcbe   0x00000042   Code   RO         5101    .text               c_w.l(ftell.o)
    0x0800dd00   0x0800dd00   0x00000008   Code   RO         5112    .text               c_w.l(rt_errno_addr_intlibspace.o)
    0x0800dd08   0x0800dd08   0x00000002   Code   RO          934    i.BSP_SD_AbortCallback  bsp_driver_sd.o
    0x0800dd0a   0x0800dd0a   0x00000002   PAD
    0x0800dd0c   0x0800dd0c   0x0000000c   Code   RO          937    i.BSP_SD_GetCardInfo  bsp_driver_sd.o
    0x0800dd18   0x0800dd18   0x00000018   Code   RO          938    i.BSP_SD_GetCardState  bsp_driver_sd.o
    0x0800dd30   0x0800dd30   0x00000030   Code   RO          940    i.BSP_SD_Init       bsp_driver_sd.o
    0x0800dd60   0x0800dd60   0x0000000e   Code   RO          941    i.BSP_SD_IsDetected  bsp_driver_sd.o
    0x0800dd6e   0x0800dd6e   0x00000002   PAD
    0x0800dd70   0x0800dd70   0x00000020   Code   RO          942    i.BSP_SD_ReadBlocks  bsp_driver_sd.o
    0x0800dd90   0x0800dd90   0x00000002   Code   RO          944    i.BSP_SD_ReadCpltCallback  bsp_driver_sd.o
    0x0800dd92   0x0800dd92   0x00000002   PAD
    0x0800dd94   0x0800dd94   0x00000020   Code   RO          945    i.BSP_SD_WriteBlocks  bsp_driver_sd.o
    0x0800ddb4   0x0800ddb4   0x00000002   Code   RO          947    i.BSP_SD_WriteCpltCallback  bsp_driver_sd.o
    0x0800ddb6   0x0800ddb6   0x00000002   Code   RO          719    i.BusFault_Handler  stm32f1xx_it.o
    0x0800ddb8   0x0800ddb8   0x0000000c   Code   RO          720    i.DMA1_Channel2_IRQHandler  stm32f1xx_it.o
    0x0800ddc4   0x0800ddc4   0x0000000c   Code   RO          721    i.DMA1_Channel3_IRQHandler  stm32f1xx_it.o
    0x0800ddd0   0x0800ddd0   0x0000000c   Code   RO          722    i.DMA1_Channel6_IRQHandler  stm32f1xx_it.o
    0x0800dddc   0x0800dddc   0x0000000c   Code   RO          723    i.DMA1_Channel7_IRQHandler  stm32f1xx_it.o
    0x0800dde8   0x0800dde8   0x0000000c   Code   RO          724    i.DMA2_Channel4_5_IRQHandler  stm32f1xx_it.o
    0x0800ddf4   0x0800ddf4   0x0000002a   Code   RO         1507    i.DMA_SetConfig     stm32f1xx_hal_dma.o
    0x0800de1e   0x0800de1e   0x00000002   Code   RO          725    i.DebugMon_Handler  stm32f1xx_it.o
    0x0800de20   0x0800de20   0x00000006   Code   RO          726    i.EXTI9_5_IRQHandler  stm32f1xx_it.o
    0x0800de26   0x0800de26   0x00000004   Code   RO          487    i.Error_Handler     main.o
    0x0800de2a   0x0800de2a   0x00000006   Code   RO         4458    i.FATFS_LinkDriver  ff_gen_drv.o
    0x0800de30   0x0800de30   0x00000040   Code   RO         4459    i.FATFS_LinkDriverEx  ff_gen_drv.o
    0x0800de70   0x0800de70   0x00000046   Code   RO         1508    i.HAL_DMA_Abort     stm32f1xx_hal_dma.o
    0x0800deb6   0x0800deb6   0x00000002   PAD
    0x0800deb8   0x0800deb8   0x00000130   Code   RO         1509    i.HAL_DMA_Abort_IT  stm32f1xx_hal_dma.o
    0x0800dfe8   0x0800dfe8   0x00000248   Code   RO         1513    i.HAL_DMA_IRQHandler  stm32f1xx_hal_dma.o
    0x0800e230   0x0800e230   0x0000007c   Code   RO         1514    i.HAL_DMA_Init      stm32f1xx_hal_dma.o
    0x0800e2ac   0x0800e2ac   0x00000070   Code   RO         1518    i.HAL_DMA_Start_IT  stm32f1xx_hal_dma.o
    0x0800e31c   0x0800e31c   0x00000024   Code   RO         1136    i.HAL_Delay         stm32f1xx_hal.o
    0x0800e340   0x0800e340   0x00000010   Code   RO          488    i.HAL_GPIO_EXTI_Callback  main.o
    0x0800e350   0x0800e350   0x00000018   Code   RO         1443    i.HAL_GPIO_EXTI_IRQHandler  stm32f1xx_hal_gpio.o
    0x0800e368   0x0800e368   0x000001f8   Code   RO         1444    i.HAL_GPIO_Init     stm32f1xx_hal_gpio.o
    0x0800e560   0x0800e560   0x00000010   Code   RO         1447    i.HAL_GPIO_TogglePin  stm32f1xx_hal_gpio.o
    0x0800e570   0x0800e570   0x0000000a   Code   RO         1448    i.HAL_GPIO_WritePin  stm32f1xx_hal_gpio.o
    0x0800e57a   0x0800e57a   0x00000002   PAD
    0x0800e57c   0x0800e57c   0x0000000c   Code   RO         1140    i.HAL_GetTick       stm32f1xx_hal.o
    0x0800e588   0x0800e588   0x00000188   Code   RO         2115    i.HAL_I2C_Init      stm32f1xx_hal_i2c.o
    0x0800e710   0x0800e710   0x0000012c   Code   RO         2128    i.HAL_I2C_Master_Transmit  stm32f1xx_hal_i2c.o
    0x0800e83c   0x0800e83c   0x0000005c   Code   RO          850    i.HAL_I2C_MspInit   stm32f1xx_hal_msp.o
    0x0800e898   0x0800e898   0x0000005a   Code   RO         2536    i.HAL_IWDG_Init     stm32f1xx_hal_iwdg.o
    0x0800e8f2   0x0800e8f2   0x0000000c   Code   RO         2537    i.HAL_IWDG_Refresh  stm32f1xx_hal_iwdg.o
    0x0800e8fe   0x0800e8fe   0x00000002   PAD
    0x0800e900   0x0800e900   0x00000010   Code   RO         1146    i.HAL_IncTick       stm32f1xx_hal.o
    0x0800e910   0x0800e910   0x00000024   Code   RO         1147    i.HAL_Init          stm32f1xx_hal.o
    0x0800e934   0x0800e934   0x00000040   Code   RO         1148    i.HAL_InitTick      stm32f1xx_hal.o
    0x0800e974   0x0800e974   0x00000038   Code   RO          851    i.HAL_MspInit       stm32f1xx_hal_msp.o
    0x0800e9ac   0x0800e9ac   0x0000001a   Code   RO         1604    i.HAL_NVIC_EnableIRQ  stm32f1xx_hal_cortex.o
    0x0800e9c6   0x0800e9c6   0x00000002   PAD
    0x0800e9c8   0x0800e9c8   0x00000040   Code   RO         1610    i.HAL_NVIC_SetPriority  stm32f1xx_hal_cortex.o
    0x0800ea08   0x0800ea08   0x00000024   Code   RO         1611    i.HAL_NVIC_SetPriorityGrouping  stm32f1xx_hal_cortex.o
    0x0800ea2c   0x0800ea2c   0x0000000c   Code   RO         1726    i.HAL_PWR_EnableBkUpAccess  stm32f1xx_hal_pwr.o
    0x0800ea38   0x0800ea38   0x000000d8   Code   RO         1406    i.HAL_RCCEx_GetPeriphCLKFreq  stm32f1xx_hal_rcc_ex.o
    0x0800eb10   0x0800eb10   0x000000ec   Code   RO         1407    i.HAL_RCCEx_PeriphCLKConfig  stm32f1xx_hal_rcc_ex.o
    0x0800ebfc   0x0800ebfc   0x00000002   Code   RO         1303    i.HAL_RCC_CSSCallback  stm32f1xx_hal_rcc.o
    0x0800ebfe   0x0800ebfe   0x00000002   PAD
    0x0800ec00   0x0800ec00   0x0000012c   Code   RO         1304    i.HAL_RCC_ClockConfig  stm32f1xx_hal_rcc.o
    0x0800ed2c   0x0800ed2c   0x0000000c   Code   RO         1307    i.HAL_RCC_EnableCSS  stm32f1xx_hal_rcc.o
    0x0800ed38   0x0800ed38   0x00000020   Code   RO         1311    i.HAL_RCC_GetPCLK1Freq  stm32f1xx_hal_rcc.o
    0x0800ed58   0x0800ed58   0x00000020   Code   RO         1312    i.HAL_RCC_GetPCLK2Freq  stm32f1xx_hal_rcc.o
    0x0800ed78   0x0800ed78   0x00000074   Code   RO         1313    i.HAL_RCC_GetSysClockFreq  stm32f1xx_hal_rcc.o
    0x0800edec   0x0800edec   0x00000018   Code   RO         1315    i.HAL_RCC_NMI_IRQHandler  stm32f1xx_hal_rcc.o
    0x0800ee04   0x0800ee04   0x00000320   Code   RO         1316    i.HAL_RCC_OscConfig  stm32f1xx_hal_rcc.o
    0x0800f124   0x0800f124   0x0000004e   Code   RO         2571    i.HAL_RTC_GetDate   stm32f1xx_hal_rtc.o
    0x0800f172   0x0800f172   0x000000d8   Code   RO         2573    i.HAL_RTC_GetTime   stm32f1xx_hal_rtc.o
    0x0800f24a   0x0800f24a   0x00000002   PAD
    0x0800f24c   0x0800f24c   0x000000a0   Code   RO         2574    i.HAL_RTC_Init      stm32f1xx_hal_rtc.o
    0x0800f2ec   0x0800f2ec   0x00000034   Code   RO          853    i.HAL_RTC_MspInit   stm32f1xx_hal_msp.o
    0x0800f320   0x0800f320   0x000000c4   Code   RO         2580    i.HAL_RTC_SetDate   stm32f1xx_hal_rtc.o
    0x0800f3e4   0x0800f3e4   0x000000ac   Code   RO         2581    i.HAL_RTC_SetTime   stm32f1xx_hal_rtc.o
    0x0800f490   0x0800f490   0x0000003a   Code   RO         2582    i.HAL_RTC_WaitForSynchro  stm32f1xx_hal_rtc.o
    0x0800f4ca   0x0800f4ca   0x00000008   Code   RO          948    i.HAL_SD_AbortCallback  bsp_driver_sd.o
    0x0800f4d2   0x0800f4d2   0x00000002   PAD
    0x0800f4d4   0x0800f4d4   0x00000118   Code   RO         3111    i.HAL_SD_ConfigWideBusOperation  stm32f1xx_hal_sd.o
    0x0800f5ec   0x0800f5ec   0x00000002   Code   RO         3114    i.HAL_SD_ErrorCallback  stm32f1xx_hal_sd.o
    0x0800f5ee   0x0800f5ee   0x00000002   PAD
    0x0800f5f0   0x0800f5f0   0x00000198   Code   RO         3116    i.HAL_SD_GetCardCSD  stm32f1xx_hal_sd.o
    0x0800f788   0x0800f788   0x00000024   Code   RO         3117    i.HAL_SD_GetCardInfo  stm32f1xx_hal_sd.o
    0x0800f7ac   0x0800f7ac   0x0000002c   Code   RO         3118    i.HAL_SD_GetCardState  stm32f1xx_hal_sd.o
    0x0800f7d8   0x0800f7d8   0x000001f8   Code   RO         3122    i.HAL_SD_IRQHandler  stm32f1xx_hal_sd.o
    0x0800f9d0   0x0800f9d0   0x00000036   Code   RO         3123    i.HAL_SD_Init       stm32f1xx_hal_sd.o
    0x0800fa06   0x0800fa06   0x00000002   PAD
    0x0800fa08   0x0800fa08   0x00000074   Code   RO         3124    i.HAL_SD_InitCard   stm32f1xx_hal_sd.o
    0x0800fa7c   0x0800fa7c   0x000000cc   Code   RO          855    i.HAL_SD_MspInit    stm32f1xx_hal_msp.o
    0x0800fb48   0x0800fb48   0x000001d8   Code   RO         3127    i.HAL_SD_ReadBlocks  stm32f1xx_hal_sd.o
    0x0800fd20   0x0800fd20   0x00000008   Code   RO          949    i.HAL_SD_RxCpltCallback  bsp_driver_sd.o
    0x0800fd28   0x0800fd28   0x00000008   Code   RO          950    i.HAL_SD_TxCpltCallback  bsp_driver_sd.o
    0x0800fd30   0x0800fd30   0x000001ac   Code   RO         3132    i.HAL_SD_WriteBlocks  stm32f1xx_hal_sd.o
    0x0800fedc   0x0800fedc   0x00000002   Code   RO         3340    i.HAL_SPI_ErrorCallback  stm32f1xx_hal_spi.o
    0x0800fede   0x0800fede   0x00000006   Code   RO         3342    i.HAL_SPI_GetState  stm32f1xx_hal_spi.o
    0x0800fee4   0x0800fee4   0x000000e0   Code   RO         3343    i.HAL_SPI_IRQHandler  stm32f1xx_hal_spi.o
    0x0800ffc4   0x0800ffc4   0x000000b2   Code   RO         3344    i.HAL_SPI_Init      stm32f1xx_hal_spi.o
    0x08010076   0x08010076   0x00000002   PAD
    0x08010078   0x08010078   0x000000e4   Code   RO          857    i.HAL_SPI_MspInit   stm32f1xx_hal_msp.o
    0x0801015c   0x0801015c   0x000000f4   Code   RO         3348    i.HAL_SPI_Receive_DMA  stm32f1xx_hal_spi.o
    0x08010250   0x08010250   0x00000002   Code   RO         3350    i.HAL_SPI_RxCpltCallback  stm32f1xx_hal_spi.o
    0x08010252   0x08010252   0x00000002   Code   RO         3351    i.HAL_SPI_RxHalfCpltCallback  stm32f1xx_hal_spi.o
    0x08010254   0x08010254   0x00000124   Code   RO         3354    i.HAL_SPI_TransmitReceive_DMA  stm32f1xx_hal_spi.o
    0x08010378   0x08010378   0x000000d8   Code   RO         3356    i.HAL_SPI_Transmit_DMA  stm32f1xx_hal_spi.o
    0x08010450   0x08010450   0x00000002   Code   RO         3358    i.HAL_SPI_TxCpltCallback  stm32f1xx_hal_spi.o
    0x08010452   0x08010452   0x00000002   Code   RO         3359    i.HAL_SPI_TxHalfCpltCallback  stm32f1xx_hal_spi.o
    0x08010454   0x08010454   0x00000002   Code   RO         3360    i.HAL_SPI_TxRxCpltCallback  stm32f1xx_hal_spi.o
    0x08010456   0x08010456   0x00000002   Code   RO         3361    i.HAL_SPI_TxRxHalfCpltCallback  stm32f1xx_hal_spi.o
    0x08010458   0x08010458   0x00000028   Code   RO         1615    i.HAL_SYSTICK_Config  stm32f1xx_hal_cortex.o
    0x08010480   0x08010480   0x0000004a   Code   RO         3700    i.HAL_UARTEx_ReceiveToIdle_DMA  stm32f1xx_hal_uart.o
    0x080104ca   0x080104ca   0x00000002   PAD
    0x080104cc   0x080104cc   0x00000088   Code   RO          489    i.HAL_UARTEx_RxEventCallback  main.o
    0x08010554   0x08010554   0x00000002   Code   RO         3716    i.HAL_UART_ErrorCallback  stm32f1xx_hal_uart.o
    0x08010556   0x08010556   0x00000002   PAD
    0x08010558   0x08010558   0x0000020c   Code   RO         3719    i.HAL_UART_IRQHandler  stm32f1xx_hal_uart.o
    0x08010764   0x08010764   0x00000062   Code   RO         3720    i.HAL_UART_Init     stm32f1xx_hal_uart.o
    0x080107c6   0x080107c6   0x00000002   PAD
    0x080107c8   0x080107c8   0x000000e4   Code   RO          859    i.HAL_UART_MspInit  stm32f1xx_hal_msp.o
    0x080108ac   0x080108ac   0x00000002   Code   RO         3726    i.HAL_UART_RxCpltCallback  stm32f1xx_hal_uart.o
    0x080108ae   0x080108ae   0x00000002   Code   RO         3727    i.HAL_UART_RxHalfCpltCallback  stm32f1xx_hal_uart.o
    0x080108b0   0x080108b0   0x00000080   Code   RO         3729    i.HAL_UART_Transmit_DMA  stm32f1xx_hal_uart.o
    0x08010930   0x08010930   0x00000002   Code   RO         3731    i.HAL_UART_TxCpltCallback  stm32f1xx_hal_uart.o
    0x08010932   0x08010932   0x00000002   Code   RO         3732    i.HAL_UART_TxHalfCpltCallback  stm32f1xx_hal_uart.o
    0x08010934   0x08010934   0x00000002   Code   RO          727    i.HardFault_Handler  stm32f1xx_it.o
    0x08010936   0x08010936   0x0000002e   Code   RO         2157    i.I2C_IsAcknowledgeFailed  stm32f1xx_hal_i2c.o
    0x08010964   0x08010964   0x0000009c   Code   RO         2161    i.I2C_MasterRequestWrite  stm32f1xx_hal_i2c.o
    0x08010a00   0x08010a00   0x0000004c   Code   RO         2172    i.I2C_WaitOnBTFFlagUntilTimeout  stm32f1xx_hal_i2c.o
    0x08010a4c   0x08010a4c   0x00000068   Code   RO         2173    i.I2C_WaitOnFlagUntilTimeout  stm32f1xx_hal_i2c.o
    0x08010ab4   0x08010ab4   0x00000096   Code   RO         2174    i.I2C_WaitOnMasterAddressFlagUntilTimeout  stm32f1xx_hal_i2c.o
    0x08010b4a   0x08010b4a   0x0000004c   Code   RO         2176    i.I2C_WaitOnTXEFlagUntilTimeout  stm32f1xx_hal_i2c.o
    0x08010b96   0x08010b96   0x00000002   PAD
    0x08010b98   0x08010b98   0x00000024   Code   RO         4594    i.ITM_SendChar      retarget_io.o
    0x08010bbc   0x08010bbc   0x0000004e   Code   RO           13    i.LoRa_BurstWrite   lora.o
    0x08010c0a   0x08010c0a   0x00000066   Code   RO           15    i.LoRa_gotoMode     lora.o
    0x08010c70   0x08010c70   0x000000c4   Code   RO           16    i.LoRa_init         lora.o
    0x08010d34   0x08010d34   0x0000001e   Code   RO           18    i.LoRa_read         lora.o
    0x08010d52   0x08010d52   0x00000050   Code   RO           19    i.LoRa_readReg      lora.o
    0x08010da2   0x08010da2   0x0000007c   Code   RO           20    i.LoRa_receive      lora.o
    0x08010e1e   0x08010e1e   0x00000028   Code   RO           21    i.LoRa_reset        lora.o
    0x08010e46   0x08010e46   0x0000002e   Code   RO           22    i.LoRa_setFrequency  lora.o
    0x08010e74   0x08010e74   0x00000032   Code   RO           23    i.LoRa_setOCP       lora.o
    0x08010ea6   0x08010ea6   0x00000008   Code   RO           24    i.LoRa_setPower     lora.o
    0x08010eae   0x08010eae   0x0000002c   Code   RO           25    i.LoRa_setSpreadingFactor  lora.o
    0x08010eda   0x08010eda   0x0000001a   Code   RO           26    i.LoRa_setTOMsb_setCRCon  lora.o
    0x08010ef4   0x08010ef4   0x00000006   Code   RO           27    i.LoRa_startReceiving  lora.o
    0x08010efa   0x08010efa   0x00000084   Code   RO           28    i.LoRa_transmit     lora.o
    0x08010f7e   0x08010f7e   0x0000001e   Code   RO           29    i.LoRa_write        lora.o
    0x08010f9c   0x08010f9c   0x00000050   Code   RO           30    i.LoRa_writeReg     lora.o
    0x08010fec   0x08010fec   0x000000e8   Code   RO          490    i.LoraInit          main.o
    0x080110d4   0x080110d4   0x0000007c   Code   RO          491    i.MX_DMA_Init       main.o
    0x08011150   0x08011150   0x0000001c   Code   RO         1055    i.MX_FATFS_Init     fatfs.o
    0x0801116c   0x0801116c   0x000001b8   Code   RO          492    i.MX_GPIO_Init      main.o
    0x08011324   0x08011324   0x0000006c   Code   RO          493    i.MX_RTC_Init       main.o
    0x08011390   0x08011390   0x00000044   Code   RO          494    i.MX_SPI1_Init      main.o
    0x080113d4   0x080113d4   0x00000380   Code   RO          495    i.MainInit          main.o
    0x08011754   0x08011754   0x00000002   Code   RO          728    i.MemManage_Handler  stm32f1xx_it.o
    0x08011756   0x08011756   0x00000006   Code   RO          729    i.NMI_Handler       stm32f1xx_it.o
    0x0801175c   0x0801175c   0x0000020c   Code   RO          496    i.NTPInit           main.o
    0x08011968   0x08011968   0x00000002   Code   RO          730    i.PendSV_Handler    stm32f1xx_it.o
    0x0801196a   0x0801196a   0x00000012   Code   RO         2583    i.RTC_Bcd2ToByte    stm32f1xx_hal_rtc.o
    0x0801197c   0x0801197c   0x00000016   Code   RO         2584    i.RTC_ByteToBcd2    stm32f1xx_hal_rtc.o
    0x08011992   0x08011992   0x000000ae   Code   RO         2585    i.RTC_DateUpdate    stm32f1xx_hal_rtc.o
    0x08011a40   0x08011a40   0x00000034   Code   RO         2586    i.RTC_EnterInitMode  stm32f1xx_hal_rtc.o
    0x08011a74   0x08011a74   0x00000036   Code   RO         2587    i.RTC_ExitInitMode  stm32f1xx_hal_rtc.o
    0x08011aaa   0x08011aaa   0x0000000e   Code   RO         2588    i.RTC_ReadAlarmCounter  stm32f1xx_hal_rtc.o
    0x08011ab8   0x08011ab8   0x00000020   Code   RO         2589    i.RTC_ReadTimeCounter  stm32f1xx_hal_rtc.o
    0x08011ad8   0x08011ad8   0x00000056   Code   RO         2590    i.RTC_WeekDayNum    stm32f1xx_hal_rtc.o
    0x08011b2e   0x08011b2e   0x00000028   Code   RO         2591    i.RTC_WriteAlarmCounter  stm32f1xx_hal_rtc.o
    0x08011b56   0x08011b56   0x00000028   Code   RO         2592    i.RTC_WriteTimeCounter  stm32f1xx_hal_rtc.o
    0x08011b7e   0x08011b7e   0x00000024   Code   RO         2838    i.SDIO_ConfigData   stm32f1xx_ll_sdmmc.o
    0x08011ba2   0x08011ba2   0x00000008   Code   RO         2842    i.SDIO_GetPowerState  stm32f1xx_ll_sdmmc.o
    0x08011baa   0x08011baa   0x00000006   Code   RO         2843    i.SDIO_GetResponse  stm32f1xx_ll_sdmmc.o
    0x08011bb0   0x08011bb0   0x0000000c   Code   RO          731    i.SDIO_IRQHandler   stm32f1xx_it.o
    0x08011bbc   0x08011bbc   0x00000024   Code   RO         2844    i.SDIO_Init         stm32f1xx_ll_sdmmc.o
    0x08011be0   0x08011be0   0x00000010   Code   RO         2846    i.SDIO_PowerState_ON  stm32f1xx_ll_sdmmc.o
    0x08011bf0   0x08011bf0   0x00000006   Code   RO         2847    i.SDIO_ReadFIFO     stm32f1xx_ll_sdmmc.o
    0x08011bf6   0x08011bf6   0x00000020   Code   RO         2848    i.SDIO_SendCommand  stm32f1xx_ll_sdmmc.o
    0x08011c16   0x08011c16   0x0000000a   Code   RO         2850    i.SDIO_WriteFIFO    stm32f1xx_ll_sdmmc.o
    0x08011c20   0x08011c20   0x00000032   Code   RO         2851    i.SDMMC_CmdAppCommand  stm32f1xx_ll_sdmmc.o
    0x08011c52   0x08011c52   0x00000002   PAD
    0x08011c54   0x08011c54   0x00000034   Code   RO         2852    i.SDMMC_CmdAppOperCommand  stm32f1xx_ll_sdmmc.o
    0x08011c88   0x08011c88   0x00000032   Code   RO         2853    i.SDMMC_CmdBlockLength  stm32f1xx_ll_sdmmc.o
    0x08011cba   0x08011cba   0x00000032   Code   RO         2854    i.SDMMC_CmdBusWidth  stm32f1xx_ll_sdmmc.o
    0x08011cec   0x08011cec   0x00000050   Code   RO         2858    i.SDMMC_CmdGoIdleState  stm32f1xx_ll_sdmmc.o
    0x08011d3c   0x08011d3c   0x00000074   Code   RO         2860    i.SDMMC_CmdOperCond  stm32f1xx_ll_sdmmc.o
    0x08011db0   0x08011db0   0x00000032   Code   RO         2861    i.SDMMC_CmdReadMultiBlock  stm32f1xx_ll_sdmmc.o
    0x08011de2   0x08011de2   0x00000032   Code   RO         2862    i.SDMMC_CmdReadSingleBlock  stm32f1xx_ll_sdmmc.o
    0x08011e14   0x08011e14   0x00000032   Code   RO         2865    i.SDMMC_CmdSelDesel  stm32f1xx_ll_sdmmc.o
    0x08011e46   0x08011e46   0x0000002c   Code   RO         2866    i.SDMMC_CmdSendCID  stm32f1xx_ll_sdmmc.o
    0x08011e72   0x08011e72   0x0000002c   Code   RO         2867    i.SDMMC_CmdSendCSD  stm32f1xx_ll_sdmmc.o
    0x08011e9e   0x08011e9e   0x00000030   Code   RO         2869    i.SDMMC_CmdSendSCR  stm32f1xx_ll_sdmmc.o
    0x08011ece   0x08011ece   0x00000032   Code   RO         2870    i.SDMMC_CmdSendStatus  stm32f1xx_ll_sdmmc.o
    0x08011f00   0x08011f00   0x00000030   Code   RO         2871    i.SDMMC_CmdSetRelAdd  stm32f1xx_ll_sdmmc.o
    0x08011f30   0x08011f30   0x00000034   Code   RO         2873    i.SDMMC_CmdStopTransfer  stm32f1xx_ll_sdmmc.o
    0x08011f64   0x08011f64   0x00000032   Code   RO         2875    i.SDMMC_CmdWriteMultiBlock  stm32f1xx_ll_sdmmc.o
    0x08011f96   0x08011f96   0x00000032   Code   RO         2876    i.SDMMC_CmdWriteSingleBlock  stm32f1xx_ll_sdmmc.o
    0x08011fc8   0x08011fc8   0x00000120   Code   RO         2877    i.SDMMC_GetCmdResp1  stm32f1xx_ll_sdmmc.o
    0x080120e8   0x080120e8   0x00000050   Code   RO         2878    i.SDMMC_GetCmdResp2  stm32f1xx_ll_sdmmc.o
    0x08012138   0x08012138   0x00000044   Code   RO         2879    i.SDMMC_GetCmdResp3  stm32f1xx_ll_sdmmc.o
    0x0801217c   0x0801217c   0x00000088   Code   RO         2880    i.SDMMC_GetCmdResp6  stm32f1xx_ll_sdmmc.o
    0x08012204   0x08012204   0x00000044   Code   RO         3137    i.SD_DMARxAbort     stm32f1xx_hal_sd.o
    0x08012248   0x08012248   0x00000044   Code   RO         3139    i.SD_DMATxAbort     stm32f1xx_hal_sd.o
    0x0801228c   0x0801228c   0x000000da   Code   RO         3140    i.SD_FindSCR        stm32f1xx_hal_sd.o
    0x08012366   0x08012366   0x000000ee   Code   RO         3141    i.SD_InitCard       stm32f1xx_hal_sd.o
    0x08012454   0x08012454   0x000000b4   Code   RO         3142    i.SD_PowerON        stm32f1xx_hal_sd.o
    0x08012508   0x08012508   0x00000020   Code   RO         4538    i.SD_initialize     sd_diskio.o
    0x08012528   0x08012528   0x00000050   Code   RO         4539    i.SD_ioctl          sd_diskio.o
    0x08012578   0x08012578   0x0000003c   Code   RO         4540    i.SD_read           sd_diskio.o
    0x080125b4   0x080125b4   0x00000020   Code   RO         4541    i.SD_status         sd_diskio.o
    0x080125d4   0x080125d4   0x0000003c   Code   RO         4542    i.SD_write          sd_diskio.o
    0x08012610   0x08012610   0x0000000c   Code   RO          732    i.SPI1_IRQHandler   stm32f1xx_it.o
    0x0801261c   0x0801261c   0x00000010   Code   RO         3371    i.SPI_DMAAbortOnError  stm32f1xx_hal_spi.o
    0x0801262c   0x0801262c   0x00000022   Code   RO         3372    i.SPI_DMAError      stm32f1xx_hal_spi.o
    0x0801264e   0x0801264e   0x0000000a   Code   RO         3373    i.SPI_DMAHalfReceiveCplt  stm32f1xx_hal_spi.o
    0x08012658   0x08012658   0x0000000a   Code   RO         3374    i.SPI_DMAHalfTransmitCplt  stm32f1xx_hal_spi.o
    0x08012662   0x08012662   0x0000000a   Code   RO         3375    i.SPI_DMAHalfTransmitReceiveCplt  stm32f1xx_hal_spi.o
    0x0801266c   0x0801266c   0x0000006a   Code   RO         3376    i.SPI_DMAReceiveCplt  stm32f1xx_hal_spi.o
    0x080126d6   0x080126d6   0x00000064   Code   RO         3378    i.SPI_DMATransmitCplt  stm32f1xx_hal_spi.o
    0x0801273a   0x0801273a   0x0000005a   Code   RO         3379    i.SPI_DMATransmitReceiveCplt  stm32f1xx_hal_spi.o
    0x08012794   0x08012794   0x0000005c   Code   RO         3381    i.SPI_EndRxTransaction  stm32f1xx_hal_spi.o
    0x080127f0   0x080127f0   0x00000020   Code   RO         3382    i.SPI_EndRxTxTransaction  stm32f1xx_hal_spi.o
    0x08012810   0x08012810   0x000000b8   Code   RO         3387    i.SPI_WaitFlagStateUntilTimeout  stm32f1xx_hal_spi.o
    0x080128c8   0x080128c8   0x00000002   Code   RO          733    i.SVC_Handler       stm32f1xx_it.o
    0x080128ca   0x080128ca   0x00000004   Code   RO          734    i.SysTick_Handler   stm32f1xx_it.o
    0x080128ce   0x080128ce   0x00000084   Code   RO          497    i.SystemClock_Config  main.o
    0x08012952   0x08012952   0x00000002   PAD
    0x08012954   0x08012954   0x00000010   Code   RO         4049    i.SystemInit        system_stm32f1xx.o
    0x08012964   0x08012964   0x00000010   Code   RO         3733    i.UART_DMAAbortOnError  stm32f1xx_hal_uart.o
    0x08012974   0x08012974   0x0000004a   Code   RO         3734    i.UART_DMAError     stm32f1xx_hal_uart.o
    0x080129be   0x080129be   0x0000005a   Code   RO         3735    i.UART_DMAReceiveCplt  stm32f1xx_hal_uart.o
    0x08012a18   0x08012a18   0x0000001a   Code   RO         3737    i.UART_DMARxHalfCplt  stm32f1xx_hal_uart.o
    0x08012a32   0x08012a32   0x0000002e   Code   RO         3739    i.UART_DMATransmitCplt  stm32f1xx_hal_uart.o
    0x08012a60   0x08012a60   0x0000000a   Code   RO         3741    i.UART_DMATxHalfCplt  stm32f1xx_hal_uart.o
    0x08012a6a   0x08012a6a   0x00000030   Code   RO         3743    i.UART_EndRxTransfer  stm32f1xx_hal_uart.o
    0x08012a9a   0x08012a9a   0x00000012   Code   RO         3744    i.UART_EndTxTransfer  stm32f1xx_hal_uart.o
    0x08012aac   0x08012aac   0x000000b6   Code   RO         3745    i.UART_Receive_IT   stm32f1xx_hal_uart.o
    0x08012b62   0x08012b62   0x00000002   PAD
    0x08012b64   0x08012b64   0x000000b8   Code   RO         3746    i.UART_SetConfig    stm32f1xx_hal_uart.o
    0x08012c1c   0x08012c1c   0x00000070   Code   RO         3747    i.UART_Start_Receive_DMA  stm32f1xx_hal_uart.o
    0x08012c8c   0x08012c8c   0x0000000c   Code   RO          735    i.USART2_IRQHandler  stm32f1xx_it.o
    0x08012c98   0x08012c98   0x00000002   Code   RO          736    i.UsageFault_Handler  stm32f1xx_it.o
    0x08012c9a   0x08012c9a   0x00000020   Code   RO         1617    i.__NVIC_SetPriority  stm32f1xx_hal_cortex.o
    0x08012cba   0x08012cba   0x0000000e   Code   RO         4800    i._is_digit         c_w.l(__printf_wp.o)
    0x08012cc8   0x08012cc8   0x00000018   Code   RO         4595    i._sys_close        retarget_io.o
    0x08012ce0   0x08012ce0   0x0000000c   Code   RO         4596    i._sys_flen         retarget_io.o
    0x08012cec   0x08012cec   0x00000018   Code   RO         4597    i._sys_istty        retarget_io.o
    0x08012d04   0x08012d04   0x0000005c   Code   RO         4598    i._sys_open         retarget_io.o
    0x08012d60   0x08012d60   0x00000006   Code   RO         4600    i._sys_seek         retarget_io.o
    0x08012d66   0x08012d66   0x0000003c   Code   RO         4601    i._sys_write        retarget_io.o
    0x08012da2   0x08012da2   0x00000002   PAD
    0x08012da4   0x08012da4   0x00000078   Code   RO         4141    i.check_fs          ff.o
    0x08012e1c   0x08012e1c   0x00000068   Code   RO         4142    i.chk_lock          ff.o
    0x08012e84   0x08012e84   0x00000024   Code   RO         4143    i.clear_lock        ff.o
    0x08012ea8   0x08012ea8   0x0000002e   Code   RO         4144    i.clmt_clust        ff.o
    0x08012ed6   0x08012ed6   0x00000002   PAD
    0x08012ed8   0x08012ed8   0x00000018   Code   RO          498    i.close_File        main.o
    0x08012ef0   0x08012ef0   0x0000001c   Code   RO         4145    i.clust2sect        ff.o
    0x08012f0c   0x08012f0c   0x000000a4   Code   RO         4146    i.create_chain      ff.o
    0x08012fb0   0x08012fb0   0x00000100   Code   RO         4147    i.create_name       ff.o
    0x080130b0   0x080130b0   0x0000003c   Code   RO         4148    i.dec_lock          ff.o
    0x080130ec   0x080130ec   0x00000036   Code   RO          299    i.dictAddItem       list.o
    0x08013122   0x08013122   0x00000006   Code   RO          300    i.dictAlloc         list.o
    0x08013128   0x08013128   0x00000046   Code   RO          301    i.dictDelItem       list.o
    0x0801316e   0x0801316e   0x00000020   Code   RO          302    i.dictGetItem       list.o
    0x0801318e   0x0801318e   0x00000002   PAD
    0x08013190   0x08013190   0x0000011c   Code   RO         4149    i.dir_next          ff.o
    0x080132ac   0x080132ac   0x00000070   Code   RO         4151    i.dir_register      ff.o
    0x0801331c   0x0801331c   0x0000009a   Code   RO         4153    i.dir_sdi           ff.o
    0x080133b6   0x080133b6   0x00000002   PAD
    0x080133b8   0x080133b8   0x00000028   Code   RO         4086    i.disk_initialize   diskio.o
    0x080133e0   0x080133e0   0x0000001c   Code   RO         4087    i.disk_ioctl        diskio.o
    0x080133fc   0x080133fc   0x0000001c   Code   RO         4088    i.disk_read         diskio.o
    0x08013418   0x08013418   0x00000018   Code   RO         4089    i.disk_status       diskio.o
    0x08013430   0x08013430   0x0000001c   Code   RO         4090    i.disk_write        diskio.o
    0x0801344c   0x0801344c   0x0000002a   Code   RO         4155    i.f_close           ff.o
    0x08013476   0x08013476   0x00000048   Code   RO         4158    i.f_gets            ff.o
    0x080134be   0x080134be   0x00000002   PAD
    0x080134c0   0x080134c0   0x00000064   Code   RO         4162    i.f_mount           ff.o
    0x08013524   0x08013524   0x000001f8   Code   RO         4163    i.f_open            ff.o
    0x0801371c   0x0801371c   0x0000018e   Code   RO         4168    i.f_read            ff.o
    0x080138aa   0x080138aa   0x000000a2   Code   RO         4172    i.f_sync            ff.o
    0x0801394c   0x0801394c   0x000002dc   Code   RO         4177    i.find_volume       ff.o
    0x08013c28   0x08013c28   0x000000b8   Code   RO         4178    i.follow_path       ff.o
    0x08013ce0   0x08013ce0   0x0000001a   Code   RO         4978    i.fputc             c_w.l(fputc.o)
    0x08013cfa   0x08013cfa   0x000000f0   Code   RO         4179    i.get_fat           ff.o
    0x08013dea   0x08013dea   0x00000004   Code   RO         1056    i.get_fattime       fatfs.o
    0x08013dee   0x08013dee   0x0000003c   Code   RO         4181    i.get_ldnumber      ff.o
    0x08013e2a   0x08013e2a   0x00000002   PAD
    0x08013e2c   0x08013e2c   0x00000018   Code   RO          502    i.gets_File         main.o
    0x08013e44   0x08013e44   0x00000098   Code   RO         4182    i.inc_lock          ff.o
    0x08013edc   0x08013edc   0x00000022   Code   RO          433    i.lcd_clear         lcd.o
    0x08013efe   0x08013efe   0x00000078   Code   RO          434    i.lcd_init          lcd.o
    0x08013f76   0x08013f76   0x00000018   Code   RO          435    i.lcd_put_cur       lcd.o
    0x08013f8e   0x08013f8e   0x00000002   PAD
    0x08013f90   0x08013f90   0x00000040   Code   RO          436    i.lcd_send_cmd      lcd.o
    0x08013fd0   0x08013fd0   0x00000040   Code   RO          437    i.lcd_send_data     lcd.o
    0x08014010   0x08014010   0x00000014   Code   RO          438    i.lcd_send_string   lcd.o
    0x08014024   0x08014024   0x00000016   Code   RO         4183    i.ld_clust          ff.o
    0x0801403a   0x0801403a   0x00000002   PAD
    0x0801403c   0x0801403c   0x000001ac   Code   RO          504    i.main              main.o
    0x080141e8   0x080141e8   0x00000012   Code   RO         4184    i.mem_cpy           ff.o
    0x080141fa   0x080141fa   0x0000000e   Code   RO         4185    i.mem_set           ff.o
    0x08014208   0x08014208   0x00000014   Code   RO          505    i.mount_SD          main.o
    0x0801421c   0x0801421c   0x00000038   Code   RO         4186    i.move_window       ff.o
    0x08014254   0x08014254   0x00000038   Code   RO           31    i.newLoRa           lora.o
    0x0801428c   0x0801428c   0x00000148   Code   RO          506    i.ntptotime         main.o
    0x080143d4   0x080143d4   0x0000001c   Code   RO          507    i.open_File         main.o
    0x080143f0   0x080143f0   0x0000011c   Code   RO         4187    i.put_fat           ff.o
    0x0801450c   0x0801450c   0x00000066   Code   RO         4189    i.remove_chain      ff.o
    0x08014572   0x08014572   0x00000002   PAD
    0x08014574   0x08014574   0x00000038   Code   RO          351    i.simreset          sim.o
    0x080145ac   0x080145ac   0x000000e0   Code   RO          352    i.simsend           sim.o
    0x0801468c   0x0801468c   0x000007b8   Code   RO          353    i.simstart          sim.o
    0x08014e44   0x08014e44   0x000001b4   Code   RO          355    i.srevercon_udp     sim.o
    0x08014ff8   0x08014ff8   0x00000010   Code   RO         4190    i.st_clust          ff.o
    0x08015008   0x08015008   0x0000000c   Code   RO          244    i.struct_get_endian  struct.o
    0x08015014   0x08015014   0x00000014   Code   RO          245    i.struct_unpack     struct.o
    0x08015028   0x08015028   0x000000a8   Code   RO         4191    i.sync_fs           ff.o
    0x080150d0   0x080150d0   0x00000052   Code   RO         4192    i.sync_window       ff.o
    0x08015122   0x08015122   0x00000002   PAD
    0x08015124   0x08015124   0x0000001c   Code   RO          356    i.uart_sendstring_device  sim.o
    0x08015140   0x08015140   0x00000006   Code   RO          357    i.uart_sendstring_pc  sim.o
    0x08015146   0x08015146   0x00000002   PAD
    0x08015148   0x08015148   0x0000003c   Code   RO          358    i.uartflush         sim.o
    0x08015184   0x08015184   0x00000060   Code   RO          246    i.unpack_int32_t    struct.o
    0x080151e4   0x080151e4   0x00000074   Code   RO          247    i.unpack_va_list    struct.o
    0x08015258   0x08015258   0x0000002a   Code   RO         4193    i.validate          ff.o
    0x08015282   0x08015282   0x00000002   PAD
    0x08015284   0x08015284   0x00000024   Code   RO          359    i.waitfor           sim.o
    0x080152a8   0x080152a8   0x0000002c   Code   RO         4896    locale$$code        c_w.l(lc_ctype_c.o)
    0x080152d4   0x080152d4   0x00000010   Data   RO         4050    .constdata          system_stm32f1xx.o
    0x080152e4   0x080152e4   0x00000008   Data   RO         4051    .constdata          system_stm32f1xx.o
    0x080152ec   0x080152ec   0x000000ac   Data   RO         4195    .constdata          ff.o
    0x08015398   0x08015398   0x00000014   Data   RO         4543    .constdata          sd_diskio.o
    0x080153ac   0x080153ac   0x00000007   Data   RO         4602    .constdata          retarget_io.o
    0x080153b3   0x080153b3   0x00000008   Data   RO         4603    .constdata          retarget_io.o
    0x080153bb   0x080153bb   0x00000008   Data   RO         4604    .constdata          retarget_io.o
    0x080153c3   0x080153c3   0x00000001   PAD
    0x080153c4   0x080153c4   0x00000008   Data   RO         4761    .constdata          c_w.l(_printf_wctomb.o)
    0x080153cc   0x080153cc   0x00000028   Data   RO         4773    .constdata          c_w.l(_printf_hex_int.o)
    0x080153f4   0x080153f4   0x00000011   Data   RO         4808    .constdata          c_w.l(__printf_flags_ss_wp.o)
    0x08015405   0x08015405   0x00000003   PAD
    0x08015408   0x08015408   0x00000020   Data   RO         5131    Region$$Table       anon$$obj.o
    0x08015428   0x08015428   0x00000110   Data   RO         4895    locale$$data        c_w.l(lc_ctype_c.o)


    Execution Region RW_IRAM1 (Exec base: 0x20000000, Load base: 0x08015538, Size: 0x00005e50, Max: 0x00010000, ABSOLUTE)

    Exec Addr    Load Addr    Size         Type   Attr      Idx    E Section Name        Object

    0x20000000   0x08015538   0x00000004   Data   RW          248    .data               struct.o
    0x20000004   0x0801553c   0x00000004   Data   RW          360    .data               sim.o
    0x20000008   0x08015540   0x00000020   Data   RW          519    .data               main.o
    0x20000028   0x08015560   0x00000005   Data   RW         1059    .data               fatfs.o
    0x2000002d   0x08015565   0x00000003   PAD
    0x20000030   0x08015568   0x0000000c   Data   RW         1154    .data               stm32f1xx_hal.o
    0x2000003c   0x08015574   0x00000004   Data   RW         4052    .data               system_stm32f1xx.o
    0x20000040   0x08015578   0x00000008   Data   RW         4196    .data               ff.o
    0x20000048   0x08015580   0x00000001   Data   RW         4544    .data               sd_diskio.o
    0x20000049   0x08015581   0x00000003   PAD
    0x2000004c   0x08015584   0x00000004   Data   RW         4890    .data               c_w.l(stdio_streams.o)
    0x20000050   0x08015588   0x00000004   Data   RW         4891    .data               c_w.l(stdio_streams.o)
    0x20000054   0x0801558c   0x00000004   Data   RW         4892    .data               c_w.l(stdio_streams.o)
    0x20000058        -       0x00003b24   Zero   RW          513    .bss                main.o
    0x20003b7c        -       0x00000044   Zero   RW          514    .bss                main.o
    0x20003bc0        -       0x00000044   Zero   RW          515    .bss                main.o
    0x20003c04        -       0x00000044   Zero   RW          516    .bss                main.o
    0x20003c48        -       0x00000044   Zero   RW          517    .bss                main.o
    0x20003c8c        -       0x00000064   Zero   RW          518    .bss                main.o
    0x20003cf0        -       0x00000018   Zero   RW         4194    .bss                ff.o
    0x20003d08        -       0x0000000c   Zero   RW         4462    .bss                ff_gen_drv.o
    0x20003d14        -       0x00000054   Zero   RW         4887    .bss                c_w.l(stdio_streams.o)
    0x20003d68        -       0x00000054   Zero   RW         4888    .bss                c_w.l(stdio_streams.o)
    0x20003dbc        -       0x00000054   Zero   RW         4889    .bss                c_w.l(stdio_streams.o)
    0x20003e10        -       0x00000060   Zero   RW         4948    .bss                c_w.l(libspace.o)
    0x20003e70        -       0x00000ff0   Zero   RW            2    HEAP                startup_stm32f103xe.o
    0x20004e60        -       0x00000ff0   Zero   RW            1    STACK               startup_stm32f103xe.o


==============================================================================

Image component sizes


      Code (inc. data)   RO Data    RW Data    ZI Data      Debug   Object Name

       192         26          0          0          0       6519   bsp_driver_sd.o
       148         22          0          0          0       3933   diskio.o
        32         10          0          5          0       1424   fatfs.o
      4814         68        172          8         24      34414   ff.o
        70          4          0          0         12       1675   ff_gen_drv.o
       326         12          0          0          0       3432   lcd.o
       162          0          0          0          0       3006   list.o
      1128          0          0          0          0     510907   lora.o
      3532        760          0         32      15512      20572   main.o
       254         28         23          0          0       5978   retarget_io.o
       264         34         20          1          0       4708   sd_diskio.o
      2822       1358          0          4          0       5432   sim.o
        64         26        304          0       8160        796   startup_stm32f103xe.o
       164         28          0         12          0       6889   stm32f1xx_hal.o
       198         14          0          0          0      29447   stm32f1xx_hal_cortex.o
      1236         52          0          0          0       5506   stm32f1xx_hal_dma.o
       554         48          0          0          0       4400   stm32f1xx_hal_gpio.o
      1300         32          0          0          0       9409   stm32f1xx_hal_i2c.o
       102          0          0          0          0       2035   stm32f1xx_hal_iwdg.o
       860        106          0          0          0       4608   stm32f1xx_hal_msp.o
        12          4          0          0          0        559   stm32f1xx_hal_pwr.o
      1318        110          0          0          0       7251   stm32f1xx_hal_rcc.o
       452         50          0          0          0       2765   stm32f1xx_hal_rcc_ex.o
      1412         14          0          0          0      13572   stm32f1xx_hal_rtc.o
      3116         42          0          0          0      16127   stm32f1xx_hal_sd.o
      1858         58          0          0          0      17960   stm32f1xx_hal_spi.o
      1640         38          0          0          0      15103   stm32f1xx_hal_uart.o
       126         48          0          0          0       7588   stm32f1xx_it.o
      1656         46          0          0          0      23571   stm32f1xx_ll_sdmmc.o
       244         10          0          4          0       6816   struct.o
        16          8         24          4          0       1223   system_stm32f1xx.o

    ----------------------------------------------------------------------
     30136       3056        576         76      23708     777625   Object Totals
         0          0         32          0          0          0   (incl. Generated)
        64          0          1          6          0          0   (incl. Padding)

    ----------------------------------------------------------------------

      Code (inc. data)   RO Data    RW Data    ZI Data      Debug   Library Member Name

         8          0          0          0          0         68   __main.o
       392          4         17          0          0         92   __printf_flags_ss_wp.o
        14          0          0          0          0         68   __printf_wp.o
         0          0          0          0          0          0   __rtentry.o
        12          0          0          0          0          0   __rtentry2.o
         6          0          0          0          0          0   __rtentry4.o
        52          8          0          0          0          0   __scatter.o
        26          0          0          0          0          0   __scatter_copy.o
        28          0          0          0          0          0   __scatter_zi.o
         6          0          0          0          0          0   _printf_c.o
        44          0          0          0          0        108   _printf_char.o
        48          6          0          0          0         96   _printf_char_common.o
        36          4          0          0          0         80   _printf_char_file.o
         6          0          0          0          0          0   _printf_d.o
       120         16          0          0          0         92   _printf_dec.o
        88          4         40          0          0         88   _printf_hex_int.o
         6          0          0          0          0          0   _printf_i.o
       178          0          0          0          0         88   _printf_intcommon.o
        10          0          0          0          0          0   _printf_l.o
         6          0          0          0          0          0   _printf_lc.o
         6          0          0          0          0          0   _printf_o.o
        80          8          0          0          0         88   _printf_oct_int.o
        78          0          0          0          0        108   _printf_pad.o
         0          0          0          0          0          0   _printf_percent.o
         4          0          0          0          0          0   _printf_percent_end.o
        82          0          0          0          0         80   _printf_str.o
        36          0          0          0          0         84   _printf_truncate.o
         6          0          0          0          0          0   _printf_u.o
        44          0          0          0          0        108   _printf_wchar.o
       188          6          8          0          0         92   _printf_wctomb.o
         6          0          0          0          0          0   _printf_x.o
        10          0          0          0          0         68   _sputc.o
        64          0          0          0          0         92   _wcrtomb.o
        10          0          0          0          0         68   defsig_exit.o
        50          0          0          0          0         88   defsig_general.o
        80         58          0          0          0         76   defsig_rtmem_inner.o
        14          0          0          0          0         80   defsig_rtmem_outer.o
        52         38          0          0          0         76   defsig_rtred_inner.o
        14          0          0          0          0         80   defsig_rtred_outer.o
        18          0          0          0          0         80   exit.o
        76          0          0          0          0         88   fclose.o
         8          0          0          0          0         68   ferror.o
       470          0          0          0          0         88   flsbuf.o
       236          4          0          0          0        128   fopen.o
        26          0          0          0          0         68   fputc.o
       248          6          0          0          0         84   fseek.o
        66          0          0          0          0         76   ftell.o
        94          0          0          0          0         80   h1_alloc.o
        52          0          0          0          0         68   h1_extend.o
        78          0          0          0          0         80   h1_free.o
        14          0          0          0          0         84   h1_init.o
         6          0          0          0          0        152   heapauxi.o
         4          0          0          0          0        136   hguard.o
         0          0          0          0          0          0   indicate_semi.o
       138          0          0          0          0        168   init_alloc.o
       312         46          0          0          0        112   initio.o
        44         10        272          0          0         76   lc_ctype_c.o
         2          0          0          0          0          0   libinit.o
        32          0          0          0          0          0   libinit2.o
         2          0          0          0          0          0   libshutdown.o
         6          0          0          0          0          0   libshutdown2.o
         8          4          0          0         96         68   libspace.o
         0          0          0          0          0          0   maybetermalloc1.o
        24          4          0          0          0         84   noretval__2printf.o
        40          6          0          0          0         84   noretval__2sprintf.o
        16          4          0          0          0         76   rt_ctype_table.o
         8          4          0          0          0         68   rt_errno_addr_intlibspace.o
         8          4          0          0          0         68   rt_heap_descriptor_intlibspace.o
         8          4          0          0          0         68   rt_locale_intlibspace.o
        68          0          0          0          0         68   rt_memclr.o
        78          0          0          0          0         80   rt_memclr_w.o
       138          0          0          0          0         68   rt_memcpy_v6.o
       100          0          0          0          0         80   rt_memcpy_w.o
         2          0          0          0          0          0   rtexit.o
        10          0          0          0          0          0   rtexit2.o
        70          0          0          0          0         80   setvbuf.o
       240          6          0          0          0        156   stdio.o
         0          0          0         12        252          0   stdio_streams.o
        24          0          0          0          0         68   strcat.o
       128          0          0          0          0         68   strcmpv7m.o
        72          0          0          0          0         80   strcpy.o
        62          0          0          0          0         76   strlen.o
        36          0          0          0          0         80   strstr.o
        12          4          0          0          0         68   sys_exit.o
        74          0          0          0          0         80   sys_stackheap_outer.o
        14          0          0          0          0         76   sys_wrch.o
         2          0          0          0          0         68   use_no_semi.o

    ----------------------------------------------------------------------
      5100        258        340         12        348       5316   Library Totals
        16          0          3          0          0          0   (incl. Padding)

    ----------------------------------------------------------------------

      Code (inc. data)   RO Data    RW Data    ZI Data      Debug   Library Name

      5084        258        337         12        348       5316   c_w.l

    ----------------------------------------------------------------------
      5100        258        340         12        348       5316   Library Totals

    ----------------------------------------------------------------------

==============================================================================


      Code (inc. data)   RO Data    RW Data    ZI Data      Debug   

     35236       3314        916         88      24056     765049   Grand Totals
     35236       3314        916         88      24056     765049   ELF Image Totals
     35236       3314        916         88          0          0   ROM Totals

==============================================================================

    Total RO  Size (Code + RO Data)                36152 (  35.30kB)
    Total RW  Size (RW Data + ZI Data)             24144 (  23.58kB)
    Total ROM Size (Code + RO Data + RW Data)      36240 (  35.39kB)

==============================================================================

